=== 08:19:36 hotset for rung 131072
=== 08:31:07 sharding
[shard] <HOME>/00_sparse_attn/01_github/sparse_attn_cpu/docs/glm_sweep/runs/glm5_ruler_niah_single_2_131072_s00: 20 entries
[shard] <HOME>/00_sparse_attn/01_github/sparse_attn_cpu/docs/glm_sweep/runs/glm5_ruler_niah_single_2_131072_s01: 20 entries
[shard] <HOME>/00_sparse_attn/01_github/sparse_attn_cpu/docs/glm_sweep/runs/glm5_ruler_niah_single_2_131072_s02: 20 entries
[shard] <HOME>/00_sparse_attn/01_github/sparse_attn_cpu/docs/glm_sweep/runs/glm5_ruler_niah_single_2_131072_s03: 20 entries
[shard] <HOME>/00_sparse_attn/01_github/sparse_attn_cpu/docs/glm_sweep/runs/glm5_ruler_qa_1_131072_s00: 20 entries
[shard] <HOME>/00_sparse_attn/01_github/sparse_attn_cpu/docs/glm_sweep/runs/glm5_ruler_qa_1_131072_s01: 20 entries
[shard] <HOME>/00_sparse_attn/01_github/sparse_attn_cpu/docs/glm_sweep/runs/glm5_ruler_qa_1_131072_s02: 20 entries
[shard] <HOME>/00_sparse_attn/01_github/sparse_attn_cpu/docs/glm_sweep/runs/glm5_ruler_qa_1_131072_s03: 20 entries
[shard] <HOME>/00_sparse_attn/01_github/sparse_attn_cpu/docs/glm_sweep/runs/glm5_lb2_single-document_131072_s00: 20 entries
[shard] <HOME>/00_sparse_attn/01_github/sparse_attn_cpu/docs/glm_sweep/runs/glm5_lb2_code_131072_s01: 20 entries
[shard] <HOME>/00_sparse_attn/01_github/sparse_attn_cpu/docs/glm_sweep/runs/glm5_lb2_long_131072_s02: 20 entries
[shard] <HOME>/00_sparse_attn/01_github/sparse_attn_cpu/docs/glm_sweep/runs/glm5_lb2_long_131072_s03: 20 entries
[shard] <HOME>/00_sparse_attn/01_github/sparse_attn_cpu/docs/glm_sweep/runs/glm5_ib_passkey_131072_s00: 20 entries
[shard] <HOME>/00_sparse_attn/01_github/sparse_attn_cpu/docs/glm_sweep/runs/glm5_ib_number_string_131072_s00: 20 entries
[shard] <HOME>/00_sparse_attn/01_github/sparse_attn_cpu/docs/glm_sweep/runs/glm5_ib_longbook_choice_eng_131072_s00: 20 entries
[shard] <HOME>/00_sparse_attn/01_github/sparse_attn_cpu/docs/glm_sweep/runs/glm5_ib_longbook_qa_eng_131072_s00: 20 entries
[shard] <HOME>/00_sparse_attn/01_github/sparse_attn_cpu/docs/glm_sweep/runs/glm5_ib_longbook_qa_eng_131072_ld00: 29 entries
[shard] <HOME>/00_sparse_attn/01_github/sparse_attn_cpu/docs/glm_sweep/runs/glm5_ib_longbook_qa_eng_131072_ld01: 29 entries
[shard] <HOME>/00_sparse_attn/01_github/sparse_attn_cpu/docs/glm_sweep/runs/glm5_ib_longbook_sum_eng_131072_ld00: 29 entries
[shard] <HOME>/00_sparse_attn/01_github/sparse_attn_cpu/docs/glm_sweep/runs/glm5_ib_longbook_sum_eng_131072_ld01: 29 entries
[shard] <HOME>/00_sparse_attn/01_github/sparse_attn_cpu/docs/glm_sweep/runs/glm5_ib_longbook_sum_eng_131072_ld02: 29 entries
[shard] <HOME>/00_sparse_attn/01_github/sparse_attn_cpu/docs/glm_sweep/runs/glm5_ib_longbook_sum_eng_131072_ld03: 28 entries
[shard] <HOME>/00_sparse_attn/01_github/sparse_attn_cpu/docs/glm_sweep/runs/glm5_ib_longbook_sum_eng_131072_ld04: 30 entries
[shard] <HOME>/00_sparse_attn/01_github/sparse_attn_cpu/docs/glm_sweep/runs/glm5_ib_longbook_sum_eng_131072_ld05: 29 entries
=== 08:44:40 aggregate
wrote <HOME>/00_sparse_attn/01_github/sparse_attn_cpu/docs/glm_sweep/R1_kv_locality.csv: 135 runs + 15 aggregates
wrote <HOME>/00_sparse_attn/01_github/sparse_attn_cpu/docs/glm_sweep/R2_moe_locality.csv: 135 runs + 15 aggregates
wrote <HOME>/00_sparse_attn/01_github/sparse_attn_cpu/docs/glm_sweep/R3_hotset_coverage.csv: 135 runs + 15 aggregates
rung   8192: n=n=28 adj_overlap=0.849 lift=2.56 recency=0.467
rung  16384: n=n=28 adj_overlap=0.791 lift=5.26 recency=0.365
rung  32768: n=n=28 adj_overlap=0.753 lift=10.17 recency=0.312
rung  65536: n=n=27 adj_overlap=0.730 lift=21.55 recency=0.292
rung 131072: n=n=24 adj_overlap=0.715 lift=41.18 recency=0.291
FINISH_RUNG_DONE
