=== 06:31:07 hotset for rung 65536
=== 06:45:12 sharding
[shard] <HOME>/00_sparse_attn/01_github/sparse_attn_cpu/docs/glm_sweep/runs/glm52_ruler_niah_single_2_65536_s00: 20 entries
[shard] <HOME>/00_sparse_attn/01_github/sparse_attn_cpu/docs/glm_sweep/runs/glm52_ruler_niah_single_2_65536_s01: 20 entries
[shard] <HOME>/00_sparse_attn/01_github/sparse_attn_cpu/docs/glm_sweep/runs/glm52_ruler_niah_single_2_65536_s02: 20 entries
[shard] <HOME>/00_sparse_attn/01_github/sparse_attn_cpu/docs/glm_sweep/runs/glm52_ruler_niah_single_2_65536_s03: 20 entries
[shard] <HOME>/00_sparse_attn/01_github/sparse_attn_cpu/docs/glm_sweep/runs/glm52_ruler_qa_1_65536_s00: 20 entries
[shard] <HOME>/00_sparse_attn/01_github/sparse_attn_cpu/docs/glm_sweep/runs/glm52_ruler_qa_1_65536_s01: 20 entries
[shard] <HOME>/00_sparse_attn/01_github/sparse_attn_cpu/docs/glm_sweep/runs/glm52_ruler_qa_1_65536_s02: 20 entries
[shard] <HOME>/00_sparse_attn/01_github/sparse_attn_cpu/docs/glm_sweep/runs/glm52_ruler_qa_1_65536_s03: 20 entries
[shard] <HOME>/00_sparse_attn/01_github/sparse_attn_cpu/docs/glm_sweep/runs/glm52_lb1_gov_report_65536_s00: 20 entries
[shard] <HOME>/00_sparse_attn/01_github/sparse_attn_cpu/docs/glm_sweep/runs/glm52_lb1_gov_report_65536_s01: 20 entries
[shard] <HOME>/00_sparse_attn/01_github/sparse_attn_cpu/docs/glm_sweep/runs/glm52_lb1_gov_report_65536_s02: 20 entries
[shard] <HOME>/00_sparse_attn/01_github/sparse_attn_cpu/docs/glm_sweep/runs/glm52_lb2_single-document_65536_s00: 20 entries
[shard] <HOME>/00_sparse_attn/01_github/sparse_attn_cpu/docs/glm_sweep/runs/glm52_lb2_long-dialogue_65536_s01: 20 entries
[shard] <HOME>/00_sparse_attn/01_github/sparse_attn_cpu/docs/glm_sweep/runs/glm52_lb2_multi-document_65536_s02: 20 entries
[shard] <HOME>/00_sparse_attn/01_github/sparse_attn_cpu/docs/glm_sweep/runs/glm52_lb2_code_65536_s03: 20 entries
[shard] <HOME>/00_sparse_attn/01_github/sparse_attn_cpu/docs/glm_sweep/runs/glm52_ib_passkey_65536_s00: 20 entries
[shard] <HOME>/00_sparse_attn/01_github/sparse_attn_cpu/docs/glm_sweep/runs/glm52_ib_number_string_65536_s00: 20 entries
[shard] <HOME>/00_sparse_attn/01_github/sparse_attn_cpu/docs/glm_sweep/runs/glm52_ib_longbook_choice_eng_65536_s00: 20 entries
[shard] <HOME>/00_sparse_attn/01_github/sparse_attn_cpu/docs/glm_sweep/runs/glm52_ib_longbook_qa_eng_65536_s00: 20 entries
[shard] <HOME>/00_sparse_attn/01_github/sparse_attn_cpu/docs/glm_sweep/runs/glm52_ib_longbook_qa_eng_65536_ld00: 23 entries
[shard] <HOME>/00_sparse_attn/01_github/sparse_attn_cpu/docs/glm_sweep/runs/glm52_ib_longbook_qa_eng_65536_ld01: 23 entries
[shard] <HOME>/00_sparse_attn/01_github/sparse_attn_cpu/docs/glm_sweep/runs/glm52_ib_longbook_sum_eng_65536_ld00: 23 entries
[shard] <HOME>/00_sparse_attn/01_github/sparse_attn_cpu/docs/glm_sweep/runs/glm52_ib_longbook_sum_eng_65536_ld01: 22 entries
[shard] <HOME>/00_sparse_attn/01_github/sparse_attn_cpu/docs/glm_sweep/runs/glm52_ib_longbook_sum_eng_65536_ld02: 23 entries
[shard] <HOME>/00_sparse_attn/01_github/sparse_attn_cpu/docs/glm_sweep/runs/glm52_ib_longbook_sum_eng_65536_ld03: 23 entries
[shard] <HOME>/00_sparse_attn/01_github/sparse_attn_cpu/docs/glm_sweep/runs/glm52_ib_longbook_sum_eng_65536_ld04: 23 entries
[shard] <HOME>/00_sparse_attn/01_github/sparse_attn_cpu/docs/glm_sweep/runs/glm52_ib_longbook_sum_eng_65536_ld05: 23 entries
=== 06:50:51 aggregate
wrote <HOME>/00_sparse_attn/01_github/sparse_attn_cpu/docs/glm_sweep/R1_kv_locality.csv: 130 runs + 15 aggregates
wrote <HOME>/00_sparse_attn/01_github/sparse_attn_cpu/docs/glm_sweep/R2_moe_locality.csv: 129 runs + 15 aggregates
wrote <HOME>/00_sparse_attn/01_github/sparse_attn_cpu/docs/glm_sweep/R3_hotset_coverage.csv: 111 runs + 12 aggregates
rung   8192: n=n=28 adj_overlap=0.846 lift=2.55 recency=0.491
rung  16384: n=n=28 adj_overlap=0.789 lift=5.25 recency=0.387
rung  32768: n=n=28 adj_overlap=0.750 lift=10.13 recency=0.324
rung  65536: n=n=27 adj_overlap=0.722 lift=21.32 recency=0.3
rung 131072: n=n=19 adj_overlap=0.688 lift=40.67 recency=0.248
FINISH_RUNG_DONE
