=== 01:54:38 hotset for rung 65536
=== 02:04:04 sharding
[shard] <HOME>/00_sparse_attn/01_github/sparse_attn_cpu/docs/gpu_sweep/runs/v32_ruler_niah_single_2_65536_s00: 20 entries
[shard] <HOME>/00_sparse_attn/01_github/sparse_attn_cpu/docs/gpu_sweep/runs/v32_ruler_niah_single_2_65536_s01: 20 entries
[shard] <HOME>/00_sparse_attn/01_github/sparse_attn_cpu/docs/gpu_sweep/runs/v32_ruler_niah_single_2_65536_s02: 20 entries
[shard] <HOME>/00_sparse_attn/01_github/sparse_attn_cpu/docs/gpu_sweep/runs/v32_ruler_niah_single_2_65536_s03: 20 entries
[shard] <HOME>/00_sparse_attn/01_github/sparse_attn_cpu/docs/gpu_sweep/runs/v32_ruler_qa_1_65536_s00: 20 entries
[shard] <HOME>/00_sparse_attn/01_github/sparse_attn_cpu/docs/gpu_sweep/runs/v32_ruler_qa_1_65536_s01: 20 entries
[shard] <HOME>/00_sparse_attn/01_github/sparse_attn_cpu/docs/gpu_sweep/runs/v32_ruler_qa_1_65536_s02: 20 entries
[shard] <HOME>/00_sparse_attn/01_github/sparse_attn_cpu/docs/gpu_sweep/runs/v32_ruler_qa_1_65536_s03: 20 entries
[shard] <HOME>/00_sparse_attn/01_github/sparse_attn_cpu/docs/gpu_sweep/runs/v32_lb1_gov_report_65536_s00: 22 entries
[shard] <HOME>/00_sparse_attn/01_github/sparse_attn_cpu/docs/gpu_sweep/runs/v32_lb1_gov_report_65536_s01: 22 entries
[shard] <HOME>/00_sparse_attn/01_github/sparse_attn_cpu/docs/gpu_sweep/runs/v32_lb1_gov_report_65536_s02: 21 entries
[shard] <HOME>/00_sparse_attn/01_github/sparse_attn_cpu/docs/gpu_sweep/runs/v32_lb2_single-document_65536_s00: 20 entries
[shard] <HOME>/00_sparse_attn/01_github/sparse_attn_cpu/docs/gpu_sweep/runs/v32_lb2_long-dialogue_65536_s01: 20 entries
[shard] <HOME>/00_sparse_attn/01_github/sparse_attn_cpu/docs/gpu_sweep/runs/v32_lb2_multi-document_65536_s02: 20 entries
[shard] <HOME>/00_sparse_attn/01_github/sparse_attn_cpu/docs/gpu_sweep/runs/v32_lb2_code_65536_s03: 20 entries
[shard] <HOME>/00_sparse_attn/01_github/sparse_attn_cpu/docs/gpu_sweep/runs/v32_ib_passkey_65536_s00: 20 entries
[shard] <HOME>/00_sparse_attn/01_github/sparse_attn_cpu/docs/gpu_sweep/runs/v32_ib_number_string_65536_s00: 20 entries
[shard] <HOME>/00_sparse_attn/01_github/sparse_attn_cpu/docs/gpu_sweep/runs/v32_ib_longbook_choice_eng_65536_s00: 20 entries
[shard] <HOME>/00_sparse_attn/01_github/sparse_attn_cpu/docs/gpu_sweep/runs/v32_ib_longbook_qa_eng_65536_s00: 20 entries
[shard] <HOME>/00_sparse_attn/01_github/sparse_attn_cpu/docs/gpu_sweep/runs/v32_ib_longbook_qa_eng_65536_ld00: 27 entries
[shard] <HOME>/00_sparse_attn/01_github/sparse_attn_cpu/docs/gpu_sweep/runs/v32_ib_longbook_qa_eng_65536_ld01: 27 entries
[shard] <HOME>/00_sparse_attn/01_github/sparse_attn_cpu/docs/gpu_sweep/runs/v32_ib_longbook_sum_eng_65536_ld00: 26 entries
[shard] <HOME>/00_sparse_attn/01_github/sparse_attn_cpu/docs/gpu_sweep/runs/v32_ib_longbook_sum_eng_65536_ld01: 26 entries
[shard] <HOME>/00_sparse_attn/01_github/sparse_attn_cpu/docs/gpu_sweep/runs/v32_ib_longbook_sum_eng_65536_ld02: 27 entries
[shard] <HOME>/00_sparse_attn/01_github/sparse_attn_cpu/docs/gpu_sweep/runs/v32_ib_longbook_sum_eng_65536_ld03: 27 entries
[shard] <HOME>/00_sparse_attn/01_github/sparse_attn_cpu/docs/gpu_sweep/runs/v32_ib_longbook_sum_eng_65536_ld04: 26 entries
[shard] <HOME>/00_sparse_attn/01_github/sparse_attn_cpu/docs/gpu_sweep/runs/v32_ib_longbook_sum_eng_65536_ld05: 27 entries
=== 02:16:29 aggregate
wrote <HOME>/00_sparse_attn/01_github/sparse_attn_cpu/docs/gpu_sweep/R1_kv_locality.csv: 135 runs + 15 aggregates
wrote <HOME>/00_sparse_attn/01_github/sparse_attn_cpu/docs/gpu_sweep/R2_moe_locality.csv: 135 runs + 15 aggregates
wrote <HOME>/00_sparse_attn/01_github/sparse_attn_cpu/docs/gpu_sweep/R3_hotset_coverage.csv: 91 runs + 14 aggregates
rung   8192: n=n=28 adj_overlap=0.843 lift=2.56 recency=0.491
rung  16384: n=n=28 adj_overlap=0.790 lift=5.27 recency=0.385
rung  32768: n=n=28 adj_overlap=0.751 lift=10.19 recency=0.32
rung  65536: n=n=27 adj_overlap=0.741 lift=21.87 recency=0.302
rung 131072: n=n=24 adj_overlap=0.723 lift=41.49 recency=0.307
FINISH_RUNG_DONE
