=== 07:28:57 hotset for rung 8192
=== 07:42:27 sharding
[shard] <HOME>/00_sparse_attn/01_github/sparse_attn_cpu/docs/glm_sweep/runs/glm5_ruler_niah_single_2_8192_s00: 20 entries
[shard] <HOME>/00_sparse_attn/01_github/sparse_attn_cpu/docs/glm_sweep/runs/glm5_ruler_niah_single_2_8192_s01: 20 entries
[shard] <HOME>/00_sparse_attn/01_github/sparse_attn_cpu/docs/glm_sweep/runs/glm5_ruler_niah_single_2_8192_s02: 20 entries
[shard] <HOME>/00_sparse_attn/01_github/sparse_attn_cpu/docs/glm_sweep/runs/glm5_ruler_niah_single_2_8192_s03: 20 entries
[shard] <HOME>/00_sparse_attn/01_github/sparse_attn_cpu/docs/glm_sweep/runs/glm5_ruler_qa_1_8192_s00: 20 entries
[shard] <HOME>/00_sparse_attn/01_github/sparse_attn_cpu/docs/glm_sweep/runs/glm5_ruler_qa_1_8192_s01: 20 entries
[shard] <HOME>/00_sparse_attn/01_github/sparse_attn_cpu/docs/glm_sweep/runs/glm5_ruler_qa_1_8192_s02: 20 entries
[shard] <HOME>/00_sparse_attn/01_github/sparse_attn_cpu/docs/glm_sweep/runs/glm5_ruler_qa_1_8192_s03: 20 entries
[shard] <HOME>/00_sparse_attn/01_github/sparse_attn_cpu/docs/glm_sweep/runs/glm5_lb1_gov_report_8192_s00: 21 entries
[shard] <HOME>/00_sparse_attn/01_github/sparse_attn_cpu/docs/glm_sweep/runs/glm5_lb1_gov_report_8192_s01: 20 entries
[shard] <HOME>/00_sparse_attn/01_github/sparse_attn_cpu/docs/glm_sweep/runs/glm5_lb1_qmsum_8192_s02: 20 entries
[shard] <HOME>/00_sparse_attn/01_github/sparse_attn_cpu/docs/glm_sweep/runs/glm5_lb1_multi_news_8192_s03: 21 entries
[shard] <HOME>/00_sparse_attn/01_github/sparse_attn_cpu/docs/glm_sweep/runs/glm5_lb1_multi_news_8192_ld00: 24 entries
[shard] <HOME>/00_sparse_attn/01_github/sparse_attn_cpu/docs/glm_sweep/runs/glm5_lb1_multi_news_8192_ld01: 24 entries
[shard] <HOME>/00_sparse_attn/01_github/sparse_attn_cpu/docs/glm_sweep/runs/glm5_lb1_qmsum_8192_ld02: 25 entries
[shard] <HOME>/00_sparse_attn/01_github/sparse_attn_cpu/docs/glm_sweep/runs/glm5_lb1_qmsum_8192_ld03: 24 entries
[shard] <HOME>/00_sparse_attn/01_github/sparse_attn_cpu/docs/glm_sweep/runs/glm5_lb1_gov_report_8192_ld04: 25 entries
[shard] <HOME>/00_sparse_attn/01_github/sparse_attn_cpu/docs/glm_sweep/runs/glm5_lb1_multi_news_8192_ld05: 24 entries
[shard] <HOME>/00_sparse_attn/01_github/sparse_attn_cpu/docs/glm_sweep/runs/glm5_lb2_single-document_8192_s00: 20 entries
[shard] <HOME>/00_sparse_attn/01_github/sparse_attn_cpu/docs/glm_sweep/runs/glm5_lb2_long-dialogue_8192_s01: 20 entries
[shard] <HOME>/00_sparse_attn/01_github/sparse_attn_cpu/docs/glm_sweep/runs/glm5_lb2_multi-document_8192_s02: 20 entries
[shard] <HOME>/00_sparse_attn/01_github/sparse_attn_cpu/docs/glm_sweep/runs/glm5_lb2_code_8192_s03: 20 entries
[shard] <HOME>/00_sparse_attn/01_github/sparse_attn_cpu/docs/glm_sweep/runs/glm5_ib_passkey_8192_s00: 20 entries
[shard] <HOME>/00_sparse_attn/01_github/sparse_attn_cpu/docs/glm_sweep/runs/glm5_ib_number_string_8192_s00: 20 entries
[shard] <HOME>/00_sparse_attn/01_github/sparse_attn_cpu/docs/glm_sweep/runs/glm5_ib_longbook_choice_eng_8192_s00: 20 entries
[shard] <HOME>/00_sparse_attn/01_github/sparse_attn_cpu/docs/glm_sweep/runs/glm5_ib_longbook_qa_eng_8192_s00: 20 entries
[shard] <HOME>/00_sparse_attn/01_github/sparse_attn_cpu/docs/glm_sweep/runs/glm5_ib_longbook_qa_eng_8192_ld00: 24 entries
[shard] <HOME>/00_sparse_attn/01_github/sparse_attn_cpu/docs/glm_sweep/runs/glm5_ib_longbook_qa_eng_8192_ld01: 25 entries
=== 07:50:59 aggregate
wrote <HOME>/00_sparse_attn/01_github/sparse_attn_cpu/docs/glm_sweep/R1_kv_locality.csv: 121 runs + 14 aggregates
wrote <HOME>/00_sparse_attn/01_github/sparse_attn_cpu/docs/glm_sweep/R2_moe_locality.csv: 121 runs + 14 aggregates
wrote <HOME>/00_sparse_attn/01_github/sparse_attn_cpu/docs/glm_sweep/R3_hotset_coverage.csv: 67 runs + 8 aggregates
rung   8192: n=n=28 adj_overlap=0.849 lift=2.56 recency=0.467
rung  16384: n=n=28 adj_overlap=0.791 lift=5.26 recency=0.365
rung  32768: n=n=28 adj_overlap=0.753 lift=10.17 recency=0.312
rung  65536: n=n=21 adj_overlap=0.718 lift=20.77 recency=0.244
rung 131072: n=n=16 adj_overlap=0.691 lift=40.94 recency=0.206
FINISH_RUNG_DONE
