=== 06:17:35 hotset for rung 65536
=== 06:21:41 sharding
[shard] <HOME>/00_sparse_attn/01_github/sparse_attn_cpu/docs/glm_sweep/runs/glm52_ruler_niah_single_2_65536_s00_b: 14 entries
[shard] <HOME>/00_sparse_attn/01_github/sparse_attn_cpu/docs/glm_sweep/runs/glm52_ruler_niah_single_2_65536_s01_b: 14 entries
[shard] <HOME>/00_sparse_attn/01_github/sparse_attn_cpu/docs/glm_sweep/runs/glm52_ruler_niah_single_2_65536_s02_b: 14 entries
[shard] <HOME>/00_sparse_attn/01_github/sparse_attn_cpu/docs/glm_sweep/runs/glm52_ruler_niah_single_2_65536_s03_b: 14 entries
[shard] <HOME>/00_sparse_attn/01_github/sparse_attn_cpu/docs/glm_sweep/runs/glm52_ruler_qa_1_65536_s00_b: 14 entries
[shard] <HOME>/00_sparse_attn/01_github/sparse_attn_cpu/docs/glm_sweep/runs/glm52_ruler_qa_1_65536_s01_b: 14 entries
[shard] <HOME>/00_sparse_attn/01_github/sparse_attn_cpu/docs/glm_sweep/runs/glm52_ruler_qa_1_65536_s02_b: 14 entries
[shard] <HOME>/00_sparse_attn/01_github/sparse_attn_cpu/docs/glm_sweep/runs/glm52_ruler_qa_1_65536_s03_b: 14 entries
[shard] <HOME>/00_sparse_attn/01_github/sparse_attn_cpu/docs/glm_sweep/runs/glm52_lb1_gov_report_65536_s00_b: 14 entries
[shard] <HOME>/00_sparse_attn/01_github/sparse_attn_cpu/docs/glm_sweep/runs/glm52_lb1_gov_report_65536_s01_b: 14 entries
[shard] <HOME>/00_sparse_attn/01_github/sparse_attn_cpu/docs/glm_sweep/runs/glm52_lb1_gov_report_65536_s02_b: 14 entries
[shard] <HOME>/00_sparse_attn/01_github/sparse_attn_cpu/docs/glm_sweep/runs/glm52_lb2_single-document_65536_s00_b: 14 entries
[shard] <HOME>/00_sparse_attn/01_github/sparse_attn_cpu/docs/glm_sweep/runs/glm52_lb2_long-dialogue_65536_s01_b: 14 entries
[shard] <HOME>/00_sparse_attn/01_github/sparse_attn_cpu/docs/glm_sweep/runs/glm52_lb2_multi-document_65536_s02_b: 14 entries
[shard] <HOME>/00_sparse_attn/01_github/sparse_attn_cpu/docs/glm_sweep/runs/glm52_lb2_code_65536_s03_b: 14 entries
[shard] <HOME>/00_sparse_attn/01_github/sparse_attn_cpu/docs/glm_sweep/runs/glm52_ib_passkey_65536_s00_b: 14 entries
[shard] <HOME>/00_sparse_attn/01_github/sparse_attn_cpu/docs/glm_sweep/runs/glm52_ib_number_string_65536_s00_b: 14 entries
[shard] <HOME>/00_sparse_attn/01_github/sparse_attn_cpu/docs/glm_sweep/runs/glm52_ib_longbook_choice_eng_65536_s00_b: 14 entries
[shard] <HOME>/00_sparse_attn/01_github/sparse_attn_cpu/docs/glm_sweep/runs/glm52_ib_longbook_qa_eng_65536_s00_b: 14 entries
[shard] <HOME>/00_sparse_attn/01_github/sparse_attn_cpu/docs/glm_sweep/runs/glm52_ib_longbook_qa_eng_65536_ld00_b: 14 entries
[shard] <HOME>/00_sparse_attn/01_github/sparse_attn_cpu/docs/glm_sweep/runs/glm52_ib_longbook_qa_eng_65536_ld01_b: 14 entries
[shard] <HOME>/00_sparse_attn/01_github/sparse_attn_cpu/docs/glm_sweep/runs/glm52_ib_longbook_sum_eng_65536_ld00_b: 14 entries
[shard] <HOME>/00_sparse_attn/01_github/sparse_attn_cpu/docs/glm_sweep/runs/glm52_ib_longbook_sum_eng_65536_ld01_b: 14 entries
[shard] <HOME>/00_sparse_attn/01_github/sparse_attn_cpu/docs/glm_sweep/runs/glm52_ib_longbook_sum_eng_65536_ld02_b: 14 entries
[shard] <HOME>/00_sparse_attn/01_github/sparse_attn_cpu/docs/glm_sweep/runs/glm52_ib_longbook_sum_eng_65536_ld03_b: 14 entries
[shard] <HOME>/00_sparse_attn/01_github/sparse_attn_cpu/docs/glm_sweep/runs/glm52_ib_longbook_sum_eng_65536_ld04_b: 14 entries
[shard] <HOME>/00_sparse_attn/01_github/sparse_attn_cpu/docs/glm_sweep/runs/glm52_ib_longbook_sum_eng_65536_ld05_b: 14 entries
=== 06:21:42 aggregate
wrote <HOME>/00_sparse_attn/01_github/sparse_attn_cpu/docs/glm_sweep/R1_kv_locality.csv: 123 runs + 14 aggregates
wrote <HOME>/00_sparse_attn/01_github/sparse_attn_cpu/docs/glm_sweep/R2_moe_locality.csv: 121 runs + 14 aggregates
wrote <HOME>/00_sparse_attn/01_github/sparse_attn_cpu/docs/glm_sweep/R3_hotset_coverage.csv: 71 runs + 9 aggregates
rung   8192: n=n=28 adj_overlap=0.846 lift=2.55 recency=0.491
rung  16384: n=n=28 adj_overlap=0.789 lift=5.25 recency=0.387
rung  32768: n=n=28 adj_overlap=0.750 lift=10.13 recency=0.324
rung  65536: n=n=23 adj_overlap=0.715 lift=20.85 recency=0.274
rung 131072: n=n=16 adj_overlap=0.677 lift=40.11 recency=0.211
FINISH_RUNG_DONE
