00:30:36 fix <WORKDIR>/runs/v32_lb1_gov_report_16384_ld00
00:32:36 fix <WORKDIR>/runs/v32_lb1_qmsum_16384_ld01
00:34:24 fix <WORKDIR>/runs/v32_lb1_gov_report_16384_ld02
00:36:16 fix <WORKDIR>/runs/v32_lb1_gov_report_16384_ld03
00:38:05 fix <WORKDIR>/runs/v32_lb1_gov_report_16384_ld04
00:40:15 fix <WORKDIR>/runs/v32_lb1_qmsum_16384_ld05
00:42:05 fix <WORKDIR>/runs/v32_ib_longbook_qa_eng_16384_ld00
00:43:56 fix <WORKDIR>/runs/v32_ib_longbook_qa_eng_16384_ld01
00:45:47 fix <WORKDIR>/runs/v32_lb1_qmsum_32768_ld00
00:48:09 fix <WORKDIR>/runs/v32_lb1_qmsum_32768_ld01
00:50:06 fix <WORKDIR>/runs/v32_lb1_gov_report_32768_ld02
00:53:01 fix <WORKDIR>/runs/v32_lb1_gov_report_32768_ld03
00:55:12 fix <WORKDIR>/runs/v32_lb1_qmsum_32768_ld04
00:57:54 fix <WORKDIR>/runs/v32_lb1_qmsum_32768_ld05
01:00:02 fix <WORKDIR>/runs/v32_ib_longbook_qa_eng_32768_ld00
01:02:03 fix <WORKDIR>/runs/v32_ib_longbook_qa_eng_32768_ld01
01:04:09 fix <WORKDIR>/runs/v32_ib_longbook_qa_eng_65536_ld00
01:54:44 fix <WORKDIR>/runs/v32_ib_longbook_qa_eng_65536_ld01
01:57:01 fix <WORKDIR>/runs/v32_ib_longbook_sum_eng_65536_ld00
01:59:21 fix <WORKDIR>/runs/v32_ib_longbook_sum_eng_65536_ld01
02:01:41 fix <WORKDIR>/runs/v32_ib_longbook_sum_eng_65536_ld02
02:04:06 fix <WORKDIR>/runs/v32_ib_longbook_sum_eng_65536_ld03
02:06:28 fix <WORKDIR>/runs/v32_ib_longbook_sum_eng_65536_ld04
02:08:40 fix <WORKDIR>/runs/v32_ib_longbook_sum_eng_65536_ld05
FIX_EXTRET_DONE
