glm52_ruler_niah_single_2_131072_s00: ctx=131072 pool~130807  A@99=4.9% (range 2.6-8.1)  A@99.9=5.2%  B(p99/99%)=5.2%  distinct=5.2%
glm52_ruler_niah_single_2_131072_s01: ctx=131072 pool~130809  A@99=4.7% (range 2.7-7.9)  A@99.9=5.0%  B(p99/99%)=5.0%  distinct=5.0%
glm52_ruler_niah_single_2_131072_s02: ctx=131072 pool~130813  A@99=5.2% (range 2.7-9.0)  A@99.9=5.5%  B(p99/99%)=5.5%  distinct=5.5%
glm52_ruler_niah_single_2_131072_s03: ctx=131072 pool~130225  A@99=4.8% (range 2.7-8.7)  A@99.9=5.2%  B(p99/99%)=5.2%  distinct=5.2%
glm52_ruler_qa_1_131072_s00: ctx=131072 pool~132306  A@99=2.6% (range 2.0-3.7)  A@99.9=2.6%  B(p99/99%)=2.6%  distinct=2.6%
glm52_ruler_qa_1_131072_s01: ctx=131072 pool~131353  A@99=6.7% (range 2.7-10.5)  A@99.9=7.1%  B(p99/99%)=7.1%  distinct=7.1%
glm52_ruler_qa_1_131072_s02: ctx=131072 pool~132600  A@99=4.1% (range 2.5-6.3)  A@99.9=4.3%  B(p99/99%)=4.3%  distinct=4.3%
glm52_ruler_qa_1_131072_s03: ctx=131072 pool~133449  A@99=2.9% (range 2.1-4.0)  A@99.9=3.0%  B(p99/99%)=2.9%  distinct=3.0%
glm52_lb2_single-document_131072_s00: ctx=131072 pool~75257  A@99=5.9% (range 4.1-9.9)  A@99.9=6.1%  B(p99/99%)=6.1%  distinct=6.2%
glm52_lb2_code_131072_s01: ctx=131072 pool~117380  A@99=3.7% (range 2.8-5.2)  A@99.9=3.8%  B(p99/99%)=3.8%  distinct=3.8%
glm52_lb2_long_131072_s02: ctx=131072 pool~127062  A@99=4.1% (range 2.5-6.1)  A@99.9=4.3%  B(p99/99%)=4.3%  distinct=4.3%
glm52_lb2_long_131072_s03: ctx=131072 pool~132991  A@99=3.8% (range 2.3-5.7)  A@99.9=3.9%  B(p99/99%)=3.9%  distinct=3.9%
glm52_ib_passkey_131072_s00: ctx=131072 pool~125350  A@99=2.8% (range 2.2-4.4)  A@99.9=2.9%  B(p99/99%)=2.9%  distinct=2.9%
glm52_ib_number_string_131072_s00: ctx=131072 pool~125360  A@99=3.4% (range 2.4-5.6)  A@99.9=3.6%  B(p99/99%)=3.6%  distinct=3.6%
glm52_ib_longbook_choice_eng_131072_s00: ctx=131072 pool~119279  A@99=2.5% (range 2.1-4.1)  A@99.9=2.6%  B(p99/99%)=2.6%  distinct=2.6%
glm52_ib_longbook_qa_eng_131072_s00: ctx=131072 pool~72710  A@99=11.3% (range 5.0-17.3)  A@99.9=12.3%  B(p99/99%)=12.3%  distinct=12.4%
glm52_ib_longbook_qa_eng_131072_ld00: ctx=131072 pool~102898  A@99=24.3% (range 7.8-57.4)  A@99.9=35.6%  B(p99/99%)=36.1%  distinct=39.5%
glm52_ib_longbook_qa_eng_131072_ld01: ctx=131072 pool~128939  A@99=19.0% (range 6.8-54.0)  A@99.9=28.5%  B(p99/99%)=28.5%  distinct=31.7%
glm52_ib_longbook_sum_eng_131072_ld00: ctx=131072 pool~132050  A@99=25.7% (range 7.9-57.9)  A@99.9=35.6%  B(p99/99%)=35.5%  distinct=38.7%
glm52_ib_longbook_sum_eng_131072_ld01: ctx=131072 pool~131013  A@99=22.6% (range 7.8-58.9)  A@99.9=31.9%  B(p99/99%)=31.7%  distinct=35.0%
glm52_ib_longbook_sum_eng_131072_ld02: ctx=131072 pool~129682  A@99=23.3% (range 7.4-55.5)  A@99.9=32.6%  B(p99/99%)=32.4%  distinct=35.7%
glm52_ib_longbook_sum_eng_131072_ld03: ctx=131072 pool~78047  A@99=30.1% (range 11.1-66.5)  A@99.9=41.7%  B(p99/99%)=41.1%  distinct=46.7%
glm52_ib_longbook_sum_eng_131072_ld04: ctx=131072 pool~131265  A@99=22.9% (range 7.6-55.3)  A@99.9=32.4%  B(p99/99%)=32.0%  distinct=35.5%
glm52_ib_longbook_sum_eng_131072_ld05: ctx=131072 pool~71210  A@99=33.4% (range 11.9-67.1)  A@99.9=45.9%  B(p99/99%)=45.2%  distinct=51.3%

=== coverage (% of top-k accesses) vs hot-set budget (% of candidate pool), mean over CSA layers ===
pool% |   128K |   128K |   128K |   128K |   128K |   128K |   128K |   128K |   128K |   128K |   128K |   128K |   128K |   128K |   128K |   128K |   128K |   128K |   128K |   128K |   128K |   128K |   128K |   128K
   1% |   54.6 |   55.3 |   53.7 |   55.1 |   57.6 |   48.3 |   52.8 |   56.0 |   36.0 |   53.8 |   52.9 |   55.6 |   57.0 |   54.4 |   56.6 |   31.9 |   35.0 |   41.4 |   36.6 |   38.1 |   36.8 |   27.1 |   37.5 |   25.3
   2% |   80.1 |   81.3 |   78.9 |   81.0 |   86.6 |   71.4 |   79.2 |   84.4 |   64.0 |   83.3 |   79.9 |   82.1 |   88.0 |   83.6 |   88.6 |   54.5 |   54.5 |   61.4 |   54.7 |   57.1 |   55.4 |   44.0 |   56.6 |   41.4
   3% |   90.7 |   91.8 |   89.7 |   91.3 |   99.5 |   82.6 |   91.0 |   97.0 |   80.6 |   94.6 |   91.8 |   93.0 |   97.9 |   95.3 |   99.6 |   69.0 |   66.4 |   72.7 |   65.3 |   68.1 |   66.3 |   55.8 |   67.6 |   52.6
   5% |   98.2 |   98.7 |   97.6 |   98.5 |  100.0 |   93.3 |   99.4 |  100.0 |   94.9 |   99.9 |   99.5 |   99.6 |  100.0 |   99.9 |  100.0 |   84.4 |   79.3 |   84.1 |   76.9 |   79.8 |   78.2 |   70.3 |   79.4 |   66.7
   7% |   99.8 |  100.0 |   99.7 |   99.8 |  100.0 |   97.6 |  100.0 |  100.0 |   99.3 |  100.0 |  100.0 |  100.0 |  100.0 |  100.0 |  100.0 |   91.8 |   85.7 |   89.7 |   83.4 |   86.0 |   84.7 |   78.4 |   85.7 |   75.3
  10% |  100.0 |  100.0 |  100.0 |  100.0 |  100.0 |   99.9 |  100.0 |  100.0 |  100.0 |  100.0 |  100.0 |  100.0 |  100.0 |  100.0 |  100.0 |   97.0 |   91.1 |   93.9 |   89.1 |   91.3 |   90.3 |   85.6 |   91.1 |   83.0
  15% |  100.0 |  100.0 |  100.0 |  100.0 |  100.0 |  100.0 |  100.0 |  100.0 |  100.0 |  100.0 |  100.0 |  100.0 |  100.0 |  100.0 |  100.0 |   99.8 |   95.4 |   97.1 |   94.1 |   95.6 |   95.0 |   92.0 |   95.5 |   90.1
  20% |  100.0 |  100.0 |  100.0 |  100.0 |  100.0 |  100.0 |  100.0 |  100.0 |  100.0 |  100.0 |  100.0 |  100.0 |  100.0 |  100.0 |  100.0 |  100.0 |   97.4 |   98.4 |   96.6 |   97.6 |   97.3 |   95.3 |   97.6 |   94.0
  25% |  100.0 |  100.0 |  100.0 |  100.0 |  100.0 |  100.0 |  100.0 |  100.0 |  100.0 |  100.0 |  100.0 |  100.0 |  100.0 |  100.0 |  100.0 |  100.0 |   98.5 |   99.1 |   98.0 |   98.6 |   98.5 |   97.2 |   98.6 |   96.3
  30% |  100.0 |  100.0 |  100.0 |  100.0 |  100.0 |  100.0 |  100.0 |  100.0 |  100.0 |  100.0 |  100.0 |  100.0 |  100.0 |  100.0 |  100.0 |  100.0 |   99.1 |   99.4 |   98.8 |   99.1 |   99.1 |   98.3 |   99.2 |   97.6
  40% |  100.0 |  100.0 |  100.0 |  100.0 |  100.0 |  100.0 |  100.0 |  100.0 |  100.0 |  100.0 |  100.0 |  100.0 |  100.0 |  100.0 |  100.0 |  100.0 |   99.7 |   99.8 |   99.6 |   99.7 |   99.7 |   99.3 |   99.7 |   99.0
  50% |  100.0 |  100.0 |  100.0 |  100.0 |  100.0 |  100.0 |  100.0 |  100.0 |  100.0 |  100.0 |  100.0 |  100.0 |  100.0 |  100.0 |  100.0 |  100.0 |   99.9 |   99.9 |   99.9 |   99.9 |   99.9 |   99.7 |   99.9 |   99.6
  60% |  100.0 |  100.0 |  100.0 |  100.0 |  100.0 |  100.0 |  100.0 |  100.0 |  100.0 |  100.0 |  100.0 |  100.0 |  100.0 |  100.0 |  100.0 |  100.0 |  100.0 |  100.0 |  100.0 |   99.9 |  100.0 |   99.9 |  100.0 |   99.9
  75% |  100.0 |  100.0 |  100.0 |  100.0 |  100.0 |  100.0 |  100.0 |  100.0 |  100.0 |  100.0 |  100.0 |  100.0 |  100.0 |  100.0 |  100.0 |  100.0 |  100.0 |  100.0 |  100.0 |  100.0 |  100.0 |  100.0 |  100.0 |  100.0
 100% |  100.0 |  100.0 |  100.0 |  100.0 |  100.0 |  100.0 |  100.0 |  100.0 |  100.0 |  100.0 |  100.0 |  100.0 |  100.0 |  100.0 |  100.0 |  100.0 |  100.0 |  100.0 |  100.0 |  100.0 |  100.0 |  100.0 |  100.0 |  100.0
wrote 2 plots to <WORKDIR>/runs/_hotset_glm52_131072
