glm5_ruler_niah_single_2_8192_s00: ctx=8192 pool~8048  A@99=44.0% (range 29.4-60.2)  A@99.9=48.9%  B(p99/99%)=49.1%  distinct=49.5%
glm5_ruler_niah_single_2_8192_s01: ctx=8192 pool~7459  A@99=49.5% (range 31.0-66.5)  A@99.9=54.8%  B(p99/99%)=55.0%  distinct=55.5%
glm5_ruler_niah_single_2_8192_s02: ctx=8192 pool~8049  A@99=43.6% (range 29.3-60.8)  A@99.9=48.7%  B(p99/99%)=48.8%  distinct=49.3%
glm5_ruler_niah_single_2_8192_s03: ctx=8192 pool~8046  A@99=44.7% (range 29.2-60.3)  A@99.9=49.7%  B(p99/99%)=49.9%  distinct=50.3%
glm5_ruler_qa_1_8192_s00: ctx=8192 pool~8294  A@99=33.4% (range 26.1-42.0)  A@99.9=34.1%  B(p99/99%)=33.9%  distinct=34.2%
glm5_ruler_qa_1_8192_s01: ctx=8192 pool~8309  A@99=42.0% (range 27.7-54.9)  A@99.9=44.7%  B(p99/99%)=44.7%  distinct=45.0%
glm5_ruler_qa_1_8192_s02: ctx=8192 pool~6597  A@99=47.6% (range 34.8-58.6)  A@99.9=49.8%  B(p99/99%)=49.7%  distinct=50.1%
glm5_ruler_qa_1_8192_s03: ctx=8192 pool~6633  A@99=42.9% (range 33.7-52.1)  A@99.9=44.0%  B(p99/99%)=43.8%  distinct=44.1%
glm5_lb1_gov_report_8192_s00: ctx=8192 pool~5174  A@99=83.8% (range 57.7-94.4)  A@99.9=92.8%  B(p99/99%)=91.1%  distinct=97.3%
glm5_lb1_gov_report_8192_s01: ctx=8192 pool~4583  A@99=85.0% (range 62.4-94.2)  A@99.9=93.4%  B(p99/99%)=92.1%  distinct=97.5%
glm5_lb1_qmsum_8192_s02: ctx=8192 pool~5010  A@99=63.7% (range 47.8-79.5)  A@99.9=72.9%  B(p99/99%)=73.4%  distinct=74.9%
glm5_lb1_multi_news_8192_s03: ctx=8192 pool~5068  A@99=81.4% (range 62.8-94.4)  A@99.9=90.9%  B(p99/99%)=89.7%  distinct=96.0%
glm5_lb1_multi_news_8192_ld00: ctx=8192 pool~6537  A@99=83.5% (range 64.8-95.2)  A@99.9=93.3%  B(p99/99%)=93.1%  distinct=98.7%
glm5_lb1_multi_news_8192_ld01: ctx=8192 pool~6498  A@99=81.4% (range 63.9-95.4)  A@99.9=91.8%  B(p99/99%)=91.6%  distinct=98.1%
glm5_lb1_qmsum_8192_ld02: ctx=8192 pool~7438  A@99=77.6% (range 52.5-95.4)  A@99.9=89.1%  B(p99/99%)=88.5%  distinct=96.7%
glm5_lb1_qmsum_8192_ld03: ctx=8192 pool~7433  A@99=76.3% (range 55.3-95.3)  A@99.9=88.0%  B(p99/99%)=88.4%  distinct=95.7%
glm5_lb1_gov_report_8192_ld04: ctx=8192 pool~7019  A@99=83.7% (range 55.8-95.2)  A@99.9=93.7%  B(p99/99%)=92.9%  distinct=98.8%
glm5_lb1_multi_news_8192_ld05: ctx=8192 pool~6602  A@99=83.3% (range 59.8-95.3)  A@99.9=93.4%  B(p99/99%)=93.2%  distinct=98.9%
glm5_lb2_single-document_8192_s00: ctx=8192 pool~5567  A@99=51.3% (range 40.0-61.3)  A@99.9=54.3%  B(p99/99%)=54.2%  distinct=54.6%
glm5_lb2_long-dialogue_8192_s01: ctx=8192 pool~5662  A@99=51.7% (range 39.3-63.7)  A@99.9=54.6%  B(p99/99%)=54.5%  distinct=54.9%
glm5_lb2_multi-document_8192_s02: ctx=8192 pool~5617  A@99=49.7% (range 39.5-59.7)  A@99.9=52.7%  B(p99/99%)=52.6%  distinct=53.0%
glm5_lb2_code_8192_s03: ctx=8192 pool~5378  A@99=50.5% (range 41.5-62.4)  A@99.9=53.6%  B(p99/99%)=53.5%  distinct=53.9%
glm5_ib_passkey_8192_s00: ctx=8192 pool~5620  A@99=44.6% (range 37.2-55.4)  A@99.9=45.9%  B(p99/99%)=45.6%  distinct=46.0%
glm5_ib_number_string_8192_s00: ctx=8192 pool~5624  A@99=48.1% (range 37.2-59.7)  A@99.9=50.4%  B(p99/99%)=50.3%  distinct=50.7%
glm5_ib_longbook_choice_eng_8192_s00: ctx=8192 pool~5667  A@99=61.2% (range 42.2-79.6)  A@99.9=69.1%  B(p99/99%)=68.7%  distinct=70.6%
glm5_ib_longbook_qa_eng_8192_s00: ctx=8192 pool~5715  A@99=62.9% (range 41.4-78.7)  A@99.9=71.1%  B(p99/99%)=71.5%  distinct=72.5%
glm5_ib_longbook_qa_eng_8192_ld00: ctx=8192 pool~7680  A@99=75.3% (range 52.8-94.9)  A@99.9=87.8%  B(p99/99%)=87.4%  distinct=96.1%
glm5_ib_longbook_qa_eng_8192_ld01: ctx=8192 pool~7541  A@99=79.5% (range 56.4-94.9)  A@99.9=91.5%  B(p99/99%)=91.5%  distinct=98.2%

=== coverage (% of top-k accesses) vs hot-set budget (% of candidate pool), mean over CSA layers ===
pool% |     8K |     8K |     8K |     8K |     8K |     8K |     8K |     8K |     8K |     8K |     8K |     8K |     8K |     8K |     8K |     8K |     8K |     8K |     8K |     8K |     8K |     8K |     8K |     8K |     8K |     8K |     8K |     8K
   1% |    3.9 |    3.7 |    3.9 |    3.9 |    4.1 |    4.1 |    3.2 |    3.2 |    2.5 |    2.2 |    2.4 |    2.5 |    3.1 |    3.1 |    3.6 |    3.6 |    3.3 |    3.2 |    2.7 |    2.8 |    2.7 |    2.6 |    2.7 |    2.7 |    2.8 |    2.8 |    3.7 |    3.6
   2% |    7.9 |    7.3 |    7.9 |    7.9 |    8.1 |    8.1 |    6.4 |    6.5 |    5.0 |    4.5 |    4.9 |    4.9 |    6.1 |    6.2 |    7.1 |    7.0 |    6.5 |    6.2 |    5.4 |    5.5 |    5.5 |    5.3 |    5.5 |    5.5 |    5.5 |    5.6 |    7.3 |    7.1
   3% |   11.8 |   10.9 |   11.8 |   11.8 |   12.2 |   12.2 |    9.7 |    9.7 |    7.5 |    6.6 |    7.3 |    7.4 |    9.0 |    9.1 |   10.5 |   10.3 |    9.6 |    9.2 |    8.2 |    8.3 |    8.3 |    7.9 |    8.3 |    8.3 |    8.3 |    8.3 |   10.6 |   10.3
   5% |   19.6 |   18.2 |   19.6 |   19.6 |   20.3 |   20.3 |   16.1 |   16.2 |   12.3 |   11.0 |   12.2 |   12.2 |   14.4 |   14.7 |   16.9 |   16.6 |   15.4 |   14.9 |   13.6 |   13.8 |   13.7 |   13.1 |   13.7 |   13.7 |   13.8 |   14.0 |   17.1 |   16.5
   7% |   27.4 |   25.4 |   27.4 |   27.4 |   28.4 |   28.4 |   22.6 |   22.7 |   17.1 |   15.4 |   17.1 |   16.9 |   19.5 |   20.0 |   22.9 |   22.5 |   20.7 |   20.2 |   19.0 |   19.3 |   19.2 |   18.4 |   19.2 |   19.2 |   19.3 |   19.5 |   23.1 |   22.3
  10% |   39.0 |   36.1 |   39.0 |   39.0 |   40.5 |   40.1 |   32.2 |   32.4 |   23.9 |   21.7 |   24.4 |   23.8 |   26.6 |   27.4 |   31.1 |   30.5 |   28.2 |   27.6 |   27.2 |   27.6 |   27.4 |   26.3 |   27.4 |   27.4 |   27.5 |   27.7 |   31.3 |   30.2
  15% |   57.0 |   52.6 |   57.0 |   56.7 |   59.7 |   58.1 |   47.7 |   48.4 |   34.7 |   31.8 |   36.4 |   34.7 |   37.2 |   38.5 |   43.1 |   42.3 |   39.3 |   38.7 |   40.8 |   41.4 |   41.2 |   39.4 |   41.2 |   41.2 |   40.8 |   40.9 |   43.4 |   41.9
  20% |   71.9 |   66.7 |   72.1 |   71.5 |   75.5 |   72.9 |   61.9 |   63.3 |   44.5 |   41.3 |   48.0 |   44.8 |   46.6 |   48.2 |   53.3 |   52.5 |   48.9 |   48.3 |   54.2 |   54.8 |   54.7 |   52.5 |   54.8 |   54.7 |   53.2 |   53.3 |   53.9 |   52.0
  25% |   83.0 |   77.7 |   83.2 |   82.5 |   87.6 |   83.8 |   74.1 |   75.8 |   53.3 |   50.0 |   58.9 |   53.9 |   55.0 |   56.7 |   61.9 |   61.3 |   57.3 |   56.7 |   66.7 |   67.2 |   67.5 |   65.1 |   68.2 |   67.5 |   64.3 |   64.2 |   62.9 |   60.7
  30% |   90.2 |   85.8 |   90.5 |   89.7 |   94.3 |   91.0 |   83.7 |   85.2 |   61.1 |   57.8 |   68.9 |   61.9 |   62.3 |   64.1 |   69.2 |   69.0 |   64.6 |   64.0 |   77.6 |   77.9 |   78.7 |   76.5 |   80.2 |   78.8 |   73.8 |   73.6 |   70.5 |   68.1
  40% |   97.3 |   95.0 |   97.5 |   97.0 |   99.9 |   98.0 |   95.0 |   96.5 |   73.8 |   71.1 |   84.6 |   75.0 |   74.5 |   76.3 |   80.7 |   81.0 |   76.3 |   75.9 |   92.3 |   92.2 |   93.4 |   92.4 |   95.7 |   93.9 |   87.3 |   86.9 |   82.2 |   79.9
  50% |   99.5 |   98.6 |   99.5 |   99.4 |  100.0 |   99.8 |   99.2 |   99.9 |   83.3 |   81.4 |   93.6 |   84.6 |   83.7 |   85.4 |   88.6 |   89.2 |   85.0 |   84.8 |   98.4 |   98.2 |   98.9 |   98.7 |   99.7 |   99.0 |   94.8 |   94.3 |   90.0 |   88.1
  60% |  100.0 |   99.8 |   99.9 |   99.9 |  100.0 |  100.0 |  100.0 |  100.0 |   90.0 |   88.8 |   97.8 |   91.2 |   90.4 |   91.8 |   93.9 |   94.3 |   91.1 |   91.1 |   99.9 |   99.8 |  100.0 |   99.9 |  100.0 |  100.0 |   98.3 |   97.9 |   94.8 |   93.4
  75% |  100.0 |  100.0 |  100.0 |  100.0 |  100.0 |  100.0 |  100.0 |  100.0 |   96.3 |   96.0 |   99.7 |   97.0 |   96.6 |   97.3 |   98.1 |   98.2 |   96.7 |   96.8 |  100.0 |  100.0 |  100.0 |  100.0 |  100.0 |  100.0 |   99.8 |   99.8 |   98.4 |   97.8
 100% |  100.0 |  100.0 |  100.0 |  100.0 |  100.0 |  100.0 |  100.0 |  100.0 |  100.0 |  100.0 |  100.0 |  100.0 |  100.0 |  100.0 |  100.0 |  100.0 |  100.0 |  100.0 |  100.0 |  100.0 |  100.0 |  100.0 |  100.0 |  100.0 |  100.0 |  100.0 |  100.0 |  100.0
wrote 2 plots to <WORKDIR>/runs/_hotset_glm5_8192
