glm52_ruler_niah_single_2_8192_s00_b: ctx=8192 pool~8049  A@99=44.1% (range 33.2-51.5)  A@99.9=49.0%  B(p99/99%)=49.2%  distinct=49.6%
glm52_ruler_niah_single_2_8192_s01_b: ctx=8192 pool~7459  A@99=48.3% (range 35.7-56.2)  A@99.9=53.5%  B(p99/99%)=53.7%  distinct=54.1%
glm52_ruler_niah_single_2_8192_s02_b: ctx=8192 pool~8049  A@99=43.0% (range 33.4-51.8)  A@99.9=48.0%  B(p99/99%)=48.2%  distinct=48.6%
glm52_ruler_niah_single_2_8192_s03_b: ctx=8192 pool~8046  A@99=43.3% (range 33.5-51.8)  A@99.9=48.1%  B(p99/99%)=48.2%  distinct=48.6%
glm52_ruler_qa_1_8192_s00_b: ctx=8192 pool~8295  A@99=33.6% (range 28.4-44.4)  A@99.9=34.3%  B(p99/99%)=34.1%  distinct=34.4%
glm52_ruler_qa_1_8192_s01_b: ctx=8192 pool~8307  A@99=40.9% (range 32.2-46.8)  A@99.9=42.9%  B(p99/99%)=42.8%  distinct=43.1%
glm52_ruler_qa_1_8192_s02_b: ctx=8192 pool~6598  A@99=48.1% (range 39.1-55.9)  A@99.9=50.3%  B(p99/99%)=50.3%  distinct=50.6%
glm52_ruler_qa_1_8192_s03_b: ctx=8192 pool~6634  A@99=43.0% (range 36.3-54.6)  A@99.9=44.1%  B(p99/99%)=43.9%  distinct=44.2%
glm52_lb1_gov_report_8192_s00_b: ctx=8192 pool~5175  A@99=83.3% (range 54.0-91.9)  A@99.9=92.1%  B(p99/99%)=91.0%  distinct=97.0%
glm52_lb1_gov_report_8192_s01_b: ctx=8192 pool~4694  A@99=85.5% (range 58.6-93.3)  A@99.9=93.4%  B(p99/99%)=92.5%  distinct=97.9%
glm52_lb1_qmsum_8192_s02_b: ctx=8192 pool~5019  A@99=64.6% (range 52.8-76.6)  A@99.9=74.5%  B(p99/99%)=74.8%  distinct=76.9%
glm52_lb1_multi_news_8192_s03_b: ctx=8192 pool~5098  A@99=82.7% (range 59.3-92.1)  A@99.9=91.6%  B(p99/99%)=90.6%  distinct=96.7%
glm52_lb1_multi_news_8192_ld00_b: ctx=8192 pool~6538  A@99=86.6% (range 60.1-94.4)  A@99.9=95.1%  B(p99/99%)=95.1%  distinct=99.3%
glm52_lb1_multi_news_8192_ld01_b: ctx=8192 pool~6499  A@99=81.7% (range 57.1-93.6)  A@99.9=91.6%  B(p99/99%)=91.9%  distinct=97.8%
glm52_lb1_qmsum_8192_ld02_b: ctx=8192 pool~7439  A@99=76.6% (range 52.0-90.9)  A@99.9=88.0%  B(p99/99%)=88.0%  distinct=96.3%
glm52_lb1_qmsum_8192_ld03_b: ctx=8192 pool~7434  A@99=77.6% (range 50.3-90.9)  A@99.9=88.4%  B(p99/99%)=87.9%  distinct=96.1%
glm52_lb1_gov_report_8192_ld04_b: ctx=8192 pool~7020  A@99=85.9% (range 50.0-92.5)  A@99.9=94.4%  B(p99/99%)=94.2%  distinct=98.9%
glm52_lb1_multi_news_8192_ld05_b: ctx=8192 pool~6603  A@99=85.8% (range 53.6-94.2)  A@99.9=94.6%  B(p99/99%)=94.6%  distinct=99.2%
glm52_lb2_single-document_8192_s00_b: ctx=8192 pool~5568  A@99=52.3% (range 44.1-61.0)  A@99.9=55.3%  B(p99/99%)=55.2%  distinct=55.6%
glm52_lb2_long-dialogue_8192_s01_b: ctx=8192 pool~5666  A@99=54.9% (range 45.0-66.0)  A@99.9=58.7%  B(p99/99%)=58.7%  distinct=59.2%
glm52_lb2_multi-document_8192_s02_b: ctx=8192 pool~5618  A@99=50.8% (range 44.9-57.9)  A@99.9=53.8%  B(p99/99%)=53.7%  distinct=54.1%
glm52_lb2_code_8192_s03_b: ctx=8192 pool~5379  A@99=52.1% (range 46.7-61.3)  A@99.9=55.2%  B(p99/99%)=55.1%  distinct=55.5%
glm52_ib_passkey_8192_s00_b: ctx=8192 pool~5621  A@99=44.9% (range 38.6-55.1)  A@99.9=46.2%  B(p99/99%)=45.9%  distinct=46.3%
glm52_ib_number_string_8192_s00_b: ctx=8192 pool~5625  A@99=48.1% (range 41.3-57.4)  A@99.9=50.4%  B(p99/99%)=50.2%  distinct=50.6%
glm52_ib_longbook_choice_eng_8192_s00_b: ctx=8192 pool~5668  A@99=58.9% (range 48.4-68.8)  A@99.9=67.2%  B(p99/99%)=66.7%  distinct=68.6%
glm52_ib_longbook_qa_eng_8192_s00_b: ctx=8192 pool~5717  A@99=60.1% (range 46.7-69.7)  A@99.9=68.7%  B(p99/99%)=68.0%  distinct=70.1%
glm52_ib_longbook_qa_eng_8192_ld00_b: ctx=8192 pool~7681  A@99=78.6% (range 46.8-91.5)  A@99.9=89.7%  B(p99/99%)=89.7%  distinct=97.1%
glm52_ib_longbook_qa_eng_8192_ld01_b: ctx=8192 pool~7542  A@99=76.1% (range 49.3-91.5)  A@99.9=88.0%  B(p99/99%)=88.4%  distinct=96.5%

=== coverage (% of top-k accesses) vs hot-set budget (% of candidate pool), mean over CSA layers ===
pool% |     8K |     8K |     8K |     8K |     8K |     8K |     8K |     8K |     8K |     8K |     8K |     8K |     8K |     8K |     8K |     8K |     8K |     8K |     8K |     8K |     8K |     8K |     8K |     8K |     8K |     8K |     8K |     8K
   1% |    3.9 |    3.7 |    3.9 |    3.9 |    4.1 |    4.1 |    3.2 |    3.2 |    2.5 |    2.3 |    2.4 |    2.5 |    3.1 |    3.1 |    3.6 |    3.6 |    3.3 |    3.2 |    2.7 |    2.8 |    2.7 |    2.6 |    2.7 |    2.7 |    2.8 |    2.8 |    3.7 |    3.6
   2% |    7.9 |    7.3 |    7.9 |    7.9 |    8.1 |    8.1 |    6.4 |    6.5 |    5.0 |    4.6 |    4.9 |    5.0 |    6.2 |    6.2 |    7.1 |    7.1 |    6.5 |    6.2 |    5.4 |    5.5 |    5.5 |    5.3 |    5.5 |    5.5 |    5.5 |    5.6 |    7.3 |    7.2
   3% |   11.8 |   10.9 |   11.8 |   11.8 |   12.2 |   12.2 |    9.7 |    9.7 |    7.5 |    6.8 |    7.4 |    7.4 |    9.2 |    9.1 |   10.6 |   10.4 |    9.6 |    9.1 |    8.2 |    8.3 |    8.3 |    7.9 |    8.3 |    8.3 |    8.3 |    8.4 |   10.7 |   10.7
   5% |   19.6 |   18.2 |   19.6 |   19.6 |   20.3 |   20.3 |   16.1 |   16.2 |   12.3 |   11.3 |   12.3 |   12.2 |   14.7 |   14.7 |   17.1 |   16.8 |   15.4 |   14.5 |   13.6 |   13.8 |   13.7 |   13.1 |   13.7 |   13.7 |   13.8 |   14.0 |   17.1 |   17.4
   7% |   27.5 |   25.5 |   27.5 |   27.5 |   28.3 |   28.4 |   22.6 |   22.7 |   17.0 |   15.6 |   17.1 |   16.9 |   19.9 |   19.9 |   23.2 |   22.7 |   20.7 |   19.6 |   19.0 |   19.4 |   19.2 |   18.4 |   19.2 |   19.2 |   19.4 |   19.5 |   23.1 |   23.7
  10% |   39.1 |   36.3 |   39.2 |   39.2 |   40.3 |   40.3 |   32.2 |   32.4 |   23.7 |   21.8 |   24.5 |   23.7 |   26.9 |   27.2 |   31.6 |   30.8 |   28.1 |   26.6 |   27.2 |   27.7 |   27.4 |   26.3 |   27.4 |   27.4 |   27.7 |   27.9 |   31.3 |   32.3
  15% |   57.1 |   53.2 |   57.3 |   57.3 |   59.7 |   58.5 |   47.7 |   48.4 |   34.2 |   31.8 |   36.5 |   34.4 |   37.5 |   38.2 |   43.6 |   42.6 |   39.0 |   37.1 |   40.7 |   41.3 |   41.2 |   39.4 |   41.2 |   41.2 |   41.2 |   41.4 |   43.4 |   44.6
  20% |   72.1 |   67.8 |   72.7 |   72.4 |   75.2 |   73.8 |   62.1 |   63.1 |   43.7 |   40.9 |   48.0 |   44.1 |   46.7 |   47.8 |   53.7 |   52.7 |   48.5 |   46.5 |   54.1 |   54.3 |   54.7 |   52.4 |   54.9 |   54.9 |   54.0 |   53.9 |   53.5 |   55.0
  25% |   83.2 |   79.1 |   84.0 |   83.7 |   87.4 |   85.0 |   74.3 |   75.9 |   52.3 |   49.4 |   58.9 |   52.7 |   54.8 |   56.4 |   62.4 |   61.4 |   56.9 |   54.7 |   66.5 |   66.3 |   67.3 |   64.9 |   68.2 |   67.9 |   65.4 |   65.3 |   62.1 |   63.7
  30% |   90.5 |   87.2 |   91.2 |   90.9 |   94.0 |   92.0 |   83.6 |   85.6 |   60.0 |   57.0 |   68.7 |   60.5 |   61.9 |   63.9 |   69.8 |   68.8 |   64.1 |   62.0 |   77.2 |   76.6 |   78.3 |   76.0 |   80.2 |   79.3 |   75.3 |   75.0 |   69.4 |   71.1
  40% |   97.5 |   95.7 |   97.8 |   97.7 |   99.7 |   98.2 |   94.9 |   96.4 |   72.8 |   70.1 |   84.1 |   73.3 |   73.7 |   76.1 |   81.3 |   80.3 |   75.5 |   73.8 |   91.9 |   90.6 |   92.8 |   91.6 |   95.6 |   94.2 |   89.0 |   88.6 |   80.6 |   82.1
  50% |   99.6 |   99.0 |   99.7 |   99.7 |  100.0 |  100.0 |   99.1 |   99.8 |   82.5 |   80.2 |   93.3 |   82.9 |   82.6 |   85.1 |   89.0 |   88.3 |   83.8 |   82.8 |   98.2 |   97.3 |   98.6 |   98.3 |   99.6 |   99.1 |   96.0 |   95.6 |   88.4 |   89.6
  60% |  100.0 |   99.9 |  100.0 |  100.0 |  100.0 |  100.0 |  100.0 |  100.0 |   89.6 |   87.8 |   97.7 |   89.9 |   89.2 |   91.5 |   94.0 |   93.5 |   89.9 |   89.4 |   99.9 |   99.5 |  100.0 |   99.9 |  100.0 |  100.0 |   98.9 |   98.7 |   93.6 |   94.4
  75% |  100.0 |  100.0 |  100.0 |  100.0 |  100.0 |  100.0 |  100.0 |  100.0 |   96.3 |   95.4 |   99.8 |   96.6 |   95.7 |   97.2 |   98.1 |   98.0 |   95.9 |   95.9 |  100.0 |  100.0 |  100.0 |  100.0 |  100.0 |  100.0 |  100.0 |  100.0 |   97.9 |   98.2
 100% |  100.0 |  100.0 |  100.0 |  100.0 |  100.0 |  100.0 |  100.0 |  100.0 |  100.0 |  100.0 |  100.0 |  100.0 |  100.0 |  100.0 |  100.0 |  100.0 |  100.0 |  100.0 |  100.0 |  100.0 |  100.0 |  100.0 |  100.0 |  100.0 |  100.0 |  100.0 |  100.0 |  100.0
wrote 2 plots to <WORKDIR>/runs/_hotset_glm52_8192
