glm5_ruler_niah_single_2_65536_s00: ctx=65536 pool~65335  A@99=9.1% (range 4.0-15.2)  A@99.9=9.8%  B(p99/99%)=9.8%  distinct=9.9%
glm5_ruler_niah_single_2_65536_s01: ctx=65536 pool~65332  A@99=8.6% (range 4.0-15.0)  A@99.9=9.2%  B(p99/99%)=9.3%  distinct=9.3%
glm5_ruler_niah_single_2_65536_s02: ctx=65536 pool~65329  A@99=9.1% (range 3.9-15.0)  A@99.9=9.7%  B(p99/99%)=9.7%  distinct=9.8%
glm5_ruler_niah_single_2_65536_s03: ctx=65536 pool~65332  A@99=8.7% (range 4.0-15.1)  A@99.9=9.3%  B(p99/99%)=9.4%  distinct=9.4%
glm5_ruler_qa_1_65536_s00: ctx=65536 pool~65744  A@99=5.1% (range 3.4-7.1)  A@99.9=5.2%  B(p99/99%)=5.1%  distinct=5.2%
glm5_ruler_qa_1_65536_s01: ctx=65536 pool~64955  A@99=7.4% (range 3.7-10.8)  A@99.9=7.6%  B(p99/99%)=7.6%  distinct=7.6%
glm5_ruler_qa_1_65536_s02: ctx=65536 pool~64062  A@99=7.3% (range 3.8-10.7)  A@99.9=7.6%  B(p99/99%)=7.5%  distinct=7.6%
glm5_ruler_qa_1_65536_s03: ctx=65536 pool~65259  A@99=5.7% (range 3.6-8.4)  A@99.9=5.8%  B(p99/99%)=5.8%  distinct=5.8%
glm5_lb1_gov_report_65536_s00: ctx=65536 pool~44034  A@99=35.1% (range 8.6-67.2)  A@99.9=44.5%  B(p99/99%)=44.4%  distinct=46.9%
glm5_lb1_gov_report_65536_s01: ctx=65536 pool~51962  A@99=32.3% (range 8.1-62.1)  A@99.9=40.9%  B(p99/99%)=40.9%  distinct=42.9%
glm5_lb1_gov_report_65536_s02: ctx=65536 pool~40351  A@99=32.7% (range 8.9-66.8)  A@99.9=42.0%  B(p99/99%)=41.8%  distinct=44.2%
glm5_lb2_single-document_65536_s00: ctx=65536 pool~62330  A@99=9.2% (range 3.9-15.8)  A@99.9=9.7%  B(p99/99%)=9.7%  distinct=9.7%
glm5_lb2_long-dialogue_65536_s01: ctx=65536 pool~39048  A@99=24.5% (range 7.8-46.9)  A@99.9=29.3%  B(p99/99%)=29.5%  distinct=29.9%
glm5_lb2_multi-document_65536_s02: ctx=65536 pool~50620  A@99=8.1% (range 4.7-11.8)  A@99.9=8.4%  B(p99/99%)=8.4%  distinct=8.4%
glm5_lb2_code_65536_s03: ctx=65536 pool~58119  A@99=6.9% (range 4.2-10.4)  A@99.9=7.2%  B(p99/99%)=7.2%  distinct=7.2%
glm5_ib_passkey_65536_s00: ctx=65536 pool~62967  A@99=5.2% (range 3.9-7.6)  A@99.9=5.4%  B(p99/99%)=5.3%  distinct=5.4%
glm5_ib_number_string_65536_s00: ctx=65536 pool~62971  A@99=6.1% (range 4.0-9.6)  A@99.9=6.4%  B(p99/99%)=6.4%  distinct=6.4%
glm5_ib_longbook_choice_eng_65536_s00: ctx=65536 pool~63144  A@99=13.6% (range 4.3-26.3)  A@99.9=14.8%  B(p99/99%)=14.8%  distinct=14.9%
glm5_ib_longbook_qa_eng_65536_s00: ctx=65536 pool~63683  A@99=11.9% (range 4.2-22.9)  A@99.9=13.1%  B(p99/99%)=13.1%  distinct=13.2%
glm5_ib_longbook_qa_eng_65536_ld00: ctx=65536 pool~65295  A@99=34.3% (range 8.2-74.9)  A@99.9=48.4%  B(p99/99%)=48.8%  distinct=54.4%
glm5_ib_longbook_qa_eng_65536_ld01: ctx=65536 pool~64176  A@99=32.0% (range 7.6-77.2)  A@99.9=45.4%  B(p99/99%)=45.8%  distinct=51.3%
glm5_ib_longbook_sum_eng_65536_ld00: ctx=65536 pool~65840  A@99=31.9% (range 8.6-75.4)  A@99.9=44.3%  B(p99/99%)=43.8%  distinct=49.9%
glm5_ib_longbook_sum_eng_65536_ld01: ctx=65536 pool~65279  A@99=30.5% (range 8.9-76.0)  A@99.9=42.4%  B(p99/99%)=41.6%  distinct=47.9%
glm5_ib_longbook_sum_eng_65536_ld02: ctx=65536 pool~64686  A@99=30.0% (range 9.0-76.2)  A@99.9=41.7%  B(p99/99%)=41.0%  distinct=47.3%
glm5_ib_longbook_sum_eng_65536_ld03: ctx=65536 pool~65539  A@99=31.3% (range 8.8-74.5)  A@99.9=43.3%  B(p99/99%)=42.8%  distinct=48.9%
glm5_ib_longbook_sum_eng_65536_ld04: ctx=65536 pool~65397  A@99=31.4% (range 8.6-76.0)  A@99.9=43.7%  B(p99/99%)=43.2%  distinct=49.4%
glm5_ib_longbook_sum_eng_65536_ld05: ctx=65536 pool~65615  A@99=33.6% (range 8.3-76.1)  A@99.9=45.9%  B(p99/99%)=45.3%  distinct=51.6%

=== coverage (% of top-k accesses) vs hot-set budget (% of candidate pool), mean over CSA layers ===
pool% |    64K |    64K |    64K |    64K |    64K |    64K |    64K |    64K |    64K |    64K |    64K |    64K |    64K |    64K |    64K |    64K |    64K |    64K |    64K |    64K |    64K |    64K |    64K |    64K |    64K |    64K |    64K
   1% |   30.8 |   31.1 |   30.7 |   30.9 |   31.2 |   30.1 |   29.6 |   30.5 |   18.5 |   21.1 |   17.5 |   28.9 |   17.6 |   24.7 |   28.3 |   30.6 |   30.4 |   27.3 |   28.6 |   24.5 |   24.4 |   24.4 |   24.2 |   24.4 |   24.5 |   24.4 |   23.6
   2% |   55.4 |   56.3 |   55.0 |   55.9 |   57.9 |   54.3 |   53.7 |   55.7 |   32.4 |   36.2 |   31.5 |   51.8 |   32.0 |   47.4 |   54.0 |   58.5 |   56.5 |   47.1 |   50.5 |   40.9 |   41.5 |   41.1 |   40.8 |   41.2 |   41.2 |   40.8 |   39.6
   3% |   71.9 |   73.1 |   71.4 |   72.7 |   76.8 |   71.1 |   70.7 |   73.9 |   43.1 |   47.4 |   42.7 |   68.0 |   43.6 |   65.8 |   73.1 |   79.1 |   75.5 |   61.1 |   65.6 |   52.6 |   54.1 |   53.3 |   53.0 |   53.7 |   53.6 |   53.0 |   51.4
   5% |   88.2 |   89.3 |   87.7 |   89.0 |   95.5 |   89.1 |   88.9 |   92.7 |   58.2 |   62.4 |   58.8 |   85.4 |   60.7 |   87.1 |   91.8 |   96.7 |   94.0 |   78.3 |   82.3 |   68.0 |   70.5 |   69.4 |   69.1 |   70.0 |   69.6 |   69.0 |   66.8
   7% |   94.8 |   95.7 |   94.6 |   95.4 |  100.0 |   96.4 |   96.2 |   99.3 |   67.9 |   71.7 |   69.3 |   93.3 |   72.0 |   95.7 |   97.9 |   99.8 |   99.2 |   87.2 |   90.3 |   76.8 |   79.3 |   78.3 |   78.2 |   79.1 |   78.5 |   78.1 |   75.6
  10% |   98.5 |   99.0 |   98.5 |   98.8 |  100.0 |   99.8 |   99.9 |  100.0 |   77.3 |   80.3 |   79.1 |   98.0 |   82.7 |   99.6 |  100.0 |  100.0 |  100.0 |   93.9 |   95.9 |   84.2 |   86.2 |   85.5 |   85.7 |   86.3 |   85.7 |   85.5 |   83.2
  15% |  100.0 |  100.0 |  100.0 |  100.0 |  100.0 |  100.0 |  100.0 |  100.0 |   86.2 |   88.2 |   88.0 |   99.9 |   91.9 |  100.0 |  100.0 |  100.0 |  100.0 |   98.1 |   99.1 |   90.6 |   91.8 |   91.5 |   91.8 |   92.1 |   91.6 |   91.6 |   89.8
  20% |  100.0 |  100.0 |  100.0 |  100.0 |  100.0 |  100.0 |  100.0 |  100.0 |   91.2 |   92.5 |   92.8 |  100.0 |   96.2 |  100.0 |  100.0 |  100.0 |  100.0 |   99.5 |   99.9 |   94.0 |   94.7 |   94.6 |   94.9 |   95.1 |   94.7 |   94.7 |   93.4
  25% |  100.0 |  100.0 |  100.0 |  100.0 |  100.0 |  100.0 |  100.0 |  100.0 |   94.3 |   95.2 |   95.5 |  100.0 |   98.2 |  100.0 |  100.0 |  100.0 |  100.0 |   99.9 |  100.0 |   96.1 |   96.4 |   96.4 |   96.7 |   96.8 |   96.5 |   96.5 |   95.7
  30% |  100.0 |  100.0 |  100.0 |  100.0 |  100.0 |  100.0 |  100.0 |  100.0 |   96.3 |   96.9 |   97.2 |  100.0 |   99.2 |  100.0 |  100.0 |  100.0 |  100.0 |  100.0 |  100.0 |   97.4 |   97.5 |   97.6 |   97.8 |   97.9 |   97.7 |   97.7 |   97.1
  40% |  100.0 |  100.0 |  100.0 |  100.0 |  100.0 |  100.0 |  100.0 |  100.0 |   98.5 |   98.8 |   99.0 |  100.0 |   99.9 |  100.0 |  100.0 |  100.0 |  100.0 |  100.0 |  100.0 |   98.8 |   98.8 |   98.9 |   99.0 |   99.0 |   99.0 |   99.0 |   98.7
  50% |  100.0 |  100.0 |  100.0 |  100.0 |  100.0 |  100.0 |  100.0 |  100.0 |   99.5 |   99.6 |   99.7 |  100.0 |  100.0 |  100.0 |  100.0 |  100.0 |  100.0 |  100.0 |  100.0 |   99.5 |   99.5 |   99.5 |   99.6 |   99.6 |   99.6 |   99.5 |   99.5
  60% |  100.0 |  100.0 |  100.0 |  100.0 |  100.0 |  100.0 |  100.0 |  100.0 |   99.9 |   99.9 |   99.9 |  100.0 |  100.0 |  100.0 |  100.0 |  100.0 |  100.0 |  100.0 |  100.0 |   99.8 |   99.8 |   99.8 |   99.8 |   99.8 |   99.8 |   99.8 |   99.8
  75% |  100.0 |  100.0 |  100.0 |  100.0 |  100.0 |  100.0 |  100.0 |  100.0 |  100.0 |  100.0 |  100.0 |  100.0 |  100.0 |  100.0 |  100.0 |  100.0 |  100.0 |  100.0 |  100.0 |  100.0 |  100.0 |  100.0 |  100.0 |  100.0 |  100.0 |  100.0 |  100.0
 100% |  100.0 |  100.0 |  100.0 |  100.0 |  100.0 |  100.0 |  100.0 |  100.0 |  100.0 |  100.0 |  100.0 |  100.0 |  100.0 |  100.0 |  100.0 |  100.0 |  100.0 |  100.0 |  100.0 |  100.0 |  100.0 |  100.0 |  100.0 |  100.0 |  100.0 |  100.0 |  100.0
wrote 2 plots to <WORKDIR>/runs/_hotset_glm5_65536
