v32_ruler_niah_single_2_16384_s00: ctx=16384 pool~15703  A@99=35.3% (range 16.9-60.5)  A@99.9=40.2%  B(p99/99%)=40.5%  distinct=40.8%
v32_ruler_niah_single_2_16384_s01: ctx=16384 pool~16304  A@99=37.3% (range 16.9-62.3)  A@99.9=43.5%  B(p99/99%)=44.0%  distinct=44.3%
v32_ruler_niah_single_2_16384_s02: ctx=16384 pool~16263  A@99=29.6% (range 16.2-47.1)  A@99.9=32.0%  B(p99/99%)=32.1%  distinct=32.3%
v32_ruler_niah_single_2_16384_s03: ctx=16384 pool~16256  A@99=28.0% (range 16.1-35.2)  A@99.9=29.8%  B(p99/99%)=29.9%  distinct=30.0%
v32_ruler_qa_1_16384_s00: ctx=16384 pool~14178  A@99=22.7% (range 17.2-26.9)  A@99.9=23.0%  B(p99/99%)=22.9%  distinct=23.1%
v32_ruler_qa_1_16384_s01: ctx=16384 pool~15630  A@99=35.7% (range 17.0-50.3)  A@99.9=39.4%  B(p99/99%)=39.6%  distinct=39.8%
v32_ruler_qa_1_16384_s02: ctx=16384 pool~16194  A@99=23.0% (range 16.0-32.5)  A@99.9=26.4%  B(p99/99%)=26.4%  distinct=26.8%
v32_ruler_qa_1_16384_s03: ctx=16384 pool~14722  A@99=24.1% (range 17.3-30.1)  A@99.9=24.6%  B(p99/99%)=24.5%  distinct=24.7%
v32_lb1_gov_report_16384_s00: ctx=16384 pool~11942  A@99=67.2% (range 26.8-84.4)  A@99.9=80.5%  B(p99/99%)=78.0%  distinct=86.5%
v32_lb1_gov_report_16384_s01: ctx=16384 pool~8752  A@99=75.3% (range 36.9-92.0)  A@99.9=87.0%  B(p99/99%)=85.4%  distinct=92.7%
v32_lb1_gov_report_16384_s02: ctx=16384 pool~12983  A@99=64.8% (range 25.8-80.6)  A@99.9=78.6%  B(p99/99%)=76.6%  distinct=84.6%
v32_lb1_qmsum_16384_s03: ctx=16384 pool~13154  A@99=45.7% (range 30.4-59.3)  A@99.9=55.4%  B(p99/99%)=55.0%  distinct=57.1%
v32_lb1_gov_report_16384_ld00: ctx=16384 pool~12483  A@99=67.2% (range 31.7-84.4)  A@99.9=83.7%  B(p99/99%)=83.6%  distinct=93.4%
v32_lb1_qmsum_16384_ld01: ctx=16384 pool~12829  A@99=65.4% (range 32.7-83.6)  A@99.9=80.9%  B(p99/99%)=79.6%  distinct=91.4%
v32_lb1_gov_report_16384_ld02: ctx=16384 pool~12783  A@99=73.6% (range 33.6-89.5)  A@99.9=87.6%  B(p99/99%)=85.9%  distinct=95.4%
v32_lb1_gov_report_16384_ld03: ctx=16384 pool~12029  A@99=75.2% (range 32.0-90.6)  A@99.9=89.0%  B(p99/99%)=87.7%  distinct=96.3%
v32_lb1_gov_report_16384_ld04: ctx=16384 pool~12815  A@99=73.5% (range 30.2-88.0)  A@99.9=88.2%  B(p99/99%)=86.6%  distinct=95.9%
v32_lb1_qmsum_16384_ld05: ctx=16384 pool~14800  A@99=61.7% (range 29.7-80.8)  A@99.9=78.5%  B(p99/99%)=76.3%  distinct=89.3%
v32_lb2_single-document_16384_s00: ctx=16384 pool~13817  A@99=34.2% (range 18.6-46.1)  A@99.9=37.3%  B(p99/99%)=37.4%  distinct=37.6%
v32_lb2_long-dialogue_16384_s01: ctx=16384 pool~13816  A@99=32.5% (range 22.6-47.5)  A@99.9=38.8%  B(p99/99%)=39.2%  distinct=39.8%
v32_lb2_multi-document_16384_s02: ctx=16384 pool~13852  A@99=26.1% (range 19.0-37.0)  A@99.9=27.3%  B(p99/99%)=27.3%  distinct=27.5%
v32_lb2_code_16384_s03: ctx=16384 pool~14067  A@99=24.1% (range 19.3-33.0)  A@99.9=25.2%  B(p99/99%)=25.2%  distinct=25.4%
v32_ib_passkey_16384_s00: ctx=16384 pool~13812  A@99=19.4% (range 15.4-30.9)  A@99.9=20.2%  B(p99/99%)=20.1%  distinct=20.3%
v32_ib_number_string_16384_s00: ctx=16384 pool~13818  A@99=23.9% (range 16.3-46.8)  A@99.9=25.5%  B(p99/99%)=25.5%  distinct=25.7%
v32_ib_longbook_choice_eng_16384_s00: ctx=16384 pool~13857  A@99=35.0% (range 18.4-47.4)  A@99.9=40.2%  B(p99/99%)=40.4%  distinct=40.7%
v32_ib_longbook_qa_eng_16384_s00: ctx=16384 pool~13832  A@99=36.6% (range 19.6-55.9)  A@99.9=40.8%  B(p99/99%)=41.1%  distinct=41.3%
v32_ib_longbook_qa_eng_16384_ld00: ctx=16384 pool~15844  A@99=55.0% (range 27.4-80.5)  A@99.9=72.8%  B(p99/99%)=71.6%  distinct=84.7%
v32_ib_longbook_qa_eng_16384_ld01: ctx=16384 pool~15843  A@99=60.0% (range 29.1-83.4)  A@99.9=77.8%  B(p99/99%)=76.3%  distinct=89.0%

=== coverage (% of top-k accesses) vs hot-set budget (% of candidate pool), mean over CSA layers ===
pool% |    16K |    16K |    16K |    16K |    16K |    16K |    16K |    16K |    16K |    16K |    16K |    16K |    16K |    16K |    16K |    16K |    16K |    16K |    16K |    16K |    16K |    16K |    16K |    16K |    16K |    16K |    16K |    16K
   1% |    7.7 |    7.9 |    8.0 |    8.0 |    6.9 |    7.6 |    7.9 |    7.2 |    5.7 |    4.3 |    6.2 |    6.4 |    6.0 |    6.1 |    6.0 |    5.7 |    6.0 |    7.0 |    6.7 |    6.7 |    6.8 |    6.9 |    6.7 |    6.7 |    6.8 |    6.7 |    7.6 |    7.5
   2% |   15.3 |   15.8 |   15.8 |   15.8 |   13.9 |   15.0 |   15.8 |   14.4 |   11.1 |    8.4 |   11.9 |   12.7 |   11.6 |   11.8 |   11.4 |   11.1 |   11.5 |   13.5 |   13.5 |   13.5 |   13.5 |   13.7 |   13.5 |   13.5 |   13.5 |   13.5 |   14.7 |   14.4
   3% |   22.7 |   23.3 |   23.6 |   23.7 |   20.8 |   22.2 |   23.7 |   21.6 |   16.2 |   12.4 |   17.3 |   18.8 |   16.8 |   17.1 |   16.4 |   16.0 |   16.4 |   19.4 |   20.2 |   20.1 |   20.3 |   20.6 |   20.2 |   20.2 |   20.2 |   20.1 |   21.2 |   20.7
   5% |   36.5 |   37.2 |   38.3 |   38.4 |   34.5 |   35.6 |   39.3 |   35.4 |   25.5 |   19.8 |   27.2 |   30.2 |   26.2 |   26.6 |   25.3 |   24.8 |   25.3 |   30.0 |   33.2 |   33.0 |   33.7 |   34.2 |   33.7 |   33.6 |   33.1 |   32.8 |   32.6 |   31.6
   7% |   48.6 |   49.0 |   51.4 |   51.6 |   47.0 |   47.6 |   54.2 |   47.4 |   33.8 |   26.7 |   35.9 |   40.6 |   34.5 |   34.9 |   33.2 |   32.5 |   33.1 |   39.0 |   45.3 |   45.1 |   46.6 |   47.6 |   47.1 |   46.6 |   44.9 |   44.3 |   42.2 |   40.9
  10% |   63.4 |   63.3 |   67.2 |   67.6 |   62.4 |   62.5 |   73.1 |   63.4 |   44.5 |   35.9 |   47.0 |   53.8 |   45.3 |   45.3 |   43.4 |   42.6 |   43.2 |   50.2 |   60.7 |   61.1 |   64.0 |   65.8 |   66.6 |   64.9 |   60.0 |   59.2 |   54.1 |   52.3
  15% |   79.7 |   78.9 |   83.8 |   84.4 |   81.3 |   79.0 |   91.0 |   82.3 |   58.5 |   49.0 |   61.2 |   70.2 |   59.6 |   59.1 |   56.8 |   55.9 |   56.5 |   64.0 |   78.7 |   79.8 |   83.9 |   86.4 |   91.4 |   87.0 |   77.8 |   76.8 |   69.0 |   66.3
  20% |   88.9 |   88.0 |   92.3 |   93.0 |   92.7 |   88.2 |   97.2 |   91.5 |   68.6 |   59.5 |   71.2 |   81.0 |   70.4 |   69.6 |   66.6 |   65.8 |   66.5 |   74.0 |   88.8 |   90.0 |   93.6 |   95.6 |   98.4 |   95.3 |   88.0 |   86.9 |   79.3 |   76.2
  25% |   94.1 |   93.2 |   96.7 |   97.3 |   99.6 |   93.5 |   99.2 |   98.4 |   76.1 |   67.8 |   78.5 |   88.0 |   78.5 |   77.5 |   74.0 |   73.3 |   74.1 |   81.3 |   94.3 |   95.3 |   97.9 |   99.1 |   99.7 |   98.2 |   93.8 |   92.8 |   86.2 |   83.2
  30% |   97.0 |   96.3 |   98.8 |   99.3 |  100.0 |   96.6 |   99.9 |  100.0 |   81.7 |   74.5 |   83.9 |   92.5 |   84.4 |   83.5 |   79.8 |   79.2 |   80.0 |   86.6 |   97.3 |   97.9 |   99.7 |   99.9 |  100.0 |   99.3 |   97.0 |   96.3 |   90.7 |   88.1
  40% |   99.4 |   99.1 |   99.9 |  100.0 |  100.0 |   99.3 |  100.0 |  100.0 |   89.3 |   84.1 |   90.9 |   97.3 |   91.6 |   91.1 |   87.7 |   87.3 |   88.0 |   93.1 |   99.7 |   99.7 |  100.0 |  100.0 |  100.0 |   99.9 |   99.6 |   99.3 |   95.7 |   94.0
  50% |   99.9 |   99.9 |  100.0 |  100.0 |  100.0 |  100.0 |  100.0 |  100.0 |   93.9 |   90.4 |   95.0 |   99.2 |   95.5 |   95.5 |   92.7 |   92.4 |   93.0 |   96.5 |  100.0 |  100.0 |  100.0 |  100.0 |  100.0 |  100.0 |  100.0 |   99.9 |   98.0 |   97.1
  60% |  100.0 |  100.0 |  100.0 |  100.0 |  100.0 |  100.0 |  100.0 |  100.0 |   96.8 |   94.5 |   97.5 |   99.9 |   97.7 |   97.9 |   95.9 |   95.7 |   96.1 |   98.4 |  100.0 |  100.0 |  100.0 |  100.0 |  100.0 |  100.0 |  100.0 |  100.0 |   99.1 |   98.6
  75% |  100.0 |  100.0 |  100.0 |  100.0 |  100.0 |  100.0 |  100.0 |  100.0 |   99.1 |   98.2 |   99.4 |  100.0 |   99.4 |   99.5 |   98.6 |   98.5 |   98.7 |   99.6 |  100.0 |  100.0 |  100.0 |  100.0 |  100.0 |  100.0 |  100.0 |  100.0 |   99.8 |   99.7
 100% |  100.0 |  100.0 |  100.0 |  100.0 |  100.0 |  100.0 |  100.0 |  100.0 |  100.0 |  100.0 |  100.0 |  100.0 |  100.0 |  100.0 |  100.0 |  100.0 |  100.0 |  100.0 |  100.0 |  100.0 |  100.0 |  100.0 |  100.0 |  100.0 |  100.0 |  100.0 |  100.0 |  100.0
wrote 2 plots to <WORKDIR>/runs/_hotset_v32_16384
