glm5_ruler_niah_single_2_16384_s00: ctx=16384 pool~15615  A@99=28.3% (range 15.4-44.0)  A@99.9=30.9%  B(p99/99%)=31.1%  distinct=31.2%
glm5_ruler_niah_single_2_16384_s01: ctx=16384 pool~16203  A@99=26.9% (range 14.9-40.9)  A@99.9=29.5%  B(p99/99%)=29.7%  distinct=29.8%
glm5_ruler_niah_single_2_16384_s02: ctx=16384 pool~16200  A@99=27.4% (range 14.7-41.1)  A@99.9=30.0%  B(p99/99%)=30.1%  distinct=30.3%
glm5_ruler_niah_single_2_16384_s03: ctx=16384 pool~16197  A@99=27.2% (range 14.7-40.2)  A@99.9=29.6%  B(p99/99%)=29.7%  distinct=29.9%
glm5_ruler_qa_1_16384_s00: ctx=16384 pool~14400  A@99=20.4% (range 15.2-27.0)  A@99.9=20.7%  B(p99/99%)=20.6%  distinct=20.8%
glm5_ruler_qa_1_16384_s01: ctx=16384 pool~15871  A@99=23.5% (range 14.5-32.5)  A@99.9=24.6%  B(p99/99%)=24.5%  distinct=24.7%
glm5_ruler_qa_1_16384_s02: ctx=16384 pool~16503  A@99=22.6% (range 14.5-30.0)  A@99.9=23.5%  B(p99/99%)=23.5%  distinct=23.6%
glm5_ruler_qa_1_16384_s03: ctx=16384 pool~14981  A@99=21.2% (range 14.9-27.7)  A@99.9=21.7%  B(p99/99%)=21.6%  distinct=21.8%
glm5_lb1_gov_report_16384_s00: ctx=16384 pool~11944  A@99=63.7% (range 25.6-88.3)  A@99.9=76.1%  B(p99/99%)=74.0%  distinct=81.9%
glm5_lb1_gov_report_16384_s01: ctx=16384 pool~9033  A@99=72.2% (range 42.5-91.4)  A@99.9=83.7%  B(p99/99%)=81.5%  distinct=89.4%
glm5_lb1_gov_report_16384_s02: ctx=16384 pool~12869  A@99=63.5% (range 27.1-86.6)  A@99.9=75.8%  B(p99/99%)=73.8%  distinct=81.5%
glm5_lb1_qmsum_16384_s03: ctx=16384 pool~12796  A@99=43.0% (range 22.6-67.9)  A@99.9=51.9%  B(p99/99%)=51.5%  distinct=53.8%
glm5_lb1_gov_report_16384_ld00: ctx=16384 pool~12447  A@99=69.1% (range 32.5-92.5)  A@99.9=83.8%  B(p99/99%)=82.7%  distinct=92.6%
glm5_lb1_qmsum_16384_ld01: ctx=16384 pool~12677  A@99=66.0% (range 39.4-92.9)  A@99.9=80.4%  B(p99/99%)=79.2%  distinct=90.1%
glm5_lb1_gov_report_16384_ld02: ctx=16384 pool~12746  A@99=67.9% (range 28.7-92.2)  A@99.9=82.6%  B(p99/99%)=81.2%  distinct=91.6%
glm5_lb1_gov_report_16384_ld03: ctx=16384 pool~12041  A@99=71.5% (range 32.3-91.8)  A@99.9=85.8%  B(p99/99%)=84.3%  distinct=94.1%
glm5_lb1_gov_report_16384_ld04: ctx=16384 pool~12811  A@99=68.1% (range 31.1-91.5)  A@99.9=82.2%  B(p99/99%)=80.4%  distinct=91.0%
glm5_lb1_qmsum_16384_ld05: ctx=16384 pool~14779  A@99=65.0% (range 27.7-91.0)  A@99.9=79.9%  B(p99/99%)=78.4%  distinct=89.0%
glm5_lb2_single-document_16384_s00: ctx=16384 pool~13633  A@99=31.3% (range 17.1-45.3)  A@99.9=33.4%  B(p99/99%)=33.4%  distinct=33.6%
glm5_lb2_long-dialogue_16384_s01: ctx=16384 pool~13751  A@99=25.6% (range 16.4-34.0)  A@99.9=26.8%  B(p99/99%)=26.8%  distinct=27.0%
glm5_lb2_multi-document_16384_s02: ctx=16384 pool~13731  A@99=24.9% (range 16.8-33.2)  A@99.9=26.1%  B(p99/99%)=26.1%  distinct=26.2%
glm5_lb2_code_16384_s03: ctx=16384 pool~12885  A@99=25.4% (range 17.8-33.9)  A@99.9=26.7%  B(p99/99%)=26.7%  distinct=26.8%
glm5_ib_passkey_16384_s00: ctx=16384 pool~13815  A@99=20.6% (range 16.2-27.6)  A@99.9=21.2%  B(p99/99%)=21.2%  distinct=21.3%
glm5_ib_number_string_16384_s00: ctx=16384 pool~13816  A@99=22.3% (range 16.6-31.9)  A@99.9=23.2%  B(p99/99%)=23.1%  distinct=23.3%
glm5_ib_longbook_choice_eng_16384_s00: ctx=16384 pool~13870  A@99=39.2% (range 18.3-60.3)  A@99.9=44.2%  B(p99/99%)=44.5%  distinct=44.8%
glm5_ib_longbook_qa_eng_16384_s00: ctx=16384 pool~13954  A@99=36.0% (range 17.9-57.9)  A@99.9=40.9%  B(p99/99%)=41.1%  distinct=41.4%
glm5_ib_longbook_qa_eng_16384_ld00: ctx=16384 pool~15934  A@99=57.5% (range 21.8-90.8)  A@99.9=73.0%  B(p99/99%)=72.1%  distinct=83.2%
glm5_ib_longbook_qa_eng_16384_ld01: ctx=16384 pool~15535  A@99=60.4% (range 26.0-91.3)  A@99.9=76.2%  B(p99/99%)=75.1%  distinct=86.4%

=== coverage (% of top-k accesses) vs hot-set budget (% of candidate pool), mean over CSA layers ===
pool% |    16K |    16K |    16K |    16K |    16K |    16K |    16K |    16K |    16K |    16K |    16K |    16K |    16K |    16K |    16K |    16K |    16K |    16K |    16K |    16K |    16K |    16K |    16K |    16K |    16K |    16K |    16K |    16K
   1% |    7.6 |    7.9 |    7.9 |    7.9 |    7.0 |    7.8 |    8.1 |    7.3 |    5.6 |    4.3 |    6.1 |    6.2 |    5.8 |    6.0 |    5.9 |    5.6 |    5.9 |    6.8 |    6.6 |    6.7 |    6.7 |    6.3 |    6.7 |    6.7 |    6.8 |    6.8 |    7.3 |    7.2
   2% |   15.2 |   15.8 |   15.8 |   15.8 |   14.1 |   15.5 |   16.1 |   14.6 |   11.0 |    8.5 |   11.7 |   12.3 |   11.1 |   11.5 |   11.3 |   10.8 |   11.2 |   12.8 |   13.3 |   13.4 |   13.4 |   12.6 |   13.5 |   13.5 |   13.3 |   13.5 |   13.9 |   13.6
   3% |   22.8 |   23.6 |   23.6 |   23.6 |   21.1 |   23.2 |   24.0 |   21.9 |   16.1 |   12.5 |   17.1 |   18.2 |   16.1 |   16.5 |   16.3 |   15.5 |   16.1 |   18.3 |   19.9 |   20.2 |   20.1 |   18.9 |   20.2 |   20.2 |   19.7 |   20.2 |   19.9 |   19.5
   5% |   37.3 |   38.7 |   38.6 |   38.5 |   35.1 |   38.1 |   39.2 |   36.3 |   25.5 |   20.1 |   26.9 |   29.4 |   25.1 |   25.7 |   25.4 |   24.2 |   25.0 |   27.9 |   32.6 |   33.4 |   33.5 |   31.4 |   33.7 |   33.7 |   31.7 |   32.7 |   30.6 |   29.9
   7% |   50.6 |   52.4 |   52.1 |   52.0 |   48.4 |   51.8 |   53.1 |   49.7 |   34.0 |   27.2 |   35.6 |   39.7 |   33.0 |   33.7 |   33.5 |   31.9 |   32.8 |   36.2 |   44.4 |   46.1 |   46.4 |   43.8 |   47.0 |   46.8 |   42.5 |   44.2 |   39.8 |   38.9
  10% |   67.0 |   69.0 |   68.5 |   68.5 |   66.2 |   69.0 |   70.2 |   67.0 |   45.0 |   36.8 |   46.8 |   53.1 |   43.4 |   44.1 |   43.9 |   42.0 |   42.9 |   46.9 |   59.7 |   63.0 |   63.9 |   61.1 |   65.9 |   64.8 |   56.4 |   58.9 |   51.7 |   50.2
  15% |   84.4 |   86.1 |   85.5 |   85.5 |   86.4 |   87.1 |   88.0 |   87.0 |   59.4 |   50.4 |   61.0 |   70.1 |   57.0 |   57.9 |   57.9 |   55.5 |   56.6 |   61.1 |   78.3 |   83.1 |   84.5 |   82.8 |   88.5 |   86.4 |   73.4 |   76.3 |   66.7 |   64.6
  20% |   92.9 |   94.0 |   93.5 |   93.7 |   96.7 |   95.5 |   96.0 |   96.1 |   69.7 |   61.2 |   71.0 |   81.3 |   67.4 |   68.4 |   68.4 |   65.9 |   67.1 |   71.5 |   88.8 |   93.4 |   94.4 |   93.8 |   97.5 |   96.2 |   84.0 |   86.6 |   77.1 |   74.9
  25% |   96.9 |   97.6 |   97.3 |   97.5 |   99.9 |   98.8 |   99.0 |   99.7 |   77.2 |   69.5 |   78.2 |   88.4 |   75.4 |   76.4 |   76.5 |   73.9 |   75.2 |   79.1 |   94.6 |   98.0 |   98.4 |   98.3 |   99.7 |   99.3 |   90.6 |   92.5 |   84.1 |   82.3
  30% |   98.8 |   99.1 |   99.0 |   99.1 |  100.0 |   99.9 |  100.0 |  100.0 |   82.8 |   76.1 |   83.5 |   92.9 |   81.5 |   82.5 |   82.5 |   80.1 |   81.3 |   84.5 |   97.7 |   99.6 |   99.8 |   99.7 |  100.0 |   99.9 |   94.5 |   95.9 |   88.7 |   87.3
  40% |   99.9 |   99.9 |   99.9 |  100.0 |  100.0 |  100.0 |  100.0 |  100.0 |   90.2 |   85.4 |   90.5 |   97.4 |   89.6 |   90.4 |   90.3 |   88.5 |   89.3 |   91.3 |   99.8 |  100.0 |  100.0 |  100.0 |  100.0 |  100.0 |   98.4 |   99.0 |   94.2 |   93.2
  50% |  100.0 |  100.0 |  100.0 |  100.0 |  100.0 |  100.0 |  100.0 |  100.0 |   94.6 |   91.4 |   94.8 |   99.2 |   94.2 |   94.8 |   94.6 |   93.4 |   94.0 |   95.1 |  100.0 |  100.0 |  100.0 |  100.0 |  100.0 |  100.0 |   99.6 |   99.8 |   96.9 |   96.4
  60% |  100.0 |  100.0 |  100.0 |  100.0 |  100.0 |  100.0 |  100.0 |  100.0 |   97.3 |   95.2 |   97.3 |   99.8 |   96.9 |   97.3 |   97.1 |   96.4 |   96.8 |   97.4 |  100.0 |  100.0 |  100.0 |  100.0 |  100.0 |  100.0 |  100.0 |  100.0 |   98.4 |   98.1
  75% |  100.0 |  100.0 |  100.0 |  100.0 |  100.0 |  100.0 |  100.0 |  100.0 |   99.3 |   98.4 |   99.3 |  100.0 |   99.0 |   99.2 |   99.1 |   98.8 |   99.0 |   99.2 |  100.0 |  100.0 |  100.0 |  100.0 |  100.0 |  100.0 |  100.0 |  100.0 |   99.5 |   99.4
 100% |  100.0 |  100.0 |  100.0 |  100.0 |  100.0 |  100.0 |  100.0 |  100.0 |  100.0 |  100.0 |  100.0 |  100.0 |  100.0 |  100.0 |  100.0 |  100.0 |  100.0 |  100.0 |  100.0 |  100.0 |  100.0 |  100.0 |  100.0 |  100.0 |  100.0 |  100.0 |  100.0 |  100.0
wrote 2 plots to <WORKDIR>/runs/_hotset_glm5_16384
