glm52_ruler_niah_single_2_32768_s00: ctx=32768 pool~32578  A@99=15.6% (range 9.7-22.6)  A@99.9=16.9%  B(p99/99%)=16.9%  distinct=17.0%
glm52_ruler_niah_single_2_32768_s01: ctx=32768 pool~32582  A@99=15.2% (range 9.7-22.3)  A@99.9=16.5%  B(p99/99%)=16.6%  distinct=16.7%
glm52_ruler_niah_single_2_32768_s02: ctx=32768 pool~32578  A@99=14.8% (range 9.7-22.7)  A@99.9=16.0%  B(p99/99%)=16.1%  distinct=16.2%
glm52_ruler_niah_single_2_32768_s03: ctx=32768 pool~32575  A@99=15.1% (range 9.7-21.7)  A@99.9=16.3%  B(p99/99%)=16.3%  distinct=16.4%
glm52_ruler_qa_1_32768_s00: ctx=32768 pool~33296  A@99=9.5% (range 7.4-13.2)  A@99.9=9.6%  B(p99/99%)=9.6%  distinct=9.6%
glm52_ruler_qa_1_32768_s01: ctx=32768 pool~32224  A@99=13.3% (range 9.3-17.4)  A@99.9=13.8%  B(p99/99%)=13.8%  distinct=13.8%
glm52_ruler_qa_1_32768_s02: ctx=32768 pool~33029  A@99=13.6% (range 9.4-18.0)  A@99.9=14.2%  B(p99/99%)=14.2%  distinct=14.3%
glm52_ruler_qa_1_32768_s03: ctx=32768 pool~32679  A@99=10.3% (range 8.0-13.7)  A@99.9=10.5%  B(p99/99%)=10.4%  distinct=10.5%
glm52_lb1_qmsum_32768_s00: ctx=32768 pool~16508  A@99=32.7% (range 18.1-41.5)  A@99.9=37.0%  B(p99/99%)=37.3%  distinct=37.5%
glm52_lb1_gov_report_32768_s01: ctx=32768 pool~19200  A@99=53.7% (range 16.3-70.4)  A@99.9=66.3%  B(p99/99%)=64.7%  distinct=71.3%
glm52_lb1_gov_report_32768_s02: ctx=32768 pool~18886  A@99=54.3% (range 15.5-71.6)  A@99.9=66.6%  B(p99/99%)=65.7%  distinct=71.7%
glm52_lb1_gov_report_32768_s03: ctx=32768 pool~22492  A@99=53.1% (range 13.9-74.7)  A@99.9=65.2%  B(p99/99%)=64.2%  distinct=69.7%
glm52_lb1_qmsum_32768_ld00: ctx=32768 pool~27454  A@99=48.8% (range 16.3-73.2)  A@99.9=64.0%  B(p99/99%)=63.2%  distinct=73.1%
glm52_lb1_qmsum_32768_ld01: ctx=32768 pool~18518  A@99=53.2% (range 28.5-78.6)  A@99.9=68.9%  B(p99/99%)=68.3%  distinct=79.4%
glm52_lb1_gov_report_32768_ld02: ctx=32768 pool~24470  A@99=57.0% (range 15.5-74.2)  A@99.9=72.2%  B(p99/99%)=71.2%  distinct=81.0%
glm52_lb1_gov_report_32768_ld03: ctx=32768 pool~20226  A@99=66.0% (range 20.7-83.8)  A@99.9=79.7%  B(p99/99%)=78.0%  distinct=87.6%
glm52_lb1_qmsum_32768_ld04: ctx=32768 pool~27207  A@99=43.4% (range 24.2-72.0)  A@99.9=58.5%  B(p99/99%)=58.7%  distinct=68.1%
glm52_lb1_qmsum_32768_ld05: ctx=32768 pool~27456  A@99=55.6% (range 15.0-77.5)  A@99.9=70.6%  B(p99/99%)=69.7%  distinct=79.0%
glm52_lb2_single-document_32768_s00: ctx=32768 pool~29878  A@99=14.3% (range 10.0-20.2)  A@99.9=14.9%  B(p99/99%)=14.9%  distinct=14.9%
glm52_lb2_long-dialogue_32768_s01: ctx=32768 pool~29937  A@99=15.5% (range 10.0-22.1)  A@99.9=16.2%  B(p99/99%)=16.2%  distinct=16.3%
glm52_lb2_multi-document_32768_s02: ctx=32768 pool~30334  A@99=12.8% (range 9.4-16.9)  A@99.9=13.3%  B(p99/99%)=13.3%  distinct=13.4%
glm52_lb2_code_32768_s03: ctx=32768 pool~28036  A@99=13.5% (range 10.6-18.9)  A@99.9=14.0%  B(p99/99%)=14.0%  distinct=14.1%
glm52_ib_passkey_32768_s00: ctx=32768 pool~30200  A@99=10.2% (range 8.5-16.1)  A@99.9=10.5%  B(p99/99%)=10.5%  distinct=10.6%
glm52_ib_number_string_32768_s00: ctx=32768 pool~30204  A@99=11.9% (range 8.9-16.8)  A@99.9=12.4%  B(p99/99%)=12.4%  distinct=12.5%
glm52_ib_longbook_choice_eng_32768_s00: ctx=32768 pool~30278  A@99=9.5% (range 8.1-14.1)  A@99.9=9.7%  B(p99/99%)=9.6%  distinct=9.7%
glm52_ib_longbook_qa_eng_32768_s00: ctx=32768 pool~30569  A@99=21.5% (range 11.3-30.7)  A@99.9=23.9%  B(p99/99%)=24.0%  distinct=24.2%
glm52_ib_longbook_qa_eng_32768_ld00: ctx=32768 pool~32413  A@99=39.7% (range 12.1-71.3)  A@99.9=55.5%  B(p99/99%)=56.4%  distinct=64.6%
glm52_ib_longbook_qa_eng_32768_ld01: ctx=32768 pool~31710  A@99=39.3% (range 13.2-70.5)  A@99.9=54.5%  B(p99/99%)=54.4%  distinct=63.5%

=== coverage (% of top-k accesses) vs hot-set budget (% of candidate pool), mean over CSA layers ===
pool% |    32K |    32K |    32K |    32K |    32K |    32K |    32K |    32K |    32K |    32K |    32K |    32K |    32K |    32K |    32K |    32K |    32K |    32K |    32K |    32K |    32K |    32K |    32K |    32K |    32K |    32K |    32K |    32K
   1% |   15.9 |   15.9 |   15.9 |   15.9 |   16.2 |   15.7 |   15.9 |   15.9 |    8.0 |    8.9 |    8.8 |   10.1 |   12.1 |    8.6 |   10.6 |    8.8 |   12.1 |   11.6 |   14.6 |   14.5 |   14.8 |   13.6 |   14.7 |   14.7 |   14.8 |   14.7 |   14.4 |   14.2
   2% |   31.4 |   31.5 |   31.5 |   31.4 |   32.4 |   30.6 |   31.0 |   31.6 |   15.9 |   16.9 |   16.5 |   18.7 |   21.9 |   16.1 |   19.1 |   16.0 |   22.0 |   20.6 |   28.7 |   28.5 |   29.5 |   27.3 |   29.4 |   29.4 |   29.5 |   28.2 |   25.9 |   25.9
   3% |   45.5 |   45.7 |   45.8 |   45.4 |   47.1 |   44.3 |   44.6 |   45.9 |   23.5 |   23.9 |   23.4 |   26.0 |   30.0 |   22.7 |   26.4 |   22.1 |   30.4 |   28.1 |   42.0 |   41.2 |   43.5 |   40.6 |   43.9 |   43.4 |   44.1 |   40.2 |   35.4 |   35.4
   5% |   67.3 |   68.0 |   68.2 |   67.3 |   71.0 |   66.8 |   66.3 |   69.8 |   37.4 |   35.9 |   35.2 |   38.0 |   43.0 |   34.1 |   38.7 |   32.4 |   43.8 |   40.1 |   64.1 |   62.2 |   66.9 |   63.7 |   69.6 |   66.8 |   69.8 |   59.3 |   50.3 |   50.3
   7% |   80.9 |   81.8 |   82.2 |   81.1 |   85.7 |   81.3 |   80.5 |   85.7 |   49.7 |   45.6 |   44.8 |   47.4 |   53.1 |   43.6 |   48.6 |   41.0 |   54.5 |   49.7 |   79.0 |   76.8 |   82.4 |   79.6 |   86.6 |   82.7 |   86.6 |   72.4 |   61.5 |   61.4
  10% |   91.4 |   92.2 |   92.6 |   91.8 |   98.4 |   92.6 |   92.0 |   96.5 |   64.7 |   57.0 |   56.2 |   58.3 |   64.4 |   55.4 |   60.1 |   51.5 |   66.5 |   60.9 |   90.8 |   89.3 |   93.8 |   92.5 |   97.3 |   95.0 |   98.8 |   84.1 |   73.3 |   73.0
  15% |   98.0 |   98.4 |   98.6 |   98.4 |  100.0 |   99.4 |   99.0 |  100.0 |   81.0 |   70.4 |   69.5 |   70.9 |   76.7 |   70.0 |   72.8 |   64.1 |   79.5 |   73.4 |   98.0 |   97.6 |   99.5 |   99.2 |   99.9 |   99.8 |  100.0 |   93.4 |   84.6 |   84.4
  20% |   99.8 |   99.9 |   99.9 |   99.9 |  100.0 |  100.0 |  100.0 |  100.0 |   89.9 |   79.3 |   78.5 |   79.4 |   84.3 |   79.6 |   80.8 |   72.8 |   87.1 |   81.3 |  100.0 |   99.8 |  100.0 |  100.0 |  100.0 |  100.0 |  100.0 |   97.5 |   90.6 |   90.4
  25% |  100.0 |  100.0 |  100.0 |  100.0 |  100.0 |  100.0 |  100.0 |  100.0 |   94.8 |   85.5 |   84.8 |   85.3 |   89.3 |   86.1 |   86.2 |   79.2 |   91.8 |   86.6 |  100.0 |  100.0 |  100.0 |  100.0 |  100.0 |  100.0 |  100.0 |   99.3 |   94.1 |   94.0
  30% |  100.0 |  100.0 |  100.0 |  100.0 |  100.0 |  100.0 |  100.0 |  100.0 |   97.4 |   89.7 |   89.2 |   89.4 |   92.7 |   90.4 |   90.0 |   84.0 |   94.8 |   90.3 |  100.0 |  100.0 |  100.0 |  100.0 |  100.0 |  100.0 |  100.0 |   99.9 |   96.2 |   96.3
  40% |  100.0 |  100.0 |  100.0 |  100.0 |  100.0 |  100.0 |  100.0 |  100.0 |   99.6 |   94.9 |   94.6 |   94.5 |   96.8 |   95.6 |   94.8 |   90.5 |   98.0 |   95.0 |  100.0 |  100.0 |  100.0 |  100.0 |  100.0 |  100.0 |  100.0 |  100.0 |   98.5 |   98.6
  50% |  100.0 |  100.0 |  100.0 |  100.0 |  100.0 |  100.0 |  100.0 |  100.0 |  100.0 |   97.6 |   97.5 |   97.3 |   98.7 |   98.1 |   97.5 |   94.7 |   99.3 |   97.5 |  100.0 |  100.0 |  100.0 |  100.0 |  100.0 |  100.0 |  100.0 |  100.0 |   99.4 |   99.5
  60% |  100.0 |  100.0 |  100.0 |  100.0 |  100.0 |  100.0 |  100.0 |  100.0 |  100.0 |   99.0 |   99.0 |   98.9 |   99.6 |   99.3 |   98.9 |   97.2 |   99.8 |   98.8 |  100.0 |  100.0 |  100.0 |  100.0 |  100.0 |  100.0 |  100.0 |  100.0 |   99.8 |   99.8
  75% |  100.0 |  100.0 |  100.0 |  100.0 |  100.0 |  100.0 |  100.0 |  100.0 |  100.0 |   99.9 |   99.9 |   99.8 |   99.9 |   99.9 |   99.8 |   99.2 |  100.0 |   99.7 |  100.0 |  100.0 |  100.0 |  100.0 |  100.0 |  100.0 |  100.0 |  100.0 |  100.0 |  100.0
 100% |  100.0 |  100.0 |  100.0 |  100.0 |  100.0 |  100.0 |  100.0 |  100.0 |  100.0 |  100.0 |  100.0 |  100.0 |  100.0 |  100.0 |  100.0 |  100.0 |  100.0 |  100.0 |  100.0 |  100.0 |  100.0 |  100.0 |  100.0 |  100.0 |  100.0 |  100.0 |  100.0 |  100.0
wrote 2 plots to <WORKDIR>/runs/_hotset_glm52_32768
