glm52_ruler_niah_single_2_65536_s00: ctx=65536 pool~65335  A@99=8.6% (range 5.2-13.2)  A@99.9=9.3%  B(p99/99%)=9.3%  distinct=9.3%
glm52_ruler_niah_single_2_65536_s01: ctx=65536 pool~65332  A@99=8.3% (range 5.2-13.7)  A@99.9=8.9%  B(p99/99%)=9.0%  distinct=9.0%
glm52_ruler_niah_single_2_65536_s02: ctx=65536 pool~65329  A@99=8.3% (range 5.2-13.4)  A@99.9=8.9%  B(p99/99%)=8.9%  distinct=8.9%
glm52_ruler_niah_single_2_65536_s03: ctx=65536 pool~65332  A@99=8.4% (range 5.1-14.0)  A@99.9=9.0%  B(p99/99%)=9.0%  distinct=9.1%
glm52_ruler_qa_1_65536_s00: ctx=65536 pool~65745  A@99=5.1% (range 4.0-7.2)  A@99.9=5.2%  B(p99/99%)=5.1%  distinct=5.2%
glm52_ruler_qa_1_65536_s01: ctx=65536 pool~64956  A@99=7.8% (range 4.7-10.9)  A@99.9=8.1%  B(p99/99%)=8.1%  distinct=8.1%
glm52_ruler_qa_1_65536_s02: ctx=65536 pool~64063  A@99=7.4% (range 4.9-10.2)  A@99.9=7.6%  B(p99/99%)=7.6%  distinct=7.7%
glm52_ruler_qa_1_65536_s03: ctx=65536 pool~65260  A@99=5.7% (range 4.2-7.6)  A@99.9=5.8%  B(p99/99%)=5.8%  distinct=5.8%
glm52_lb1_gov_report_65536_s00: ctx=65536 pool~44035  A@99=36.9% (range 10.0-51.6)  A@99.9=47.0%  B(p99/99%)=46.9%  distinct=49.3%
glm52_lb1_gov_report_65536_s01: ctx=65536 pool~51980  A@99=32.0% (range 9.4-48.8)  A@99.9=41.1%  B(p99/99%)=41.2%  distinct=43.1%
glm52_lb1_gov_report_65536_s02: ctx=65536 pool~40419  A@99=36.4% (range 9.6-52.2)  A@99.9=46.9%  B(p99/99%)=47.0%  distinct=49.4%
glm52_lb2_single-document_65536_s00: ctx=65536 pool~62325  A@99=7.1% (range 5.0-10.9)  A@99.9=7.4%  B(p99/99%)=7.4%  distinct=7.4%
glm52_lb2_long-dialogue_65536_s01: ctx=65536 pool~38933  A@99=12.0% (range 7.8-17.6)  A@99.9=12.6%  B(p99/99%)=12.6%  distinct=12.7%
glm52_lb2_multi-document_65536_s02: ctx=65536 pool~50621  A@99=8.0% (range 5.9-11.6)  A@99.9=8.4%  B(p99/99%)=8.3%  distinct=8.4%
glm52_lb2_code_65536_s03: ctx=65536 pool~58120  A@99=7.1% (range 5.6-11.6)  A@99.9=7.4%  B(p99/99%)=7.4%  distinct=7.4%
glm52_ib_passkey_65536_s00: ctx=65536 pool~62968  A@99=5.3% (range 4.3-8.4)  A@99.9=5.4%  B(p99/99%)=5.4%  distinct=5.4%
glm52_ib_number_string_65536_s00: ctx=65536 pool~62972  A@99=6.3% (range 4.7-9.3)  A@99.9=6.6%  B(p99/99%)=6.6%  distinct=6.6%
glm52_ib_longbook_choice_eng_65536_s00: ctx=65536 pool~63108  A@99=4.7% (range 4.0-7.5)  A@99.9=4.8%  B(p99/99%)=4.8%  distinct=4.8%
glm52_ib_longbook_qa_eng_65536_s00: ctx=65536 pool~63673  A@99=11.8% (range 5.4-18.0)  A@99.9=12.7%  B(p99/99%)=12.7%  distinct=12.8%
glm52_ib_longbook_qa_eng_65536_ld00: ctx=65536 pool~65296  A@99=31.2% (range 9.5-61.5)  A@99.9=44.9%  B(p99/99%)=45.3%  distinct=50.8%
glm52_ib_longbook_qa_eng_65536_ld01: ctx=65536 pool~64177  A@99=28.2% (range 9.5-63.0)  A@99.9=40.9%  B(p99/99%)=41.2%  distinct=46.8%
glm52_ib_longbook_sum_eng_65536_ld00: ctx=65536 pool~65841  A@99=36.1% (range 11.3-67.7)  A@99.9=49.0%  B(p99/99%)=47.9%  distinct=54.7%
glm52_ib_longbook_sum_eng_65536_ld01: ctx=65536 pool~65280  A@99=30.6% (range 11.9-66.0)  A@99.9=42.6%  B(p99/99%)=42.1%  distinct=48.3%
glm52_ib_longbook_sum_eng_65536_ld02: ctx=65536 pool~64687  A@99=31.7% (range 12.3-65.8)  A@99.9=43.6%  B(p99/99%)=42.5%  distinct=49.3%
glm52_ib_longbook_sum_eng_65536_ld03: ctx=65536 pool~65540  A@99=34.6% (range 12.6-65.4)  A@99.9=47.2%  B(p99/99%)=46.4%  distinct=52.9%
glm52_ib_longbook_sum_eng_65536_ld04: ctx=65536 pool~65398  A@99=32.7% (range 11.2-63.2)  A@99.9=45.4%  B(p99/99%)=44.7%  distinct=51.2%
glm52_ib_longbook_sum_eng_65536_ld05: ctx=65536 pool~65616  A@99=32.9% (range 12.4-66.1)  A@99.9=45.2%  B(p99/99%)=44.4%  distinct=50.9%

=== coverage (% of top-k accesses) vs hot-set budget (% of candidate pool), mean over CSA layers ===
pool% |    64K |    64K |    64K |    64K |    64K |    64K |    64K |    64K |    64K |    64K |    64K |    64K |    64K |    64K |    64K |    64K |    64K |    64K |    64K |    64K |    64K |    64K |    64K |    64K |    64K |    64K |    64K
   1% |   31.2 |   31.3 |   31.3 |   31.2 |   31.6 |   29.6 |   29.6 |   30.6 |   18.3 |   21.5 |   17.3 |   30.0 |   18.9 |   24.7 |   28.2 |   30.5 |   30.3 |   30.7 |   28.4 |   24.7 |   25.4 |   23.3 |   23.7 |   22.8 |   23.4 |   23.7 |   23.4
   2% |   56.8 |   57.2 |   56.9 |   56.8 |   57.7 |   53.2 |   53.6 |   56.1 |   31.5 |   36.6 |   30.3 |   55.5 |   36.5 |   47.8 |   53.8 |   58.4 |   56.0 |   59.9 |   49.5 |   40.7 |   41.9 |   38.6 |   39.5 |   38.4 |   38.7 |   39.6 |   38.8
   3% |   73.6 |   74.1 |   73.8 |   73.8 |   76.8 |   69.8 |   70.6 |   74.2 |   41.4 |   47.5 |   40.5 |   73.1 |   51.7 |   66.3 |   72.5 |   78.8 |   74.3 |   81.1 |   64.3 |   52.2 |   54.0 |   49.6 |   51.4 |   50.0 |   49.9 |   51.2 |   50.0
   5% |   89.8 |   90.2 |   90.0 |   90.0 |   95.7 |   87.5 |   88.7 |   92.5 |   55.5 |   62.1 |   55.2 |   90.8 |   73.8 |   87.6 |   91.2 |   96.3 |   93.3 |   98.9 |   81.0 |   67.4 |   69.7 |   64.0 |   67.1 |   65.5 |   64.7 |   66.2 |   65.0
   7% |   96.0 |   96.4 |   96.3 |   96.3 |  100.0 |   95.1 |   96.2 |   99.9 |   65.2 |   71.5 |   65.3 |   97.3 |   86.3 |   95.9 |   97.8 |   99.8 |   99.2 |   99.9 |   89.5 |   76.7 |   78.9 |   72.8 |   76.4 |   74.8 |   73.6 |   75.1 |   74.1
  10% |   99.4 |   99.5 |   99.5 |   99.5 |  100.0 |   99.8 |  100.0 |  100.0 |   75.2 |   80.6 |   75.7 |   99.9 |   95.3 |   99.8 |   99.9 |  100.0 |  100.0 |  100.0 |   95.8 |   84.8 |   86.7 |   81.0 |   84.5 |   83.1 |   81.8 |   83.2 |   82.3
  15% |  100.0 |  100.0 |  100.0 |  100.0 |  100.0 |  100.0 |  100.0 |  100.0 |   85.1 |   88.9 |   85.9 |  100.0 |   99.7 |  100.0 |  100.0 |  100.0 |  100.0 |  100.0 |   99.6 |   91.7 |   93.0 |   88.6 |   91.5 |   90.5 |   89.3 |   90.4 |   89.9
  20% |  100.0 |  100.0 |  100.0 |  100.0 |  100.0 |  100.0 |  100.0 |  100.0 |   90.7 |   93.4 |   91.5 |  100.0 |  100.0 |  100.0 |  100.0 |  100.0 |  100.0 |  100.0 |  100.0 |   95.2 |   96.1 |   92.8 |   95.1 |   94.4 |   93.4 |   94.3 |   94.0
  25% |  100.0 |  100.0 |  100.0 |  100.0 |  100.0 |  100.0 |  100.0 |  100.0 |   94.1 |   96.0 |   94.7 |  100.0 |  100.0 |  100.0 |  100.0 |  100.0 |  100.0 |  100.0 |  100.0 |   97.1 |   97.7 |   95.4 |   97.1 |   96.6 |   95.9 |   96.6 |   96.3
  30% |  100.0 |  100.0 |  100.0 |  100.0 |  100.0 |  100.0 |  100.0 |  100.0 |   96.3 |   97.6 |   96.8 |  100.0 |  100.0 |  100.0 |  100.0 |  100.0 |  100.0 |  100.0 |  100.0 |   98.3 |   98.6 |   97.0 |   98.2 |   98.0 |   97.4 |   97.9 |   97.8
  40% |  100.0 |  100.0 |  100.0 |  100.0 |  100.0 |  100.0 |  100.0 |  100.0 |   98.7 |   99.3 |   98.9 |  100.0 |  100.0 |  100.0 |  100.0 |  100.0 |  100.0 |  100.0 |  100.0 |   99.3 |   99.4 |   98.8 |   99.3 |   99.2 |   99.0 |   99.2 |   99.1
  50% |  100.0 |  100.0 |  100.0 |  100.0 |  100.0 |  100.0 |  100.0 |  100.0 |   99.7 |   99.8 |   99.7 |  100.0 |  100.0 |  100.0 |  100.0 |  100.0 |  100.0 |  100.0 |  100.0 |   99.7 |   99.8 |   99.5 |   99.7 |   99.7 |   99.6 |   99.7 |   99.7
  60% |  100.0 |  100.0 |  100.0 |  100.0 |  100.0 |  100.0 |  100.0 |  100.0 |  100.0 |  100.0 |  100.0 |  100.0 |  100.0 |  100.0 |  100.0 |  100.0 |  100.0 |  100.0 |  100.0 |   99.9 |   99.9 |   99.8 |   99.9 |   99.9 |   99.9 |   99.9 |   99.9
  75% |  100.0 |  100.0 |  100.0 |  100.0 |  100.0 |  100.0 |  100.0 |  100.0 |  100.0 |  100.0 |  100.0 |  100.0 |  100.0 |  100.0 |  100.0 |  100.0 |  100.0 |  100.0 |  100.0 |  100.0 |  100.0 |  100.0 |  100.0 |  100.0 |  100.0 |  100.0 |  100.0
 100% |  100.0 |  100.0 |  100.0 |  100.0 |  100.0 |  100.0 |  100.0 |  100.0 |  100.0 |  100.0 |  100.0 |  100.0 |  100.0 |  100.0 |  100.0 |  100.0 |  100.0 |  100.0 |  100.0 |  100.0 |  100.0 |  100.0 |  100.0 |  100.0 |  100.0 |  100.0 |  100.0
wrote 2 plots to <WORKDIR>/runs/_hotset_glm52_65536
