glm52_ruler_niah_single_2_16384_s00: ctx=16384 pool~15615  A@99=28.1% (range 19.6-37.1)  A@99.9=30.6%  B(p99/99%)=30.8%  distinct=30.9%
glm52_ruler_niah_single_2_16384_s01: ctx=16384 pool~16203  A@99=26.9% (range 18.8-33.6)  A@99.9=29.5%  B(p99/99%)=29.6%  distinct=29.8%
glm52_ruler_niah_single_2_16384_s02: ctx=16384 pool~16200  A@99=26.9% (range 18.7-34.6)  A@99.9=29.4%  B(p99/99%)=29.5%  distinct=29.6%
glm52_ruler_niah_single_2_16384_s03: ctx=16384 pool~16198  A@99=26.4% (range 18.5-33.5)  A@99.9=28.9%  B(p99/99%)=29.0%  distinct=29.1%
glm52_ruler_qa_1_16384_s00: ctx=16384 pool~14401  A@99=20.2% (range 16.6-26.9)  A@99.9=20.6%  B(p99/99%)=20.5%  distinct=20.6%
glm52_ruler_qa_1_16384_s01: ctx=16384 pool~15872  A@99=24.2% (range 18.1-30.2)  A@99.9=25.2%  B(p99/99%)=25.2%  distinct=25.3%
glm52_ruler_qa_1_16384_s02: ctx=16384 pool~16504  A@99=23.1% (range 17.5-27.9)  A@99.9=24.0%  B(p99/99%)=23.9%  distinct=24.1%
glm52_ruler_qa_1_16384_s03: ctx=16384 pool~14982  A@99=21.1% (range 17.0-26.4)  A@99.9=21.5%  B(p99/99%)=21.5%  distinct=21.6%
glm52_lb1_gov_report_16384_s00: ctx=16384 pool~11945  A@99=65.4% (range 25.2-82.1)  A@99.9=77.6%  B(p99/99%)=75.6%  distinct=83.4%
glm52_lb1_gov_report_16384_s01: ctx=16384 pool~9034  A@99=72.6% (range 41.4-86.5)  A@99.9=83.8%  B(p99/99%)=82.1%  distinct=89.6%
glm52_lb1_gov_report_16384_s02: ctx=16384 pool~12870  A@99=66.2% (range 26.9-85.2)  A@99.9=78.3%  B(p99/99%)=76.0%  distinct=83.8%
glm52_lb1_qmsum_16384_s03: ctx=16384 pool~12796  A@99=42.4% (range 28.6-57.0)  A@99.9=51.3%  B(p99/99%)=50.7%  distinct=53.1%
glm52_lb1_gov_report_16384_ld00: ctx=16384 pool~12448  A@99=73.0% (range 32.4-86.5)  A@99.9=86.1%  B(p99/99%)=84.8%  distinct=94.1%
glm52_lb1_qmsum_16384_ld01: ctx=16384 pool~12678  A@99=65.9% (range 37.8-86.6)  A@99.9=79.2%  B(p99/99%)=78.7%  distinct=88.7%
glm52_lb1_gov_report_16384_ld02: ctx=16384 pool~12747  A@99=74.8% (range 30.8-85.9)  A@99.9=87.2%  B(p99/99%)=86.2%  distinct=94.4%
glm52_lb1_gov_report_16384_ld03: ctx=16384 pool~12042  A@99=76.9% (range 32.7-89.9)  A@99.9=88.6%  B(p99/99%)=87.2%  distinct=95.2%
glm52_lb1_gov_report_16384_ld04: ctx=16384 pool~12812  A@99=74.4% (range 32.4-86.6)  A@99.9=86.8%  B(p99/99%)=85.6%  distinct=94.3%
glm52_lb1_qmsum_16384_ld05: ctx=16384 pool~14780  A@99=66.5% (range 28.5-83.7)  A@99.9=80.8%  B(p99/99%)=79.4%  distinct=90.2%
glm52_lb2_single-document_16384_s00: ctx=16384 pool~13628  A@99=25.7% (range 20.6-33.2)  A@99.9=26.9%  B(p99/99%)=26.9%  distinct=27.0%
glm52_lb2_long-dialogue_16384_s01: ctx=16384 pool~13755  A@99=28.3% (range 20.8-35.8)  A@99.9=29.9%  B(p99/99%)=29.9%  distinct=30.1%
glm52_lb2_multi-document_16384_s02: ctx=16384 pool~13732  A@99=25.3% (range 20.7-30.6)  A@99.9=26.5%  B(p99/99%)=26.5%  distinct=26.6%
glm52_lb2_code_16384_s03: ctx=16384 pool~12886  A@99=25.5% (range 21.9-31.8)  A@99.9=26.8%  B(p99/99%)=26.8%  distinct=27.0%
glm52_ib_passkey_16384_s00: ctx=16384 pool~13816  A@99=20.5% (range 16.8-28.3)  A@99.9=21.1%  B(p99/99%)=21.1%  distinct=21.2%
glm52_ib_number_string_16384_s00: ctx=16384 pool~13817  A@99=22.3% (range 18.8-29.3)  A@99.9=23.2%  B(p99/99%)=23.2%  distinct=23.3%
glm52_ib_longbook_choice_eng_16384_s00: ctx=16384 pool~13834  A@99=19.7% (range 17.1-27.2)  A@99.9=20.1%  B(p99/99%)=20.0%  distinct=20.2%
glm52_ib_longbook_qa_eng_16384_s00: ctx=16384 pool~13955  A@99=36.2% (range 22.6-45.7)  A@99.9=41.2%  B(p99/99%)=41.5%  distinct=41.8%
glm52_ib_longbook_qa_eng_16384_ld00: ctx=16384 pool~15935  A@99=59.0% (range 23.3-78.7)  A@99.9=74.7%  B(p99/99%)=75.4%  distinct=85.5%
glm52_ib_longbook_qa_eng_16384_ld01: ctx=16384 pool~15536  A@99=58.6% (range 28.6-82.5)  A@99.9=73.9%  B(p99/99%)=73.8%  distinct=84.5%

=== coverage (% of top-k accesses) vs hot-set budget (% of candidate pool), mean over CSA layers ===
pool% |    16K |    16K |    16K |    16K |    16K |    16K |    16K |    16K |    16K |    16K |    16K |    16K |    16K |    16K |    16K |    16K |    16K |    16K |    16K |    16K |    16K |    16K |    16K |    16K |    16K |    16K |    16K |    16K
   1% |    7.6 |    7.9 |    7.9 |    7.9 |    7.0 |    7.8 |    8.1 |    7.3 |    5.7 |    4.3 |    6.1 |    6.2 |    5.8 |    6.0 |    5.9 |    5.5 |    5.9 |    6.9 |    6.6 |    6.7 |    6.7 |    6.3 |    6.7 |    6.7 |    6.7 |    6.8 |    7.5 |    7.3
   2% |   15.2 |   15.8 |   15.8 |   15.8 |   14.1 |   15.5 |   16.1 |   14.6 |   11.1 |    8.5 |   11.7 |   12.4 |   11.0 |   11.3 |   11.1 |   10.5 |   11.0 |   13.0 |   13.3 |   13.4 |   13.4 |   12.6 |   13.5 |   13.5 |   13.5 |   13.6 |   14.4 |   14.0
   3% |   22.8 |   23.7 |   23.7 |   23.7 |   21.1 |   23.2 |   24.0 |   21.9 |   16.1 |   12.5 |   16.9 |   18.3 |   15.7 |   16.2 |   15.8 |   15.0 |   15.6 |   18.4 |   20.0 |   20.1 |   20.1 |   18.9 |   20.2 |   20.3 |   20.3 |   20.2 |   20.5 |   20.0
   5% |   37.6 |   39.0 |   39.0 |   39.0 |   35.1 |   37.8 |   39.0 |   36.4 |   25.2 |   19.9 |   26.3 |   29.5 |   24.3 |   24.8 |   23.9 |   23.0 |   23.7 |   28.0 |   33.2 |   33.1 |   33.5 |   31.4 |   33.7 |   33.7 |   33.7 |   32.7 |   31.1 |   30.8
   7% |   51.1 |   52.8 |   52.8 |   52.7 |   48.9 |   51.3 |   52.8 |   49.8 |   33.2 |   26.7 |   34.4 |   39.7 |   31.8 |   32.5 |   31.0 |   30.0 |   30.8 |   36.2 |   46.1 |   45.3 |   46.4 |   43.9 |   47.1 |   46.9 |   47.2 |   44.1 |   40.1 |   40.1
  10% |   67.5 |   69.5 |   69.3 |   69.3 |   66.4 |   68.4 |   69.9 |   67.4 |   43.6 |   35.9 |   44.7 |   53.0 |   41.7 |   42.6 |   40.4 |   39.2 |   40.0 |   46.6 |   63.3 |   61.3 |   63.8 |   61.2 |   66.1 |   65.1 |   66.3 |   58.7 |   51.2 |   51.8
  15% |   84.8 |   86.3 |   86.1 |   86.3 |   86.8 |   86.6 |   87.6 |   87.6 |   57.2 |   48.9 |   58.1 |   69.9 |   55.0 |   56.4 |   53.1 |   51.9 |   52.7 |   60.1 |   83.4 |   80.6 |   84.0 |   82.5 |   88.8 |   86.5 |   88.3 |   75.9 |   65.4 |   66.3
  20% |   93.2 |   94.3 |   94.2 |   94.4 |   97.2 |   95.0 |   95.5 |   96.3 |   67.4 |   59.3 |   68.0 |   81.4 |   65.1 |   67.1 |   63.1 |   61.7 |   62.7 |   70.2 |   93.7 |   91.2 |   94.0 |   93.7 |   97.7 |   96.5 |   98.3 |   86.2 |   75.4 |   76.3
  25% |   97.3 |   97.9 |   97.9 |   98.1 |   99.9 |   98.5 |   99.1 |   99.9 |   75.2 |   67.6 |   75.5 |   88.8 |   72.9 |   75.3 |   70.9 |   69.5 |   70.6 |   77.7 |   98.1 |   96.6 |   98.3 |   98.4 |   99.8 |   99.4 |   99.9 |   92.3 |   82.4 |   83.3
  30% |   99.1 |   99.4 |   99.4 |   99.6 |  100.0 |   99.9 |  100.0 |  100.0 |   81.2 |   74.4 |   81.3 |   93.5 |   79.0 |   81.6 |   77.2 |   75.7 |   76.9 |   83.2 |   99.8 |   99.1 |   99.9 |   99.8 |  100.0 |  100.0 |  100.0 |   96.0 |   87.4 |   88.0
  40% |  100.0 |  100.0 |  100.0 |  100.0 |  100.0 |  100.0 |  100.0 |  100.0 |   89.4 |   84.5 |   89.2 |   98.0 |   87.4 |   89.9 |   86.1 |   84.6 |   85.9 |   90.6 |  100.0 |  100.0 |  100.0 |  100.0 |  100.0 |  100.0 |  100.0 |   99.2 |   93.6 |   93.8
  50% |  100.0 |  100.0 |  100.0 |  100.0 |  100.0 |  100.0 |  100.0 |  100.0 |   94.2 |   91.0 |   94.0 |   99.5 |   92.8 |   94.7 |   91.8 |   90.6 |   91.7 |   94.9 |  100.0 |  100.0 |  100.0 |  100.0 |  100.0 |  100.0 |  100.0 |  100.0 |   96.9 |   96.9
  60% |  100.0 |  100.0 |  100.0 |  100.0 |  100.0 |  100.0 |  100.0 |  100.0 |   97.1 |   95.2 |   96.8 |  100.0 |   96.1 |   97.5 |   95.5 |   94.6 |   95.5 |   97.5 |  100.0 |  100.0 |  100.0 |  100.0 |  100.0 |  100.0 |  100.0 |  100.0 |   98.7 |   98.6
  75% |  100.0 |  100.0 |  100.0 |  100.0 |  100.0 |  100.0 |  100.0 |  100.0 |   99.3 |   98.6 |   99.1 |  100.0 |   98.9 |   99.5 |   98.6 |   98.2 |   98.7 |   99.4 |  100.0 |  100.0 |  100.0 |  100.0 |  100.0 |  100.0 |  100.0 |  100.0 |   99.8 |   99.7
 100% |  100.0 |  100.0 |  100.0 |  100.0 |  100.0 |  100.0 |  100.0 |  100.0 |  100.0 |  100.0 |  100.0 |  100.0 |  100.0 |  100.0 |  100.0 |  100.0 |  100.0 |  100.0 |  100.0 |  100.0 |  100.0 |  100.0 |  100.0 |  100.0 |  100.0 |  100.0 |  100.0 |  100.0
wrote 2 plots to <WORKDIR>/runs/_hotset_glm52_16384
opt/dlami/nvme/sparse_attn_gpu/runs/_hotset_glm52_16384
