v32_ruler_niah_single_2_131072_s00: ctx=131072 pool~130946  A@99=5.0% (range 1.9-11.8)  A@99.9=5.3%  B(p99/99%)=5.3%  distinct=5.3%
v32_ruler_niah_single_2_131072_s01: ctx=131072 pool~130949  A@99=5.1% (range 1.9-11.9)  A@99.9=5.3%  B(p99/99%)=5.4%  distinct=5.4%
v32_ruler_niah_single_2_131072_s02: ctx=131072 pool~130952  A@99=5.4% (range 1.9-12.0)  A@99.9=5.7%  B(p99/99%)=5.7%  distinct=5.7%
v32_ruler_niah_single_2_131072_s03: ctx=131072 pool~130360  A@99=5.2% (range 2.0-12.2)  A@99.9=5.5%  B(p99/99%)=5.5%  distinct=5.5%
v32_ruler_qa_1_131072_s00: ctx=131072 pool~129660  A@99=2.8% (range 1.7-3.7)  A@99.9=2.9%  B(p99/99%)=2.9%  distinct=2.9%
v32_ruler_qa_1_131072_s01: ctx=131072 pool~128624  A@99=6.8% (range 2.0-18.0)  A@99.9=7.2%  B(p99/99%)=7.3%  distinct=7.3%
v32_ruler_qa_1_131072_s02: ctx=131072 pool~129994  A@99=4.1% (range 1.9-7.4)  A@99.9=4.2%  B(p99/99%)=4.2%  distinct=4.3%
v32_ruler_qa_1_131072_s03: ctx=131072 pool~130840  A@99=3.4% (range 1.8-5.0)  A@99.9=3.5%  B(p99/99%)=3.5%  distinct=3.5%
v32_lb2_single-document_131072_s00: ctx=131072 pool~76222  A@99=16.5% (range 3.7-46.8)  A@99.9=19.2%  B(p99/99%)=19.4%  distinct=19.6%
v32_lb2_code_131072_s01: ctx=131072 pool~128756  A@99=3.5% (range 1.9-6.6)  A@99.9=3.6%  B(p99/99%)=3.6%  distinct=3.6%
v32_lb2_long_131072_s02: ctx=131072 pool~127773  A@99=4.5% (range 2.7-9.5)  A@99.9=4.7%  B(p99/99%)=4.7%  distinct=4.7%
v32_lb2_long_131072_s03: ctx=131072 pool~128480  A@99=4.8% (range 2.1-9.3)  A@99.9=5.0%  B(p99/99%)=5.0%  distinct=5.0%
v32_ib_passkey_131072_s00: ctx=131072 pool~125346  A@99=3.2% (range 2.5-4.9)  A@99.9=3.3%  B(p99/99%)=3.3%  distinct=3.3%
v32_ib_number_string_131072_s00: ctx=131072 pool~125358  A@99=3.4% (range 2.1-7.5)  A@99.9=3.6%  B(p99/99%)=3.6%  distinct=3.6%
v32_ib_longbook_choice_eng_131072_s00: ctx=131072 pool~119060  A@99=6.7% (range 2.3-18.6)  A@99.9=7.3%  B(p99/99%)=7.4%  distinct=7.4%
v32_ib_longbook_qa_eng_131072_s00: ctx=131072 pool~71951  A@99=10.9% (range 3.5-27.8)  A@99.9=11.9%  B(p99/99%)=12.0%  distinct=12.0%
v32_ib_longbook_qa_eng_131072_ld00: ctx=131072 pool~102427  A@99=15.1% (range 4.4-50.8)  A@99.9=23.9%  B(p99/99%)=24.9%  distinct=27.4%
v32_ib_longbook_qa_eng_131072_ld01: ctx=131072 pool~130531  A@99=13.8% (range 3.9-28.4)  A@99.9=21.6%  B(p99/99%)=22.0%  distinct=24.5%
v32_ib_longbook_sum_eng_131072_ld00: ctx=131072 pool~130712  A@99=18.0% (range 3.5-66.2)  A@99.9=26.7%  B(p99/99%)=27.3%  distinct=29.7%
v32_ib_longbook_sum_eng_131072_ld01: ctx=131072 pool~130714  A@99=16.3% (range 3.3-64.7)  A@99.9=24.8%  B(p99/99%)=25.4%  distinct=27.7%
v32_ib_longbook_sum_eng_131072_ld02: ctx=131072 pool~130713  A@99=16.3% (range 3.3-64.4)  A@99.9=24.9%  B(p99/99%)=25.4%  distinct=27.8%
v32_ib_longbook_sum_eng_131072_ld03: ctx=131072 pool~77434  A@99=21.5% (range 5.2-59.6)  A@99.9=31.6%  B(p99/99%)=32.3%  distinct=36.3%
v32_ib_longbook_sum_eng_131072_ld04: ctx=131072 pool~130712  A@99=16.3% (range 3.5-64.9)  A@99.9=24.4%  B(p99/99%)=24.8%  distinct=27.3%
v32_ib_longbook_sum_eng_131072_ld05: ctx=131072 pool~70728  A@99=25.3% (range 5.6-72.3)  A@99.9=36.4%  B(p99/99%)=37.2%  distinct=41.4%

=== coverage (% of top-k accesses) vs hot-set budget (% of candidate pool), mean over CSA layers ===
pool% |   128K |   128K |   128K |   128K |   128K |   128K |   128K |   128K |   128K |   128K |   128K |   128K |   128K |   128K |   128K |   128K |   128K |   128K |   128K |   128K |   128K |   128K |   128K |   128K
   1% |   54.0 |   54.4 |   53.2 |   54.0 |   54.0 |   49.4 |   53.2 |   53.5 |   32.4 |   57.9 |   54.0 |   53.4 |   54.8 |   56.7 |   49.2 |   32.4 |   37.7 |   45.0 |   43.5 |   44.5 |   44.6 |   30.0 |   44.0 |   27.2
   2% |   79.7 |   80.1 |   78.3 |   79.4 |   81.3 |   73.3 |   79.9 |   80.7 |   53.4 |   86.4 |   80.3 |   79.1 |   85.6 |   86.8 |   74.2 |   56.0 |   60.3 |   66.2 |   65.2 |   66.4 |   66.6 |   49.6 |   66.4 |   45.2
   3% |   90.0 |   90.3 |   88.8 |   89.7 |   97.4 |   84.2 |   90.8 |   92.7 |   66.4 |   95.6 |   90.7 |   89.6 |   96.2 |   96.2 |   85.5 |   71.0 |   73.9 |   77.7 |   76.3 |   77.5 |   77.8 |   63.3 |   77.8 |   57.8
   5% |   97.5 |   97.6 |   96.7 |   97.3 |  100.0 |   93.7 |   98.9 |  100.0 |   80.2 |   99.8 |   98.3 |   97.6 |  100.0 |   99.7 |   94.8 |   85.8 |   87.5 |   89.1 |   86.8 |   88.0 |   88.2 |   78.8 |   88.3 |   73.4
   7% |   99.5 |   99.4 |   99.1 |   99.3 |  100.0 |   97.4 |   99.9 |  100.0 |   87.3 |  100.0 |   99.7 |   99.7 |  100.0 |   99.9 |   98.0 |   92.5 |   93.2 |   94.0 |   91.6 |   92.7 |   92.8 |   86.5 |   92.8 |   82.1
  10% |   99.9 |   99.9 |   99.9 |   99.9 |  100.0 |   99.3 |  100.0 |  100.0 |   93.0 |  100.0 |  100.0 |  100.0 |  100.0 |  100.0 |   99.5 |   97.1 |   96.8 |   97.2 |   95.0 |   96.0 |   96.0 |   92.4 |   96.0 |   89.2
  15% |  100.0 |  100.0 |  100.0 |  100.0 |  100.0 |   99.9 |  100.0 |  100.0 |   97.2 |  100.0 |  100.0 |  100.0 |  100.0 |  100.0 |   99.9 |   99.4 |   98.8 |   99.0 |   97.5 |   98.2 |   98.2 |   96.6 |   98.2 |   94.7
  20% |  100.0 |  100.0 |  100.0 |  100.0 |  100.0 |  100.0 |  100.0 |  100.0 |   98.8 |  100.0 |  100.0 |  100.0 |  100.0 |  100.0 |  100.0 |   99.9 |   99.4 |   99.6 |   98.6 |   99.0 |   99.1 |   98.3 |   99.0 |   97.2
  25% |  100.0 |  100.0 |  100.0 |  100.0 |  100.0 |  100.0 |  100.0 |  100.0 |   99.5 |  100.0 |  100.0 |  100.0 |  100.0 |  100.0 |  100.0 |   99.9 |   99.7 |   99.8 |   99.2 |   99.5 |   99.5 |   99.1 |   99.4 |   98.4
  30% |  100.0 |  100.0 |  100.0 |  100.0 |  100.0 |  100.0 |  100.0 |  100.0 |   99.8 |  100.0 |  100.0 |  100.0 |  100.0 |  100.0 |  100.0 |  100.0 |   99.9 |   99.9 |   99.5 |   99.7 |   99.7 |   99.5 |   99.7 |   99.0
  40% |  100.0 |  100.0 |  100.0 |  100.0 |  100.0 |  100.0 |  100.0 |  100.0 |  100.0 |  100.0 |  100.0 |  100.0 |  100.0 |  100.0 |  100.0 |  100.0 |  100.0 |  100.0 |   99.8 |   99.9 |   99.9 |   99.9 |   99.9 |   99.7
  50% |  100.0 |  100.0 |  100.0 |  100.0 |  100.0 |  100.0 |  100.0 |  100.0 |  100.0 |  100.0 |  100.0 |  100.0 |  100.0 |  100.0 |  100.0 |  100.0 |  100.0 |  100.0 |   99.9 |   99.9 |   99.9 |  100.0 |   99.9 |   99.9
  60% |  100.0 |  100.0 |  100.0 |  100.0 |  100.0 |  100.0 |  100.0 |  100.0 |  100.0 |  100.0 |  100.0 |  100.0 |  100.0 |  100.0 |  100.0 |  100.0 |  100.0 |  100.0 |  100.0 |  100.0 |  100.0 |  100.0 |  100.0 |  100.0
  75% |  100.0 |  100.0 |  100.0 |  100.0 |  100.0 |  100.0 |  100.0 |  100.0 |  100.0 |  100.0 |  100.0 |  100.0 |  100.0 |  100.0 |  100.0 |  100.0 |  100.0 |  100.0 |  100.0 |  100.0 |  100.0 |  100.0 |  100.0 |  100.0
 100% |  100.0 |  100.0 |  100.0 |  100.0 |  100.0 |  100.0 |  100.0 |  100.0 |  100.0 |  100.0 |  100.0 |  100.0 |  100.0 |  100.0 |  100.0 |  100.0 |  100.0 |  100.0 |  100.0 |  100.0 |  100.0 |  100.0 |  100.0 |  100.0
wrote 2 plots to <WORKDIR>/runs/_hotset_v32_131072
