v32_ruler_niah_single_2_32768_s00: ctx=32768 pool~32649  A@99=17.4% (range 9.2-30.1)  A@99.9=18.6%  B(p99/99%)=18.7%  distinct=18.7%
v32_ruler_niah_single_2_32768_s01: ctx=32768 pool~32671  A@99=21.4% (range 9.2-46.4)  A@99.9=23.8%  B(p99/99%)=24.0%  distinct=24.1%
v32_ruler_niah_single_2_32768_s02: ctx=32768 pool~32646  A@99=17.4% (range 9.0-30.9)  A@99.9=18.5%  B(p99/99%)=18.6%  distinct=18.6%
v32_ruler_niah_single_2_32768_s03: ctx=32768 pool~32643  A@99=16.4% (range 9.0-30.6)  A@99.9=17.5%  B(p99/99%)=17.6%  distinct=17.6%
v32_ruler_qa_1_32768_s00: ctx=32768 pool~32709  A@99=10.4% (range 7.5-12.9)  A@99.9=10.5%  B(p99/99%)=10.5%  distinct=10.5%
v32_ruler_qa_1_32768_s01: ctx=32768 pool~31690  A@99=20.2% (range 9.2-41.2)  A@99.9=22.1%  B(p99/99%)=22.2%  distinct=22.3%
v32_ruler_qa_1_32768_s02: ctx=32768 pool~32508  A@99=14.4% (range 9.2-20.9)  A@99.9=15.0%  B(p99/99%)=14.9%  distinct=15.0%
v32_ruler_qa_1_32768_s03: ctx=32768 pool~32142  A@99=11.6% (range 8.0-15.1)  A@99.9=11.8%  B(p99/99%)=11.7%  distinct=11.8%
v32_lb1_qmsum_32768_s00: ctx=32768 pool~17317  A@99=32.2% (range 20.9-57.8)  A@99.9=35.6%  B(p99/99%)=35.8%  distinct=35.9%
v32_lb1_gov_report_32768_s01: ctx=32768 pool~19142  A@99=57.2% (range 17.7-83.3)  A@99.9=70.9%  B(p99/99%)=69.5%  distinct=76.1%
v32_lb1_gov_report_32768_s02: ctx=32768 pool~18763  A@99=54.3% (range 18.2-81.3)  A@99.9=67.8%  B(p99/99%)=66.8%  distinct=73.2%
v32_lb1_gov_report_32768_s03: ctx=32768 pool~22536  A@99=52.6% (range 14.7-81.0)  A@99.9=65.6%  B(p99/99%)=65.1%  distinct=70.2%
v32_lb1_qmsum_32768_ld00: ctx=32768 pool~27369  A@99=45.5% (range 18.0-72.9)  A@99.9=61.6%  B(p99/99%)=61.8%  distinct=71.3%
v32_lb1_qmsum_32768_ld01: ctx=32768 pool~19336  A@99=51.1% (range 29.7-74.5)  A@99.9=68.0%  B(p99/99%)=66.6%  distinct=79.1%
v32_lb1_gov_report_32768_ld02: ctx=32768 pool~24419  A@99=56.7% (range 20.1-88.0)  A@99.9=73.1%  B(p99/99%)=72.2%  distinct=82.2%
v32_lb1_gov_report_32768_ld03: ctx=32768 pool~20165  A@99=63.0% (range 23.4-87.6)  A@99.9=79.2%  B(p99/99%)=77.9%  distinct=88.2%
v32_lb1_qmsum_32768_ld04: ctx=32768 pool~28941  A@99=40.8% (range 18.5-56.4)  A@99.9=56.3%  B(p99/99%)=55.9%  distinct=65.8%
v32_lb1_qmsum_32768_ld05: ctx=32768 pool~27371  A@99=47.0% (range 18.2-74.5)  A@99.9=63.0%  B(p99/99%)=62.5%  distinct=72.6%
v32_lb2_single-document_32768_s00: ctx=32768 pool~30305  A@99=29.8% (range 10.0-66.5)  A@99.9=36.1%  B(p99/99%)=36.2%  distinct=36.9%
v32_lb2_long-dialogue_32768_s01: ctx=32768 pool~30259  A@99=27.1% (range 7.5-48.2)  A@99.9=33.0%  B(p99/99%)=33.2%  distinct=33.8%
v32_lb2_multi-document_32768_s02: ctx=32768 pool~30236  A@99=13.6% (range 8.3-21.2)  A@99.9=14.1%  B(p99/99%)=14.1%  distinct=14.2%
v32_lb2_code_32768_s03: ctx=32768 pool~30453  A@99=12.8% (range 8.9-18.0)  A@99.9=13.4%  B(p99/99%)=13.4%  distinct=13.5%
v32_ib_passkey_32768_s00: ctx=32768 pool~30194  A@99=10.7% (range 8.8-16.2)  A@99.9=11.0%  B(p99/99%)=10.9%  distinct=11.0%
v32_ib_number_string_32768_s00: ctx=32768 pool~30202  A@99=11.8% (range 8.2-24.2)  A@99.9=12.6%  B(p99/99%)=12.6%  distinct=12.7%
v32_ib_longbook_choice_eng_32768_s00: ctx=32768 pool~30241  A@99=21.4% (range 9.8-51.6)  A@99.9=23.8%  B(p99/99%)=23.9%  distinct=24.1%
v32_ib_longbook_qa_eng_32768_s00: ctx=32768 pool~30215  A@99=21.6% (range 9.7-42.5)  A@99.9=23.5%  B(p99/99%)=23.6%  distinct=23.7%
v32_ib_longbook_qa_eng_32768_ld00: ctx=32768 pool~32228  A@99=32.4% (range 15.2-63.1)  A@99.9=45.9%  B(p99/99%)=45.2%  distinct=54.4%
v32_ib_longbook_qa_eng_32768_ld01: ctx=32768 pool~32227  A@99=36.5% (range 14.9-56.5)  A@99.9=51.7%  B(p99/99%)=51.5%  distinct=60.9%

=== coverage (% of top-k accesses) vs hot-set budget (% of candidate pool), mean over CSA layers ===
pool% |    32K |    32K |    32K |    32K |    32K |    32K |    32K |    32K |    32K |    32K |    32K |    32K |    32K |    32K |    32K |    32K |    32K |    32K |    32K |    32K |    32K |    32K |    32K |    32K |    32K |    32K |    32K |    32K
   1% |   15.7 |   15.6 |   15.7 |   15.8 |   16.0 |   15.2 |   15.7 |   15.6 |    8.4 |    9.0 |    8.8 |   10.4 |   12.3 |    9.1 |   11.1 |    9.4 |   13.3 |   12.4 |   14.4 |   14.5 |   14.7 |   14.9 |   14.7 |   14.7 |   14.6 |   14.5 |   14.6 |   14.6
   2% |   30.6 |   29.9 |   30.7 |   30.8 |   31.4 |   29.2 |   30.4 |   30.5 |   16.7 |   17.0 |   16.7 |   19.5 |   22.5 |   17.3 |   20.3 |   17.4 |   24.3 |   22.7 |   27.5 |   27.5 |   29.3 |   29.6 |   29.4 |   29.4 |   28.2 |   28.2 |   26.9 |   26.6
   3% |   43.8 |   42.3 |   44.0 |   44.2 |   45.2 |   41.6 |   43.6 |   44.0 |   24.8 |   24.2 |   23.9 |   27.3 |   31.2 |   24.6 |   28.2 |   24.4 |   33.3 |   31.5 |   38.7 |   38.6 |   43.0 |   43.9 |   43.5 |   43.6 |   40.2 |   40.3 |   37.3 |   36.6
   5% |   64.3 |   61.6 |   64.6 |   65.2 |   67.6 |   61.1 |   64.4 |   65.9 |   39.6 |   36.5 |   36.1 |   40.4 |   45.4 |   37.0 |   41.4 |   36.2 |   47.6 |   45.6 |   56.2 |   56.2 |   66.1 |   67.8 |   67.3 |   68.7 |   59.4 |   59.8 |   54.0 |   52.3
   7% |   77.6 |   74.2 |   77.8 |   78.7 |   81.1 |   74.1 |   78.1 |   81.1 |   52.3 |   46.4 |   46.0 |   50.5 |   56.2 |   47.2 |   51.8 |   45.9 |   58.4 |   56.2 |   68.2 |   68.5 |   81.2 |   83.1 |   84.5 |   85.4 |   72.6 |   72.9 |   66.1 |   63.6
  10% |   88.8 |   85.5 |   88.8 |   89.8 |   95.5 |   85.4 |   90.0 |   92.5 |   67.2 |   57.8 |   57.7 |   61.7 |   68.1 |   59.3 |   63.4 |   57.4 |   70.4 |   67.6 |   79.1 |   80.2 |   92.5 |   94.0 |   95.9 |   95.6 |   84.4 |   84.3 |   78.2 |   75.3
  15% |   96.7 |   94.4 |   96.7 |   97.4 |  100.0 |   94.4 |   98.0 |  100.0 |   82.8 |   70.7 |   71.0 |   73.8 |   80.6 |   73.6 |   75.8 |   70.8 |   82.9 |   79.8 |   88.9 |   90.6 |   99.1 |   99.7 |   99.9 |   99.4 |   93.8 |   93.5 |   89.2 |   86.6
  20% |   99.3 |   97.9 |   99.2 |   99.6 |  100.0 |   98.0 |   99.9 |  100.0 |   91.2 |   79.1 |   79.7 |   81.5 |   87.7 |   82.7 |   83.3 |   79.2 |   89.8 |   86.9 |   94.0 |   95.5 |  100.0 |  100.0 |  100.0 |   99.9 |   97.6 |   97.5 |   94.3 |   92.4
  25% |   99.9 |   99.3 |   99.8 |   99.9 |  100.0 |   99.4 |  100.0 |  100.0 |   95.6 |   84.9 |   85.6 |   86.6 |   92.1 |   88.6 |   88.1 |   84.7 |   93.8 |   91.3 |   96.7 |   98.0 |  100.0 |  100.0 |  100.0 |  100.0 |   99.1 |   99.2 |   96.9 |   95.6
  30% |  100.0 |   99.8 |  100.0 |  100.0 |  100.0 |   99.8 |  100.0 |  100.0 |   98.0 |   88.9 |   89.7 |   90.3 |   94.8 |   92.4 |   91.3 |   88.5 |   96.2 |   94.2 |   98.3 |   99.2 |  100.0 |  100.0 |  100.0 |  100.0 |   99.6 |   99.8 |   98.3 |   97.4
  40% |  100.0 |   99.9 |  100.0 |  100.0 |  100.0 |  100.0 |  100.0 |  100.0 |   99.7 |   94.2 |   94.9 |   94.9 |   97.8 |   96.7 |   95.3 |   93.4 |   98.7 |   97.4 |   99.6 |   99.9 |  100.0 |  100.0 |  100.0 |  100.0 |   99.9 |  100.0 |   99.5 |   99.1
  50% |  100.0 |  100.0 |  100.0 |  100.0 |  100.0 |  100.0 |  100.0 |  100.0 |   99.9 |   97.1 |   97.7 |   97.5 |   99.1 |   98.6 |   97.5 |   96.3 |   99.6 |   98.9 |   99.9 |  100.0 |  100.0 |  100.0 |  100.0 |  100.0 |  100.0 |  100.0 |   99.8 |   99.7
  60% |  100.0 |  100.0 |  100.0 |  100.0 |  100.0 |  100.0 |  100.0 |  100.0 |  100.0 |   98.7 |   99.1 |   98.9 |   99.7 |   99.5 |   98.8 |   98.0 |   99.9 |   99.6 |  100.0 |  100.0 |  100.0 |  100.0 |  100.0 |  100.0 |  100.0 |  100.0 |  100.0 |   99.9
  75% |  100.0 |  100.0 |  100.0 |  100.0 |  100.0 |  100.0 |  100.0 |  100.0 |  100.0 |   99.8 |   99.9 |   99.8 |  100.0 |   99.9 |   99.7 |   99.4 |  100.0 |   99.9 |  100.0 |  100.0 |  100.0 |  100.0 |  100.0 |  100.0 |  100.0 |  100.0 |  100.0 |  100.0
 100% |  100.0 |  100.0 |  100.0 |  100.0 |  100.0 |  100.0 |  100.0 |  100.0 |  100.0 |  100.0 |  100.0 |  100.0 |  100.0 |  100.0 |  100.0 |  100.0 |  100.0 |  100.0 |  100.0 |  100.0 |  100.0 |  100.0 |  100.0 |  100.0 |  100.0 |  100.0 |  100.0 |  100.0
wrote 2 plots to <WORKDIR>/runs/_hotset_v32_32768
