glm5_ruler_niah_single_2_131072_s00: ctx=131072 pool~130806  A@99=5.1% (range 2.0-9.0)  A@99.9=5.4%  B(p99/99%)=5.4%  distinct=5.4%
glm5_ruler_niah_single_2_131072_s01: ctx=131072 pool~130809  A@99=5.0% (range 2.0-9.0)  A@99.9=5.3%  B(p99/99%)=5.3%  distinct=5.3%
glm5_ruler_niah_single_2_131072_s02: ctx=131072 pool~130864  A@99=9.2% (range 2.4-18.4)  A@99.9=10.2%  B(p99/99%)=10.3%  distinct=10.3%
glm5_ruler_niah_single_2_131072_s03: ctx=131072 pool~130226  A@99=5.4% (range 2.0-10.2)  A@99.9=5.8%  B(p99/99%)=5.8%  distinct=5.8%
glm5_ruler_qa_1_131072_s00: ctx=131072 pool~132305  A@99=2.5% (range 1.7-3.7)  A@99.9=2.6%  B(p99/99%)=2.6%  distinct=2.6%
glm5_ruler_qa_1_131072_s01: ctx=131072 pool~131342  A@99=4.9% (range 2.0-8.9)  A@99.9=5.1%  B(p99/99%)=5.1%  distinct=5.1%
glm5_ruler_qa_1_131072_s02: ctx=131072 pool~132597  A@99=3.7% (range 1.9-5.3)  A@99.9=3.8%  B(p99/99%)=3.8%  distinct=3.8%
glm5_ruler_qa_1_131072_s03: ctx=131072 pool~133448  A@99=2.9% (range 1.8-3.9)  A@99.9=2.9%  B(p99/99%)=2.9%  distinct=2.9%
glm5_lb2_single-document_131072_s00: ctx=131072 pool~75256  A@99=5.8% (range 3.1-8.4)  A@99.9=6.1%  B(p99/99%)=6.1%  distinct=6.1%
glm5_lb2_code_131072_s01: ctx=131072 pool~117379  A@99=3.6% (range 2.0-5.4)  A@99.9=3.8%  B(p99/99%)=3.8%  distinct=3.8%
glm5_lb2_long_131072_s02: ctx=131072 pool~127059  A@99=3.6% (range 1.9-5.7)  A@99.9=3.7%  B(p99/99%)=3.7%  distinct=3.7%
glm5_lb2_long_131072_s03: ctx=131072 pool~132990  A@99=3.4% (range 2.0-5.5)  A@99.9=3.5%  B(p99/99%)=3.5%  distinct=3.5%
glm5_ib_passkey_131072_s00: ctx=131072 pool~125349  A@99=2.8% (range 2.0-4.4)  A@99.9=2.9%  B(p99/99%)=2.9%  distinct=2.9%
glm5_ib_number_string_131072_s00: ctx=131072 pool~125359  A@99=3.3% (range 2.1-5.4)  A@99.9=3.4%  B(p99/99%)=3.4%  distinct=3.4%
glm5_ib_longbook_choice_eng_131072_s00: ctx=131072 pool~119278  A@99=2.5% (range 1.9-3.2)  A@99.9=2.6%  B(p99/99%)=2.6%  distinct=2.6%
glm5_ib_longbook_qa_eng_131072_s00: ctx=131072 pool~72709  A@99=11.2% (range 3.7-22.6)  A@99.9=12.2%  B(p99/99%)=12.3%  distinct=12.3%
glm5_ib_longbook_qa_eng_131072_ld00: ctx=131072 pool~102897  A@99=24.1% (range 5.8-70.1)  A@99.9=34.9%  B(p99/99%)=35.4%  distinct=38.8%
glm5_ib_longbook_qa_eng_131072_ld01: ctx=131072 pool~128938  A@99=21.9% (range 5.0-66.3)  A@99.9=32.1%  B(p99/99%)=32.5%  distinct=35.3%
glm5_ib_longbook_sum_eng_131072_ld00: ctx=131072 pool~132049  A@99=20.9% (range 5.5-65.8)  A@99.9=29.8%  B(p99/99%)=29.8%  distinct=32.9%
glm5_ib_longbook_sum_eng_131072_ld01: ctx=131072 pool~131012  A@99=20.9% (range 5.7-66.9)  A@99.9=29.9%  B(p99/99%)=29.8%  distinct=33.0%
glm5_ib_longbook_sum_eng_131072_ld02: ctx=131072 pool~129681  A@99=21.4% (range 5.2-67.5)  A@99.9=30.7%  B(p99/99%)=30.8%  distinct=33.8%
glm5_ib_longbook_sum_eng_131072_ld03: ctx=131072 pool~78046  A@99=28.7% (range 7.9-73.9)  A@99.9=40.1%  B(p99/99%)=39.8%  distinct=45.0%
glm5_ib_longbook_sum_eng_131072_ld04: ctx=131072 pool~131264  A@99=22.0% (range 5.8-65.4)  A@99.9=31.6%  B(p99/99%)=31.7%  distinct=34.7%
glm5_ib_longbook_sum_eng_131072_ld05: ctx=131072 pool~71209  A@99=30.1% (range 7.9-75.9)  A@99.9=41.8%  B(p99/99%)=41.3%  distinct=47.0%

=== coverage (% of top-k accesses) vs hot-set budget (% of candidate pool), mean over CSA layers ===
pool% |   128K |   128K |   128K |   128K |   128K |   128K |   128K |   128K |   128K |   128K |   128K |   128K |   128K |   128K |   128K |   128K |   128K |   128K |   128K |   128K |   128K |   128K |   128K |   128K
   1% |   53.1 |   54.0 |   46.8 |   52.7 |   58.2 |   52.8 |   54.4 |   56.1 |   35.9 |   53.7 |   55.5 |   58.0 |   57.1 |   55.3 |   56.7 |   31.7 |   35.0 |   40.8 |   40.7 |   40.6 |   40.1 |   28.0 |   39.7 |   25.9
   2% |   78.4 |   79.8 |   68.9 |   77.8 |   87.2 |   78.4 |   81.4 |   85.0 |   64.1 |   83.5 |   84.0 |   85.7 |   88.3 |   85.1 |   88.5 |   54.2 |   55.1 |   61.3 |   62.0 |   61.5 |   61.1 |   46.0 |   59.9 |   43.0
   3% |   89.2 |   90.3 |   80.2 |   88.7 |   98.9 |   89.3 |   93.0 |   96.9 |   80.9 |   94.6 |   94.5 |   95.5 |   98.3 |   96.3 |   99.8 |   68.7 |   67.7 |   72.5 |   73.6 |   72.9 |   72.5 |   58.7 |   71.2 |   55.3
   5% |   97.3 |   97.6 |   90.6 |   96.7 |  100.0 |   97.2 |   99.7 |  100.0 |   95.2 |   99.9 |   99.8 |   99.9 |  100.0 |   99.9 |  100.0 |   84.0 |   80.7 |   83.3 |   84.2 |   83.6 |   83.2 |   74.0 |   82.3 |   70.7
   7% |   99.5 |   99.6 |   95.1 |   99.1 |  100.0 |   99.6 |  100.0 |  100.0 |   99.3 |  100.0 |  100.0 |  100.0 |  100.0 |  100.0 |  100.0 |   91.2 |   86.6 |   88.3 |   89.0 |   88.7 |   88.2 |   81.7 |   87.7 |   79.1
  10% |  100.0 |  100.0 |   98.0 |  100.0 |  100.0 |  100.0 |  100.0 |  100.0 |  100.0 |  100.0 |  100.0 |  100.0 |  100.0 |  100.0 |  100.0 |   96.3 |   91.3 |   92.4 |   92.9 |   92.8 |   92.4 |   87.8 |   92.1 |   86.1
  15% |  100.0 |  100.0 |   99.7 |  100.0 |  100.0 |  100.0 |  100.0 |  100.0 |  100.0 |  100.0 |  100.0 |  100.0 |  100.0 |  100.0 |  100.0 |   99.2 |   95.2 |   95.8 |   96.1 |   96.1 |   95.8 |   92.9 |   95.8 |   92.0
  20% |  100.0 |  100.0 |  100.0 |  100.0 |  100.0 |  100.0 |  100.0 |  100.0 |  100.0 |  100.0 |  100.0 |  100.0 |  100.0 |  100.0 |  100.0 |   99.9 |   97.1 |   97.5 |   97.7 |   97.7 |   97.5 |   95.6 |   97.6 |   95.1
  25% |  100.0 |  100.0 |  100.0 |  100.0 |  100.0 |  100.0 |  100.0 |  100.0 |  100.0 |  100.0 |  100.0 |  100.0 |  100.0 |  100.0 |  100.0 |  100.0 |   98.2 |   98.5 |   98.6 |   98.6 |   98.5 |   97.2 |   98.6 |   96.8
  30% |  100.0 |  100.0 |  100.0 |  100.0 |  100.0 |  100.0 |  100.0 |  100.0 |  100.0 |  100.0 |  100.0 |  100.0 |  100.0 |  100.0 |  100.0 |  100.0 |   98.9 |   99.0 |   99.1 |   99.1 |   99.1 |   98.1 |   99.1 |   97.9
  40% |  100.0 |  100.0 |  100.0 |  100.0 |  100.0 |  100.0 |  100.0 |  100.0 |  100.0 |  100.0 |  100.0 |  100.0 |  100.0 |  100.0 |  100.0 |  100.0 |   99.5 |   99.6 |   99.7 |   99.6 |   99.6 |   99.2 |   99.7 |   99.1
  50% |  100.0 |  100.0 |  100.0 |  100.0 |  100.0 |  100.0 |  100.0 |  100.0 |  100.0 |  100.0 |  100.0 |  100.0 |  100.0 |  100.0 |  100.0 |  100.0 |   99.8 |   99.8 |   99.9 |   99.9 |   99.9 |   99.7 |   99.9 |   99.6
  60% |  100.0 |  100.0 |  100.0 |  100.0 |  100.0 |  100.0 |  100.0 |  100.0 |  100.0 |  100.0 |  100.0 |  100.0 |  100.0 |  100.0 |  100.0 |  100.0 |   99.9 |   99.9 |  100.0 |  100.0 |  100.0 |   99.9 |  100.0 |   99.8
  75% |  100.0 |  100.0 |  100.0 |  100.0 |  100.0 |  100.0 |  100.0 |  100.0 |  100.0 |  100.0 |  100.0 |  100.0 |  100.0 |  100.0 |  100.0 |  100.0 |  100.0 |  100.0 |  100.0 |  100.0 |  100.0 |  100.0 |  100.0 |  100.0
 100% |  100.0 |  100.0 |  100.0 |  100.0 |  100.0 |  100.0 |  100.0 |  100.0 |  100.0 |  100.0 |  100.0 |  100.0 |  100.0 |  100.0 |  100.0 |  100.0 |  100.0 |  100.0 |  100.0 |  100.0 |  100.0 |  100.0 |  100.0 |  100.0
wrote 2 plots to <WORKDIR>/runs/_hotset_glm5_131072
