v32_ruler_niah_single_2_65536_s00: ctx=65536 pool~65416  A@99=9.4% (range 3.5-19.3)  A@99.9=10.0%  B(p99/99%)=10.1%  distinct=10.1%
v32_ruler_niah_single_2_65536_s01: ctx=65536 pool~65444  A@99=11.9% (range 3.6-28.9)  A@99.9=13.4%  B(p99/99%)=13.4%  distinct=13.5%
v32_ruler_niah_single_2_65536_s02: ctx=65536 pool~65410  A@99=9.2% (range 3.5-18.5)  A@99.9=9.7%  B(p99/99%)=9.7%  distinct=9.8%
v32_ruler_niah_single_2_65536_s03: ctx=65536 pool~65413  A@99=9.4% (range 3.5-18.4)  A@99.9=9.9%  B(p99/99%)=10.0%  distinct=10.0%
v32_ruler_qa_1_65536_s00: ctx=65536 pool~64501  A@99=5.4% (range 3.4-7.3)  A@99.9=5.5%  B(p99/99%)=5.5%  distinct=5.5%
v32_ruler_qa_1_65536_s01: ctx=65536 pool~63693  A@99=11.1% (range 3.7-27.3)  A@99.9=12.0%  B(p99/99%)=12.1%  distinct=12.1%
v32_ruler_qa_1_65536_s02: ctx=65536 pool~62882  A@99=8.1% (range 3.6-13.0)  A@99.9=8.4%  B(p99/99%)=8.4%  distinct=8.4%
v32_ruler_qa_1_65536_s03: ctx=65536 pool~64088  A@99=6.1% (range 3.4-8.1)  A@99.9=6.2%  B(p99/99%)=6.2%  distinct=6.2%
v32_lb1_gov_report_65536_s00: ctx=65536 pool~43982  A@99=37.2% (range 9.2-76.1)  A@99.9=48.0%  B(p99/99%)=48.4%  distinct=50.4%
v32_lb1_gov_report_65536_s01: ctx=65536 pool~52021  A@99=33.7% (range 4.9-76.0)  A@99.9=43.3%  B(p99/99%)=43.5%  distinct=45.3%
v32_lb1_gov_report_65536_s02: ctx=65536 pool~41321  A@99=34.5% (range 8.8-72.7)  A@99.9=45.5%  B(p99/99%)=45.7%  distinct=48.0%
v32_lb2_single-document_65536_s00: ctx=65536 pool~62962  A@99=9.0% (range 3.7-17.6)  A@99.9=9.5%  B(p99/99%)=9.5%  distinct=9.5%
v32_lb2_long-dialogue_65536_s01: ctx=65536 pool~39293  A@99=18.1% (range 6.9-37.6)  A@99.9=22.5%  B(p99/99%)=22.8%  distinct=23.2%
v32_lb2_multi-document_65536_s02: ctx=65536 pool~50731  A@99=8.3% (range 4.1-13.3)  A@99.9=8.6%  B(p99/99%)=8.6%  distinct=8.6%
v32_lb2_code_65536_s03: ctx=65536 pool~63221  A@99=6.4% (range 4.2-10.7)  A@99.9=6.7%  B(p99/99%)=6.7%  distinct=6.7%
v32_ib_passkey_65536_s00: ctx=65536 pool~62964  A@99=5.7% (range 4.7-10.2)  A@99.9=5.9%  B(p99/99%)=5.9%  distinct=5.9%
v32_ib_number_string_65536_s00: ctx=65536 pool~62970  A@99=6.5% (range 4.3-15.2)  A@99.9=6.9%  B(p99/99%)=6.9%  distinct=6.9%
v32_ib_longbook_choice_eng_65536_s00: ctx=65536 pool~63009  A@99=11.2% (range 3.7-33.0)  A@99.9=12.4%  B(p99/99%)=12.4%  distinct=12.5%
v32_ib_longbook_qa_eng_65536_s00: ctx=65536 pool~62992  A@99=12.3% (range 3.7-31.9)  A@99.9=13.4%  B(p99/99%)=13.5%  distinct=13.5%
v32_ib_longbook_qa_eng_65536_ld00: ctx=65536 pool~64995  A@99=20.9% (range 5.8-47.1)  A@99.9=31.4%  B(p99/99%)=32.5%  distinct=36.7%
v32_ib_longbook_qa_eng_65536_ld01: ctx=65536 pool~64995  A@99=23.2% (range 5.2-38.2)  A@99.9=34.7%  B(p99/99%)=35.5%  distinct=40.2%
v32_ib_longbook_sum_eng_65536_ld00: ctx=65536 pool~65176  A@99=25.1% (range 5.5-67.4)  A@99.9=36.4%  B(p99/99%)=37.1%  distinct=41.8%
v32_ib_longbook_sum_eng_65536_ld01: ctx=65536 pool~65177  A@99=24.7% (range 5.7-64.6)  A@99.9=36.2%  B(p99/99%)=37.2%  distinct=41.6%
v32_ib_longbook_sum_eng_65536_ld02: ctx=65536 pool~65177  A@99=26.8% (range 5.4-66.7)  A@99.9=38.3%  B(p99/99%)=39.0%  distinct=43.8%
v32_ib_longbook_sum_eng_65536_ld03: ctx=65536 pool~65177  A@99=27.0% (range 5.3-66.6)  A@99.9=38.7%  B(p99/99%)=39.3%  distinct=44.1%
v32_ib_longbook_sum_eng_65536_ld04: ctx=65536 pool~65176  A@99=21.4% (range 5.2-62.2)  A@99.9=31.4%  B(p99/99%)=31.7%  distinct=36.5%
v32_ib_longbook_sum_eng_65536_ld05: ctx=65536 pool~65176  A@99=29.0% (range 5.7-69.4)  A@99.9=40.8%  B(p99/99%)=41.3%  distinct=46.3%

=== coverage (% of top-k accesses) vs hot-set budget (% of candidate pool), mean over CSA layers ===
pool% |    64K |    64K |    64K |    64K |    64K |    64K |    64K |    64K |    64K |    64K |    64K |    64K |    64K |    64K |    64K |    64K |    64K |    64K |    64K |    64K |    64K |    64K |    64K |    64K |    64K |    64K |    64K
   1% |   30.6 |   30.2 |   30.5 |   30.6 |   30.6 |   29.1 |   29.1 |   30.0 |   19.1 |   21.6 |   18.6 |   29.8 |   18.9 |   24.5 |   30.6 |   30.5 |   30.5 |   28.9 |   28.8 |   26.2 |   26.7 |   25.9 |   26.4 |   24.9 |   25.9 |   26.7 |   24.6
   2% |   55.1 |   53.3 |   54.8 |   55.2 |   55.5 |   52.0 |   52.3 |   54.2 |   33.4 |   36.9 |   33.6 |   53.9 |   36.1 |   47.5 |   58.4 |   57.8 |   57.4 |   51.2 |   51.1 |   44.1 |   44.7 |   44.1 |   44.9 |   41.4 |   43.2 |   46.0 |   41.5
   3% |   71.6 |   68.9 |   71.3 |   71.7 |   73.2 |   68.0 |   68.8 |   72.1 |   44.4 |   48.1 |   45.3 |   70.5 |   50.6 |   65.9 |   77.9 |   78.5 |   76.6 |   66.9 |   66.5 |   57.5 |   57.3 |   57.5 |   58.2 |   53.7 |   55.8 |   59.9 |   53.8
   5% |   87.7 |   85.0 |   87.6 |   87.7 |   93.2 |   84.5 |   86.7 |   89.9 |   59.4 |   62.9 |   61.4 |   87.3 |   70.9 |   86.9 |   94.0 |   95.2 |   93.9 |   83.9 |   82.7 |   74.7 |   72.9 |   74.0 |   74.2 |   69.9 |   71.8 |   76.5 |   69.3
   7% |   94.4 |   92.1 |   94.4 |   94.4 |   99.8 |   92.0 |   94.5 |   98.5 |   68.8 |   71.8 |   71.2 |   94.5 |   82.4 |   95.2 |   98.9 |   99.5 |   98.6 |   91.8 |   90.4 |   84.4 |   82.1 |   82.8 |   83.0 |   79.3 |   80.8 |   85.1 |   78.3
  10% |   98.4 |   96.9 |   98.4 |   98.3 |  100.0 |   97.0 |   99.1 |  100.0 |   77.8 |   80.2 |   80.4 |   98.7 |   91.3 |   99.6 |   99.9 |  100.0 |   99.7 |   97.0 |   95.9 |   91.8 |   89.8 |   89.9 |   90.0 |   87.3 |   88.2 |   91.8 |   86.1
  15% |   99.8 |   99.3 |   99.9 |   99.8 |  100.0 |   99.4 |  100.0 |  100.0 |   86.4 |   88.0 |   88.7 |   99.9 |   97.2 |  100.0 |  100.0 |  100.0 |  100.0 |   99.4 |   99.0 |   96.8 |   95.7 |   95.2 |   95.3 |   93.7 |   94.0 |   96.6 |   92.7
  20% |  100.0 |   99.8 |  100.0 |  100.0 |  100.0 |   99.8 |  100.0 |  100.0 |   91.3 |   92.4 |   93.1 |  100.0 |   99.1 |  100.0 |  100.0 |  100.0 |  100.0 |   99.8 |   99.8 |   98.6 |   98.0 |   97.4 |   97.6 |   96.6 |   96.7 |   98.4 |   95.8
  25% |  100.0 |   99.9 |  100.0 |  100.0 |  100.0 |   99.9 |  100.0 |  100.0 |   94.4 |   95.1 |   95.6 |  100.0 |   99.8 |  100.0 |  100.0 |  100.0 |  100.0 |   99.9 |   99.9 |   99.3 |   99.0 |   98.6 |   98.7 |   98.1 |   98.1 |   99.2 |   97.5
  30% |  100.0 |  100.0 |  100.0 |  100.0 |  100.0 |  100.0 |  100.0 |  100.0 |   96.4 |   96.8 |   97.2 |  100.0 |   99.9 |  100.0 |  100.0 |  100.0 |  100.0 |   99.9 |  100.0 |   99.7 |   99.5 |   99.2 |   99.2 |   98.9 |   98.9 |   99.6 |   98.4
  40% |  100.0 |  100.0 |  100.0 |  100.0 |  100.0 |  100.0 |  100.0 |  100.0 |   98.5 |   98.8 |   98.9 |  100.0 |  100.0 |  100.0 |  100.0 |  100.0 |  100.0 |  100.0 |  100.0 |   99.9 |   99.9 |   99.7 |   99.7 |   99.6 |   99.6 |   99.9 |   99.4
  50% |  100.0 |  100.0 |  100.0 |  100.0 |  100.0 |  100.0 |  100.0 |  100.0 |   99.5 |   99.6 |   99.6 |  100.0 |  100.0 |  100.0 |  100.0 |  100.0 |  100.0 |  100.0 |  100.0 |  100.0 |  100.0 |   99.9 |   99.9 |   99.8 |   99.9 |  100.0 |   99.8
  60% |  100.0 |  100.0 |  100.0 |  100.0 |  100.0 |  100.0 |  100.0 |  100.0 |   99.9 |   99.9 |   99.9 |  100.0 |  100.0 |  100.0 |  100.0 |  100.0 |  100.0 |  100.0 |  100.0 |  100.0 |  100.0 |  100.0 |  100.0 |   99.9 |  100.0 |  100.0 |   99.9
  75% |  100.0 |  100.0 |  100.0 |  100.0 |  100.0 |  100.0 |  100.0 |  100.0 |  100.0 |  100.0 |  100.0 |  100.0 |  100.0 |  100.0 |  100.0 |  100.0 |  100.0 |  100.0 |  100.0 |  100.0 |  100.0 |  100.0 |  100.0 |  100.0 |  100.0 |  100.0 |  100.0
 100% |  100.0 |  100.0 |  100.0 |  100.0 |  100.0 |  100.0 |  100.0 |  100.0 |  100.0 |  100.0 |  100.0 |  100.0 |  100.0 |  100.0 |  100.0 |  100.0 |  100.0 |  100.0 |  100.0 |  100.0 |  100.0 |  100.0 |  100.0 |  100.0 |  100.0 |  100.0 |  100.0
wrote 2 plots to <WORKDIR>/runs/_hotset_v32_65536
