v32_ruler_niah_single_2_8192_s00: ctx=8192 pool~8066  A@99=45.9% (range 36.5-66.6)  A@99.9=50.4%  B(p99/99%)=50.6%  distinct=50.9%
v32_ruler_niah_single_2_8192_s01: ctx=8192 pool~7479  A@99=50.7% (range 39.3-69.8)  A@99.9=55.8%  B(p99/99%)=56.1%  distinct=56.4%
v32_ruler_niah_single_2_8192_s02: ctx=8192 pool~8071  A@99=46.5% (range 36.2-67.7)  A@99.9=51.3%  B(p99/99%)=51.5%  distinct=51.8%
v32_ruler_niah_single_2_8192_s03: ctx=8192 pool~8068  A@99=48.0% (range 36.6-67.1)  A@99.9=52.5%  B(p99/99%)=52.7%  distinct=53.0%
v32_ruler_qa_1_8192_s00: ctx=8192 pool~8150  A@99=51.7% (range 30.6-66.4)  A@99.9=58.7%  B(p99/99%)=58.8%  distinct=59.5%
v32_ruler_qa_1_8192_s01: ctx=8192 pool~8163  A@99=51.0% (range 31.1-73.7)  A@99.9=57.5%  B(p99/99%)=57.7%  distinct=58.3%
v32_ruler_qa_1_8192_s02: ctx=8192 pool~6467  A@99=56.7% (range 41.8-68.0)  A@99.9=61.3%  B(p99/99%)=61.4%  distinct=61.7%
v32_ruler_qa_1_8192_s03: ctx=8192 pool~6485  A@99=46.3% (range 39.3-54.6)  A@99.9=47.5%  B(p99/99%)=47.2%  distinct=47.6%
v32_lb1_gov_report_8192_s00: ctx=8192 pool~5096  A@99=85.4% (range 50.4-93.0)  A@99.9=94.1%  B(p99/99%)=92.6%  distinct=98.3%
v32_lb1_gov_report_8192_s01: ctx=8192 pool~4675  A@99=86.1% (range 53.0-93.5)  A@99.9=94.6%  B(p99/99%)=93.4%  distinct=98.8%
v32_lb1_qmsum_8192_s02: ctx=8192 pool~5064  A@99=63.3% (range 47.5-79.6)  A@99.9=71.8%  B(p99/99%)=72.2%  distinct=73.1%
v32_lb1_multi_news_8192_s03: ctx=8192 pool~5199  A@99=83.0% (range 52.6-93.0)  A@99.9=92.6%  B(p99/99%)=91.5%  distinct=97.6%
v32_lb1_multi_news_8192_ld00: ctx=8192 pool~6765  A@99=84.5% (range 48.1-94.3)  A@99.9=94.1%  B(p99/99%)=93.7%  distinct=99.2%
v32_lb1_multi_news_8192_ld01: ctx=8192 pool~6812  A@99=81.8% (range 48.5-94.2)  A@99.9=92.8%  B(p99/99%)=92.7%  distinct=99.0%
v32_lb1_qmsum_8192_ld02: ctx=8192 pool~7496  A@99=77.9% (range 46.6-92.1)  A@99.9=89.7%  B(p99/99%)=89.0%  distinct=97.7%
v32_lb1_qmsum_8192_ld03: ctx=8192 pool~7491  A@99=77.5% (range 44.4-92.1)  A@99.9=89.5%  B(p99/99%)=88.9%  distinct=97.7%
v32_lb1_gov_report_8192_ld04: ctx=8192 pool~7063  A@99=85.0% (range 44.2-92.9)  A@99.9=94.7%  B(p99/99%)=94.5%  distinct=99.3%
v32_lb1_multi_news_8192_ld05: ctx=8192 pool~6767  A@99=84.8% (range 49.3-93.8)  A@99.9=94.3%  B(p99/99%)=94.1%  distinct=99.4%
v32_lb2_single-document_8192_s00: ctx=8192 pool~5620  A@99=61.7% (range 48.0-77.2)  A@99.9=67.5%  B(p99/99%)=67.7%  distinct=68.2%
v32_lb2_long-dialogue_8192_s01: ctx=8192 pool~5683  A@99=69.8% (range 53.8-85.5)  A@99.9=80.5%  B(p99/99%)=79.3%  distinct=84.7%
v32_lb2_multi-document_8192_s02: ctx=8192 pool~5660  A@99=52.6% (range 46.2-64.0)  A@99.9=55.5%  B(p99/99%)=55.4%  distinct=55.8%
v32_lb2_code_8192_s03: ctx=8192 pool~5931  A@99=58.5% (range 45.4-73.3)  A@99.9=67.8%  B(p99/99%)=67.6%  distinct=70.0%
v32_ib_passkey_8192_s00: ctx=8192 pool~5620  A@99=49.2% (range 40.4-66.1)  A@99.9=51.2%  B(p99/99%)=51.0%  distinct=51.4%
v32_ib_number_string_8192_s00: ctx=8192 pool~5622  A@99=51.0% (range 41.1-70.7)  A@99.9=53.6%  B(p99/99%)=53.5%  distinct=53.9%
v32_ib_longbook_choice_eng_8192_s00: ctx=8192 pool~5665  A@99=59.2% (range 48.0-79.1)  A@99.9=67.6%  B(p99/99%)=67.4%  distinct=69.0%
v32_ib_longbook_qa_eng_8192_s00: ctx=8192 pool~5636  A@99=62.5% (range 49.3-85.5)  A@99.9=70.6%  B(p99/99%)=71.1%  distinct=71.6%
v32_ib_longbook_qa_eng_8192_ld00: ctx=8192 pool~7652  A@99=77.8% (range 48.9-90.0)  A@99.9=90.1%  B(p99/99%)=89.6%  distinct=98.0%
v32_ib_longbook_qa_eng_8192_ld01: ctx=8192 pool~7651  A@99=72.4% (range 49.0-89.7)  A@99.9=86.1%  B(p99/99%)=86.5%  distinct=95.8%

=== coverage (% of top-k accesses) vs hot-set budget (% of candidate pool), mean over CSA layers ===
pool% |     8K |     8K |     8K |     8K |     8K |     8K |     8K |     8K |     8K |     8K |     8K |     8K |     8K |     8K |     8K |     8K |     8K |     8K |     8K |     8K |     8K |     8K |     8K |     8K |     8K |     8K |     8K |     8K
   1% |    4.0 |    3.7 |    4.0 |    4.0 |    4.0 |    4.0 |    3.2 |    3.2 |    2.5 |    2.3 |    2.5 |    2.5 |    3.3 |    3.3 |    3.7 |    3.6 |    3.4 |    3.3 |    2.7 |    2.8 |    2.8 |    2.9 |    2.7 |    2.7 |    2.8 |    2.7 |    3.7 |    3.7
   2% |    7.9 |    7.3 |    7.9 |    7.9 |    8.0 |    8.0 |    6.3 |    6.3 |    5.0 |    4.6 |    4.9 |    5.1 |    6.5 |    6.5 |    7.2 |    7.2 |    6.7 |    6.4 |    5.5 |    5.6 |    5.5 |    5.8 |    5.5 |    5.5 |    5.5 |    5.5 |    7.3 |    7.3
   3% |   11.8 |   10.9 |   11.8 |   11.8 |   11.9 |   12.0 |    9.5 |    9.5 |    7.4 |    6.8 |    7.4 |    7.5 |    9.6 |    9.7 |   10.7 |   10.7 |    9.9 |    9.5 |    8.3 |    8.3 |    8.3 |    8.7 |    8.3 |    8.3 |    8.3 |    8.3 |   10.8 |   10.9
   5% |   19.7 |   18.3 |   19.7 |   19.7 |   19.8 |   19.9 |   15.8 |   15.8 |   12.3 |   11.3 |   12.4 |   12.4 |   15.4 |   15.7 |   17.4 |   17.3 |   15.9 |   15.3 |   13.7 |   13.9 |   13.8 |   14.5 |   13.7 |   13.7 |   13.8 |   13.8 |   17.2 |   17.5
   7% |   27.5 |   25.5 |   27.5 |   27.5 |   27.5 |   27.6 |   22.1 |   22.2 |   16.9 |   15.6 |   17.3 |   17.2 |   20.7 |   21.3 |   23.6 |   23.4 |   21.5 |   20.8 |   19.2 |   19.4 |   19.3 |   20.3 |   19.2 |   19.2 |   19.4 |   19.3 |   23.1 |   23.8
  10% |   39.1 |   36.2 |   39.0 |   38.9 |   38.6 |   38.8 |   31.3 |   31.6 |   23.7 |   22.0 |   24.7 |   24.2 |   28.0 |   28.9 |   32.0 |   31.9 |   29.0 |   28.1 |   27.4 |   27.4 |   27.6 |   28.9 |   27.4 |   27.4 |   27.6 |   27.5 |   31.2 |   32.5
  15% |   56.8 |   52.8 |   56.7 |   56.2 |   55.4 |   55.4 |   46.1 |   47.2 |   34.2 |   32.0 |   36.8 |   35.0 |   38.6 |   40.2 |   44.1 |   44.2 |   40.0 |   38.8 |   40.9 |   40.2 |   41.4 |   43.1 |   41.1 |   41.1 |   41.2 |   40.8 |   43.0 |   45.2
  20% |   71.5 |   66.8 |   71.2 |   70.4 |   69.2 |   69.0 |   59.4 |   61.1 |   43.8 |   41.2 |   48.6 |   44.9 |   47.8 |   49.9 |   54.2 |   54.4 |   49.5 |   48.0 |   53.4 |   51.8 |   55.0 |   56.1 |   54.6 |   54.5 |   54.1 |   53.4 |   53.0 |   56.1
  25% |   82.3 |   77.8 |   81.9 |   81.0 |   79.6 |   79.2 |   70.9 |   73.1 |   52.4 |   49.7 |   59.7 |   53.8 |   56.0 |   58.4 |   62.7 |   63.0 |   57.8 |   56.1 |   64.7 |   61.9 |   67.6 |   67.6 |   67.6 |   67.4 |   65.8 |   64.7 |   61.7 |   65.3
  30% |   89.6 |   85.7 |   89.2 |   88.3 |   86.8 |   86.5 |   80.0 |   82.5 |   60.1 |   57.4 |   69.9 |   61.6 |   63.2 |   65.8 |   69.8 |   70.1 |   65.0 |   63.3 |   74.2 |   70.6 |   78.4 |   76.9 |   79.0 |   78.6 |   75.7 |   74.3 |   69.1 |   73.0
  40% |   97.0 |   94.9 |   96.8 |   96.2 |   94.8 |   94.8 |   91.5 |   94.0 |   72.7 |   70.4 |   85.6 |   74.3 |   75.0 |   77.8 |   80.9 |   81.1 |   76.6 |   75.1 |   87.6 |   83.7 |   92.4 |   89.7 |   93.6 |   92.9 |   89.3 |   87.7 |   80.6 |   84.6
  50% |   99.5 |   98.7 |   99.4 |   99.2 |   98.3 |   98.3 |   97.0 |   99.5 |   82.2 |   80.6 |   94.3 |   83.7 |   83.9 |   86.4 |   88.8 |   88.9 |   85.0 |   83.9 |   95.0 |   91.8 |   98.2 |   96.3 |   98.7 |   98.3 |   96.1 |   94.9 |   88.7 |   91.9
  60% |  100.0 |   99.8 |   99.9 |   99.9 |   99.6 |   99.6 |   99.3 |  100.0 |   89.1 |   88.2 |   98.0 |   90.3 |   90.3 |   92.3 |   94.0 |   94.1 |   91.0 |   90.3 |   98.4 |   96.4 |   99.9 |   99.0 |   99.9 |   99.7 |   98.9 |   98.2 |   94.0 |   96.2
  75% |  100.0 |  100.0 |  100.0 |  100.0 |  100.0 |  100.0 |  100.0 |  100.0 |   95.9 |   95.7 |   99.8 |   96.5 |   96.4 |   97.4 |   98.3 |   98.3 |   96.6 |   96.4 |   99.9 |   99.3 |  100.0 |  100.0 |  100.0 |  100.0 |   99.9 |   99.8 |   98.2 |   99.0
 100% |  100.0 |  100.0 |  100.0 |  100.0 |  100.0 |  100.0 |  100.0 |  100.0 |  100.0 |  100.0 |  100.0 |  100.0 |  100.0 |  100.0 |  100.0 |  100.0 |  100.0 |  100.0 |  100.0 |  100.0 |  100.0 |  100.0 |  100.0 |  100.0 |  100.0 |  100.0 |  100.0 |  100.0
wrote 2 plots to <WORKDIR>/runs/_hotset_v32_8192
