glm5_ruler_niah_single_2_32768_s00: ctx=32768 pool~32578  A@99=16.9% (range 7.9-28.0)  A@99.9=18.2%  B(p99/99%)=18.3%  distinct=18.4%
glm5_ruler_niah_single_2_32768_s01: ctx=32768 pool~32581  A@99=15.9% (range 7.8-25.7)  A@99.9=17.3%  B(p99/99%)=17.3%  distinct=17.4%
glm5_ruler_niah_single_2_32768_s02: ctx=32768 pool~32578  A@99=16.5% (range 7.8-26.1)  A@99.9=17.8%  B(p99/99%)=17.8%  distinct=17.9%
glm5_ruler_niah_single_2_32768_s03: ctx=32768 pool~32575  A@99=15.9% (range 7.8-24.9)  A@99.9=17.1%  B(p99/99%)=17.2%  distinct=17.3%
glm5_ruler_qa_1_32768_s00: ctx=32768 pool~33295  A@99=9.5% (range 6.6-13.2)  A@99.9=9.7%  B(p99/99%)=9.7%  distinct=9.7%
glm5_ruler_qa_1_32768_s01: ctx=32768 pool~32223  A@99=13.2% (range 7.6-18.5)  A@99.9=13.7%  B(p99/99%)=13.7%  distinct=13.8%
glm5_ruler_qa_1_32768_s02: ctx=32768 pool~33026  A@99=12.6% (range 7.5-17.6)  A@99.9=13.1%  B(p99/99%)=13.1%  distinct=13.1%
glm5_ruler_qa_1_32768_s03: ctx=32768 pool~32678  A@99=10.5% (range 7.0-13.9)  A@99.9=10.7%  B(p99/99%)=10.7%  distinct=10.7%
glm5_lb1_qmsum_32768_s00: ctx=32768 pool~16533  A@99=35.1% (range 16.0-57.9)  A@99.9=41.1%  B(p99/99%)=41.6%  distinct=42.0%
glm5_lb1_gov_report_32768_s01: ctx=32768 pool~19199  A@99=50.9% (range 16.0-82.8)  A@99.9=63.0%  B(p99/99%)=61.7%  distinct=68.0%
glm5_lb1_gov_report_32768_s02: ctx=32768 pool~18807  A@99=49.2% (range 15.1-78.7)  A@99.9=60.9%  B(p99/99%)=59.7%  distinct=65.4%
glm5_lb1_gov_report_32768_s03: ctx=32768 pool~22339  A@99=46.6% (range 12.8-76.4)  A@99.9=57.5%  B(p99/99%)=56.5%  distinct=60.7%
glm5_lb1_qmsum_32768_ld00: ctx=32768 pool~27453  A@99=50.4% (range 12.7-87.7)  A@99.9=66.3%  B(p99/99%)=65.1%  distinct=75.5%
glm5_lb1_qmsum_32768_ld01: ctx=32768 pool~18517  A@99=52.0% (range 28.4-91.7)  A@99.9=67.2%  B(p99/99%)=66.2%  distinct=77.2%
glm5_lb1_gov_report_32768_ld02: ctx=32768 pool~24469  A@99=53.0% (range 14.1-88.0)  A@99.9=68.4%  B(p99/99%)=67.0%  distinct=77.5%
glm5_lb1_gov_report_32768_ld03: ctx=32768 pool~20225  A@99=57.7% (range 20.3-91.2)  A@99.9=72.1%  B(p99/99%)=70.5%  distinct=81.0%
glm5_lb1_qmsum_32768_ld04: ctx=32768 pool~27206  A@99=43.6% (range 20.9-88.3)  A@99.9=58.0%  B(p99/99%)=56.8%  distinct=67.0%
glm5_lb1_qmsum_32768_ld05: ctx=32768 pool~27455  A@99=50.1% (range 12.6-87.8)  A@99.9=66.1%  B(p99/99%)=65.0%  distinct=75.3%
glm5_lb2_single-document_32768_s00: ctx=32768 pool~29883  A@99=17.2% (range 8.2-26.8)  A@99.9=18.1%  B(p99/99%)=18.1%  distinct=18.2%
glm5_lb2_long-dialogue_32768_s01: ctx=32768 pool~29933  A@99=13.4% (range 7.8-18.6)  A@99.9=13.9%  B(p99/99%)=13.9%  distinct=14.0%
glm5_lb2_multi-document_32768_s02: ctx=32768 pool~30333  A@99=12.7% (range 7.9-18.1)  A@99.9=13.2%  B(p99/99%)=13.2%  distinct=13.3%
glm5_lb2_code_32768_s03: ctx=32768 pool~28035  A@99=13.0% (range 8.6-17.8)  A@99.9=13.6%  B(p99/99%)=13.5%  distinct=13.6%
glm5_ib_passkey_32768_s00: ctx=32768 pool~30199  A@99=10.4% (range 7.9-15.8)  A@99.9=10.7%  B(p99/99%)=10.6%  distinct=10.7%
glm5_ib_number_string_32768_s00: ctx=32768 pool~30203  A@99=11.7% (range 8.3-18.3)  A@99.9=12.2%  B(p99/99%)=12.2%  distinct=12.2%
glm5_ib_longbook_choice_eng_32768_s00: ctx=32768 pool~30314  A@99=22.3% (range 8.5-38.1)  A@99.9=24.7%  B(p99/99%)=24.8%  distinct=25.0%
glm5_ib_longbook_qa_eng_32768_s00: ctx=32768 pool~30568  A@99=21.6% (range 8.6-38.5)  A@99.9=23.9%  B(p99/99%)=24.0%  distinct=24.2%
glm5_ib_longbook_qa_eng_32768_ld00: ctx=32768 pool~32412  A@99=41.9% (range 11.2-86.8)  A@99.9=57.1%  B(p99/99%)=56.5%  distinct=65.8%
glm5_ib_longbook_qa_eng_32768_ld01: ctx=32768 pool~31709  A@99=44.5% (range 10.4-88.4)  A@99.9=60.3%  B(p99/99%)=59.6%  distinct=69.1%

=== coverage (% of top-k accesses) vs hot-set budget (% of candidate pool), mean over CSA layers ===
pool% |    32K |    32K |    32K |    32K |    32K |    32K |    32K |    32K |    32K |    32K |    32K |    32K |    32K |    32K |    32K |    32K |    32K |    32K |    32K |    32K |    32K |    32K |    32K |    32K |    32K |    32K |    32K |    32K
   1% |   15.8 |   15.9 |   15.9 |   15.9 |   16.3 |   15.7 |   16.0 |   15.9 |    8.0 |    8.9 |    8.8 |   10.2 |   12.0 |    8.5 |   10.6 |    8.9 |   12.0 |   12.0 |   14.5 |   14.6 |   14.8 |   13.7 |   14.7 |   14.7 |   14.4 |   14.6 |   13.9 |   13.6
   2% |   30.8 |   31.2 |   31.1 |   31.0 |   32.1 |   30.7 |   31.2 |   31.3 |   15.8 |   17.0 |   16.8 |   19.3 |   21.7 |   16.2 |   19.4 |   16.5 |   22.0 |   21.8 |   28.2 |   28.9 |   29.5 |   27.4 |   29.4 |   29.4 |   27.4 |   28.0 |   25.1 |   24.7
   3% |   44.2 |   45.0 |   44.6 |   44.7 |   46.7 |   44.4 |   45.2 |   45.6 |   23.3 |   24.4 |   24.1 |   27.3 |   30.0 |   23.1 |   27.2 |   23.1 |   30.7 |   30.0 |   40.5 |   42.4 |   43.5 |   40.7 |   43.8 |   43.4 |   38.9 |   39.9 |   34.6 |   34.2
   5% |   65.1 |   66.7 |   65.7 |   66.0 |   70.8 |   66.6 |   67.5 |   68.6 |   37.2 |   37.1 |   36.9 |   41.0 |   43.4 |   35.1 |   40.2 |   34.5 |   44.9 |   43.4 |   60.7 |   65.0 |   67.0 |   64.2 |   68.9 |   67.1 |   57.3 |   58.8 |   49.9 |   49.5
   7% |   78.5 |   80.3 |   79.1 |   79.6 |   85.2 |   81.0 |   81.9 |   84.4 |   49.3 |   47.6 |   47.5 |   51.8 |   53.7 |   45.1 |   50.7 |   43.9 |   56.0 |   53.7 |   74.7 |   80.3 |   82.5 |   80.8 |   85.8 |   83.3 |   70.2 |   71.8 |   61.4 |   61.0
  10% |   89.3 |   90.9 |   89.9 |   90.5 |   97.5 |   92.5 |   93.2 |   95.9 |   63.9 |   59.8 |   59.8 |   63.7 |   65.3 |   57.4 |   62.6 |   55.3 |   68.7 |   65.4 |   87.0 |   92.3 |   93.8 |   93.4 |   97.1 |   95.4 |   82.4 |   83.6 |   73.4 |   72.7
  15% |   96.7 |   97.6 |   97.1 |   97.6 |  100.0 |   99.0 |   99.3 |  100.0 |   79.7 |   73.2 |   73.4 |   76.1 |   77.7 |   72.4 |   75.7 |   69.1 |   81.7 |   77.8 |   96.0 |   99.0 |   99.5 |   99.4 |  100.0 |   99.7 |   92.4 |   93.1 |   84.5 |   83.6
  20% |   99.1 |   99.6 |   99.3 |   99.5 |  100.0 |  100.0 |  100.0 |  100.0 |   88.5 |   81.4 |   82.0 |   83.7 |   85.0 |   81.9 |   83.5 |   78.2 |   88.5 |   85.1 |   99.0 |  100.0 |  100.0 |  100.0 |  100.0 |  100.0 |   96.8 |   97.1 |   90.1 |   89.2
  25% |   99.9 |  100.0 |  100.0 |  100.0 |  100.0 |  100.0 |  100.0 |  100.0 |   93.5 |   86.9 |   87.6 |   88.6 |   89.5 |   87.9 |   88.3 |   84.2 |   92.4 |   89.6 |   99.9 |  100.0 |  100.0 |  100.0 |  100.0 |  100.0 |   98.7 |   98.9 |   93.4 |   92.5
  30% |  100.0 |  100.0 |  100.0 |  100.0 |  100.0 |  100.0 |  100.0 |  100.0 |   96.4 |   90.6 |   91.4 |   92.0 |   92.6 |   91.6 |   91.5 |   88.3 |   94.8 |   92.7 |  100.0 |  100.0 |  100.0 |  100.0 |  100.0 |  100.0 |   99.6 |   99.7 |   95.4 |   94.7
  40% |  100.0 |  100.0 |  100.0 |  100.0 |  100.0 |  100.0 |  100.0 |  100.0 |   99.0 |   95.2 |   95.9 |   96.1 |   96.2 |   95.7 |   95.4 |   93.5 |   97.4 |   96.3 |  100.0 |  100.0 |  100.0 |  100.0 |  100.0 |  100.0 |  100.0 |  100.0 |   97.7 |   97.2
  50% |  100.0 |  100.0 |  100.0 |  100.0 |  100.0 |  100.0 |  100.0 |  100.0 |   99.8 |   97.7 |   98.2 |   98.2 |   98.1 |   97.7 |   97.6 |   96.4 |   98.7 |   98.2 |  100.0 |  100.0 |  100.0 |  100.0 |  100.0 |  100.0 |  100.0 |  100.0 |   98.8 |   98.5
  60% |  100.0 |  100.0 |  100.0 |  100.0 |  100.0 |  100.0 |  100.0 |  100.0 |  100.0 |   99.0 |   99.3 |   99.3 |   99.1 |   98.8 |   98.8 |   98.2 |   99.3 |   99.1 |  100.0 |  100.0 |  100.0 |  100.0 |  100.0 |  100.0 |  100.0 |  100.0 |   99.4 |   99.2
  75% |  100.0 |  100.0 |  100.0 |  100.0 |  100.0 |  100.0 |  100.0 |  100.0 |  100.0 |   99.8 |   99.9 |   99.9 |   99.8 |   99.6 |   99.7 |   99.5 |   99.8 |   99.8 |  100.0 |  100.0 |  100.0 |  100.0 |  100.0 |  100.0 |  100.0 |  100.0 |   99.8 |   99.8
 100% |  100.0 |  100.0 |  100.0 |  100.0 |  100.0 |  100.0 |  100.0 |  100.0 |  100.0 |  100.0 |  100.0 |  100.0 |  100.0 |  100.0 |  100.0 |  100.0 |  100.0 |  100.0 |  100.0 |  100.0 |  100.0 |  100.0 |  100.0 |  100.0 |  100.0 |  100.0 |  100.0 |  100.0
wrote 2 plots to <WORKDIR>/runs/_hotset_glm5_32768
