=== 00:30:36 reanalyze rung 32768
=== 02:13:38 reanalyze done
=== 02:13:38 hotset for rung 32768
=== 02:23:13 sharding
[shard] <HOME>/00_sparse_attn/01_github/sparse_attn_cpu/docs/gpu_sweep/runs/v32_ruler_niah_single_2_32768_s00: 20 entries
[shard] <HOME>/00_sparse_attn/01_github/sparse_attn_cpu/docs/gpu_sweep/runs/v32_ruler_niah_single_2_32768_s01: 20 entries
[shard] <HOME>/00_sparse_attn/01_github/sparse_attn_cpu/docs/gpu_sweep/runs/v32_ruler_niah_single_2_32768_s02: 20 entries
[shard] <HOME>/00_sparse_attn/01_github/sparse_attn_cpu/docs/gpu_sweep/runs/v32_ruler_niah_single_2_32768_s03: 20 entries
[shard] <HOME>/00_sparse_attn/01_github/sparse_attn_cpu/docs/gpu_sweep/runs/v32_ruler_qa_1_32768_s00: 20 entries
[shard] <HOME>/00_sparse_attn/01_github/sparse_attn_cpu/docs/gpu_sweep/runs/v32_ruler_qa_1_32768_s01: 20 entries
[shard] <HOME>/00_sparse_attn/01_github/sparse_attn_cpu/docs/gpu_sweep/runs/v32_ruler_qa_1_32768_s02: 20 entries
[shard] <HOME>/00_sparse_attn/01_github/sparse_attn_cpu/docs/gpu_sweep/runs/v32_ruler_qa_1_32768_s03: 20 entries
[shard] <HOME>/00_sparse_attn/01_github/sparse_attn_cpu/docs/gpu_sweep/runs/v32_lb1_qmsum_32768_s00: 20 entries
[shard] <HOME>/00_sparse_attn/01_github/sparse_attn_cpu/docs/gpu_sweep/runs/v32_lb1_gov_report_32768_s01: 21 entries
[shard] <HOME>/00_sparse_attn/01_github/sparse_attn_cpu/docs/gpu_sweep/runs/v32_lb1_gov_report_32768_s02: 21 entries
[shard] <HOME>/00_sparse_attn/01_github/sparse_attn_cpu/docs/gpu_sweep/runs/v32_lb1_gov_report_32768_s03: 21 entries
[shard] <HOME>/00_sparse_attn/01_github/sparse_attn_cpu/docs/gpu_sweep/runs/v32_lb1_qmsum_32768_ld00: 26 entries
[shard] <HOME>/00_sparse_attn/01_github/sparse_attn_cpu/docs/gpu_sweep/runs/v32_lb1_qmsum_32768_ld01: 25 entries
[shard] <HOME>/00_sparse_attn/01_github/sparse_attn_cpu/docs/gpu_sweep/runs/v32_lb1_gov_report_32768_ld02: 26 entries
[shard] <HOME>/00_sparse_attn/01_github/sparse_attn_cpu/docs/gpu_sweep/runs/v32_lb1_gov_report_32768_ld03: 26 entries
[shard] <HOME>/00_sparse_attn/01_github/sparse_attn_cpu/docs/gpu_sweep/runs/v32_lb1_qmsum_32768_ld04: 26 entries
[shard] <HOME>/00_sparse_attn/01_github/sparse_attn_cpu/docs/gpu_sweep/runs/v32_lb1_qmsum_32768_ld05: 26 entries
[shard] <HOME>/00_sparse_attn/01_github/sparse_attn_cpu/docs/gpu_sweep/runs/v32_lb2_single-document_32768_s00: 20 entries
[shard] <HOME>/00_sparse_attn/01_github/sparse_attn_cpu/docs/gpu_sweep/runs/v32_lb2_long-dialogue_32768_s01: 20 entries
[shard] <HOME>/00_sparse_attn/01_github/sparse_attn_cpu/docs/gpu_sweep/runs/v32_lb2_multi-document_32768_s02: 20 entries
[shard] <HOME>/00_sparse_attn/01_github/sparse_attn_cpu/docs/gpu_sweep/runs/v32_lb2_code_32768_s03: 20 entries
[shard] <HOME>/00_sparse_attn/01_github/sparse_attn_cpu/docs/gpu_sweep/runs/v32_ib_passkey_32768_s00: 20 entries
[shard] <HOME>/00_sparse_attn/01_github/sparse_attn_cpu/docs/gpu_sweep/runs/v32_ib_number_string_32768_s00: 20 entries
[shard] <HOME>/00_sparse_attn/01_github/sparse_attn_cpu/docs/gpu_sweep/runs/v32_ib_longbook_choice_eng_32768_s00: 20 entries
[shard] <HOME>/00_sparse_attn/01_github/sparse_attn_cpu/docs/gpu_sweep/runs/v32_ib_longbook_qa_eng_32768_s00: 20 entries
[shard] <HOME>/00_sparse_attn/01_github/sparse_attn_cpu/docs/gpu_sweep/runs/v32_ib_longbook_qa_eng_32768_ld00: 26 entries
[shard] <HOME>/00_sparse_attn/01_github/sparse_attn_cpu/docs/gpu_sweep/runs/v32_ib_longbook_qa_eng_32768_ld01: 27 entries
=== 02:35:04 aggregate
wrote <HOME>/00_sparse_attn/01_github/sparse_attn_cpu/docs/gpu_sweep/R1_kv_locality.csv: 135 runs + 15 aggregates
wrote <HOME>/00_sparse_attn/01_github/sparse_attn_cpu/docs/gpu_sweep/R2_moe_locality.csv: 135 runs + 15 aggregates
wrote <HOME>/00_sparse_attn/01_github/sparse_attn_cpu/docs/gpu_sweep/R3_hotset_coverage.csv: 119 runs + 14 aggregates
rung   8192: n=n=28 adj_overlap=0.843 lift=2.56 recency=0.491
rung  16384: n=n=28 adj_overlap=0.790 lift=5.27 recency=0.385
rung  32768: n=n=28 adj_overlap=0.751 lift=10.19 recency=0.32
rung  65536: n=n=27 adj_overlap=0.741 lift=21.87 recency=0.302
rung 131072: n=n=24 adj_overlap=0.723 lift=41.49 recency=0.307
FINISH_RUNG_DONE
